******************************************************************************
                  TI ARM Linker PC v18.12.2                    
******************************************************************************
>> Linked Fri Jan 31 15:27:58 2020

OUTPUT FILE NAME:   <LAB2(a).out>
ENTRY POINT SYMBOL: "_c_int00_noargs"  address: 0000385d


MEMORY CONFIGURATION

         name            origin    length      used     unused   attr    fill
----------------------  --------  ---------  --------  --------  ----  --------
  FLASH                 00000000   00040000  00003c14  0003c3ec  R  X
  SRAM                  20000000   00008000  00002311  00005cef  RW X


SEGMENT ALLOCATION MAP

run origin  load origin   length   init length attrs members
----------  ----------- ---------- ----------- ----- -------
00000000    00000000    00003c18   00003c18    r-x
  00000000    00000000    0000026c   0000026c    r-- .intvecs
  0000026c    0000026c    00003840   00003840    r-x .text
  00003aac    00003aac    00000118   00000118    r-- .const
  00003bc8    00003bc8    00000050   00000050    r-- .cinit
20000000    20000000    00002315   00000000    rw-
  20000000    20000000    0000026c   00000000    rw- .vtable
  20000270    20000270    00001000   00000000    rw- .stack
  20001270    20001270    00001000   00000000    rw- .sysmem
  20002270    20002270    00000070   00000000    rw- .bss
  200022e0    200022e0    00000035   00000000    rw- .data


SECTION ALLOCATION MAP

 output                                  attributes/
section   page    origin      length       input sections
--------  ----  ----------  ----------   ----------------
.intvecs   0    00000000    0000026c     
                  00000000    0000026c     tm4c123gh6pm_startup_ccs.obj (.intvecs)

.text      0    0000026c    00003840     
                  0000026c    00000c20     open_interface.obj (.text)
                  00000e8c    00000a4e     rtsv7M4_T_le_v4SPD16_eabi.lib : _printfi.c.obj (.text:__TI_printfi)
                  000018da    00000002                                   : _lock.c.obj (.text:_nop)
                  000018dc    00000328     lcd.obj (.text)
                  00001c04    00000270     rtsv7M4_T_le_v4SPD16_eabi.lib : _printfi.c.obj (.text:_pconv_a)
                  00001e74    00000248     Timer.obj (.text)
                  000020bc    0000022c     main.obj (.text)
                  000022e8    0000021c     movement.obj (.text)
                  00002504    000001d0     rtsv7M4_T_le_v4SPD16_eabi.lib : _printfi.c.obj (.text:_pconv_g)
                  000026d4    000001b6                                   : fd_add_t2.asm.obj (.text)
                  0000288a    00000002                                   : div0.asm.obj (.text)
                  0000288c    0000013c                                   : _printfi.c.obj (.text:_pconv_e)
                  000029c8    00000136                                   : fd_div_t2.asm.obj (.text)
                  00002afe    00000002     --HOLE-- [fill = 0]
                  00002b00    00000124                                   : _printfi.c.obj (.text:fcvt)
                  00002c24    00000110                                   : s_scalbn.c.obj (.text:scalbn)
                  00002d34    000000fc                                   : fd_mul_t2.asm.obj (.text)
                  00002e30    000000f4                                   : memory.c.obj (.text:aligned_alloc)
                  00002f24    000000e8                                   : memory.c.obj (.text:free)
                  0000300c    000000b1                                   : _printfi.c.obj (.text:_ltostr)
                  000030bd    00000001     --HOLE-- [fill = 0]
                  000030be    0000009c                                   : memcpy_t2.asm.obj (.text)
                  0000315a    00000096                                   : ull_div_t2.asm.obj (.text)
                  000031f0    00000086                                   : fd_cmp_t2.asm.obj (.text:__aeabi_cdcmple)
                  00003276    00000086                                   : fd_cmp_t2.asm.obj (.text:__aeabi_cdrcmple)
                  000032fc    0000007c                                   : memory.c.obj (.text:split)
                  00003378    0000007a                                   : memset_t2.asm.obj (.text)
                  000033f2    0000006e                                   : _printfi.c.obj (.text:_mcpy)
                  00003460    0000006e                                   : fd_tos_t2.asm.obj (.text)
                  000034ce    00000068                                   : copy_decompress_lzss.c.obj (.text:decompress:lzss:__TI_decompress_lzss)
                  00003536    00000002     --HOLE-- [fill = 0]
                  00003538    00000064                                   : s_frexp.c.obj (.text:frexp)
                  0000359c    00000056                                   : _printfi.c.obj (.text:_pconv_f)
                  000035f2    00000054                                   : ltoa.c.obj (.text:ltoa)
                  00003646    00000052                                   : _printfi.c.obj (.text:_ecpy)
                  00003698    0000004c                                   : atoi.c.obj (.text:atoi)
                  000036e4    00000048                                   : fd_toi_t2.asm.obj (.text)
                  0000372c    00000044                                   : autoinit.c.obj (.text:__TI_auto_init_nobinit_nopinit:__TI_auto_init_nobinit_nopinit)
                  00003770    00000040                                   : vsnprintf.c.obj (.text:vsnprintf)
                  000037b0    0000003e                                   : _printfi.c.obj (.text:_fcpy)
                  000037ee    00000038                                   : fs_tod_t2.asm.obj (.text)
                  00003826    00000002     --HOLE-- [fill = 0]
                  00003828    00000034     driverlib.lib : interrupt.obj (.text:IntRegister)
                  0000385c    00000034     rtsv7M4_T_le_v4SPD16_eabi.lib : boot_cortex_m.c.obj (.text:_c_int00_noargs:_c_int00_noargs)
                  00003890    00000030                                   : vsnprintf.c.obj (.text:_outs)
                  000038c0    00000030                                   : memory.c.obj (.text:calloc)
                  000038f0    0000002e                                   : i_tofd_t2.asm.obj (.text)
                  0000391e    00000002     --HOLE-- [fill = 0]
                  00003920    00000028                                   : memory.c.obj (.text:free_list_insert)
                  00003948    0000001c                                   : copy_zero_init.c.obj (.text:decompress:ZI:__TI_zero_init_nomemset:__TI_zero_init_nomemset)
                  00003964    0000001c                                   : memory.c.obj (.text:free_list_remove)
                  00003980    0000001c                                   : memccpy.c.obj (.text:memccpy)
                  0000399c    0000001a                                   : s_copysign.c.obj (.text:copysign)
                  000039b6    00000018                                   : vsnprintf.c.obj (.text:_outc)
                  000039ce    00000018     open_interface.obj (.text:oi_parseInt)
                  000039e6    00000018     rtsv7M4_T_le_v4SPD16_eabi.lib : strcmp.c.obj (.text:strcmp)
                  000039fe    00000016                                   : strchr.c.obj (.text:strchr)
                  00003a14    00000014                                   : strcpy.c.obj (.text:strcpy)
                  00003a28    00000014                                   : strlen.c.obj (.text:strlen)
                  00003a3c    00000012                                   : wcslen.c.obj (.text:wcslen)
                  00003a4e    00000010     driverlib.lib : interrupt.obj (.text:IntMasterEnable)
                  00003a5e    00000010     lcd.obj (.text:lcd_clear)
                  00003a6e    0000000e     rtsv7M4_T_le_v4SPD16_eabi.lib : copy_decompress_none.c.obj (.text:decompress:none:__TI_decompress_none)
                  00003a7c    0000000c     driverlib.lib : cpu.obj (.text:CPUcpsie)
                  00003a88    0000000c     tm4c123gh6pm_startup_ccs.obj (.text)
                  00003a94    00000008     rtsv7M4_T_le_v4SPD16_eabi.lib : errno.c.obj (.text:__aeabi_errno_addr)
                  00003a9c    00000008                                   : memory.c.obj (.text:malloc)
                  00003aa4    00000004                                   : pre_init.c.obj (.text:_system_pre_init)
                  00003aa8    00000004                                   : exit.c.obj (.text:abort:abort)

.const     0    00003aac    00000118     
                  00003aac    00000101     rtsv7M4_T_le_v4SPD16_eabi.lib : ctype.c.obj (.const:.string:_ctypes_)
                  00003bad    0000000f     open_interface.obj (.const:.string:$P$T0$3)
                  00003bbc    00000004     lcd.obj (.const:.string:lineAddress$1)
                  00003bc0    00000004     lcd.obj (.const:.string:lineAddresses$2)

.cinit     0    00003bc8    00000050     
                  00003bc8    00000018     (.cinit..data.load) [load image, compression = lzss]
                  00003be0    0000000c     (__TI_handler_table)
                  00003bec    00000004     --HOLE-- [fill = 0]
                  00003bf0    00000008     (.cinit..bss.load) [load image, compression = zero_init]
                  00003bf8    00000008     (.cinit..vtable.load) [load image, compression = zero_init]
                  00003c00    00000018     (__TI_cinit_table)

.init_array 
*          0    00000000    00000000     UNINITIALIZED

.vtable    0    20000000    0000026c     UNINITIALIZED
                  20000000    0000026c     driverlib.lib : interrupt.obj (.vtable)

.stack     0    20000270    00001000     UNINITIALIZED
                  20000270    00000004     rtsv7M4_T_le_v4SPD16_eabi.lib : boot_cortex_m.c.obj (.stack)
                  20000274    00000ffc     --HOLE--

.sysmem    0    20001270    00001000     UNINITIALIZED
                  20001270    00000010     rtsv7M4_T_le_v4SPD16_eabi.lib : memory.c.obj (.sysmem)
                  20001280    00000ff0     --HOLE--

.bss       0    20002270    00000070     UNINITIALIZED
                  20002270    00000054     lcd.obj (.bss:lastbuffer$3)
                  200022c4    00000018     open_interface.obj (.bss:firmware$2)
                  200022dc    00000004     (.common:_timeout_ticks)

.data      0    200022e0    00000035     UNINITIALIZED
                  200022e0    00000020     open_interface.obj (.data)
                  20002300    00000008     rtsv7M4_T_le_v4SPD16_eabi.lib : _lock.c.obj (.data:$O1$$)
                  20002308    00000008                                   : memory.c.obj (.data:$O1$$)
                  20002310    00000004                                   : errno.c.obj (.data)
                  20002314    00000001     Timer.obj (.data)

MODULE SUMMARY

       Module                         code    ro data   rw data
       ------                         ----    -------   -------
    .\
       open_interface.obj             3128    15        56     
       lcd.obj                        824     8         84     
       tm4c123gh6pm_startup_ccs.obj   12      620       0      
       Timer.obj                      584     0         5      
       main.obj                       556     0         0      
       movement.obj                   540     0         0      
    +--+------------------------------+-------+---------+---------+
       Total:                         5644    643       145    
                                                               
    C:/ti/TivaWare_C_Series-2.1.4.178/driverlib/ccs/Debug/driverlib.lib
       interrupt.obj                  68      0         620    
       cpu.obj                        12      0         0      
    +--+------------------------------+-------+---------+---------+
       Total:                         80      0         620    
                                                               
    C:\ti\ccs910\ccs\tools\compiler\ti-cgt-arm_18.12.2.LTS\lib\rtsv7M4_T_le_v4SPD16_eabi.lib
       _printfi.c.obj                 4851    0         0      
       memory.c.obj                   724     0         8      
       fd_add_t2.asm.obj              438     0         0      
       fd_div_t2.asm.obj              310     0         0      
       s_scalbn.c.obj                 272     0         0      
       fd_cmp_t2.asm.obj              268     0         0      
       ctype.c.obj                    0       257       0      
       fd_mul_t2.asm.obj              252     0         0      
       memcpy_t2.asm.obj              156     0         0      
       ull_div_t2.asm.obj             150     0         0      
       vsnprintf.c.obj                136     0         0      
       memset_t2.asm.obj              122     0         0      
       fd_tos_t2.asm.obj              110     0         0      
       copy_decompress_lzss.c.obj     104     0         0      
       s_frexp.c.obj                  100     0         0      
       ltoa.c.obj                     84      0         0      
       atoi.c.obj                     76      0         0      
       fd_toi_t2.asm.obj              72      0         0      
       autoinit.c.obj                 68      0         0      
       fs_tod_t2.asm.obj              56      0         0      
       boot_cortex_m.c.obj            52      0         0      
       i_tofd_t2.asm.obj              46      0         0      
       copy_zero_init.c.obj           28      0         0      
       memccpy.c.obj                  28      0         0      
       s_copysign.c.obj               26      0         0      
       strcmp.c.obj                   24      0         0      
       strchr.c.obj                   22      0         0      
       strcpy.c.obj                   20      0         0      
       strlen.c.obj                   20      0         0      
       wcslen.c.obj                   18      0         0      
       copy_decompress_none.c.obj     14      0         0      
       errno.c.obj                    8       0         4      
       _lock.c.obj                    2       0         8      
       exit.c.obj                     4       0         0      
       pre_init.c.obj                 4       0         0      
       div0.asm.obj                   2       0         0      
    +--+------------------------------+-------+---------+---------+
       Total:                         8667    257       20     
                                                               
       Heap:                          0       0         4096   
       Stack:                         0       0         4096   
       Linker Generated:              0       76        0      
    +--+------------------------------+-------+---------+---------+
       Grand Total:                   14391   976       8977   


LINKER GENERATED COPY TABLES

__TI_cinit_table @ 00003c00 records: 3, size/record: 8, table size: 24
	.data: load addr=00003bc8, load size=00000018 bytes, run addr=200022e0, run size=00000035 bytes, compression=lzss
	.bss: load addr=00003bf0, load size=00000008 bytes, run addr=20002270, run size=00000070 bytes, compression=zero_init
	.vtable: load addr=00003bf8, load size=00000008 bytes, run addr=20000000, run size=0000026c bytes, compression=zero_init


LINKER GENERATED HANDLER TABLE

__TI_handler_table @ 00003be0 records: 3, size/record: 4, table size: 12
	index: 0, handler: __TI_zero_init
	index: 1, handler: __TI_decompress_lzss
	index: 2, handler: __TI_decompress_none


GLOBAL SYMBOLS: SORTED ALPHABETICALLY BY Name 

address   name                          
-------   ----                          
00003aa9  C$$EXIT                       
00003a7d  CPUcpsie                      
00000bc3  GPIOF_Handler                 
00003a4f  IntMasterEnable               
00003829  IntRegister                   
00003a89  ResetISR                      
20001270  __STACK_END                   
00001000  __STACK_SIZE                  
20000470  __STACK_TOP                   
00001000  __SYSMEM_SIZE                 
00003c00  __TI_CINIT_Base               
00003c18  __TI_CINIT_Limit              
00003be0  __TI_Handler_Table_Base       
00003bec  __TI_Handler_Table_Limit      
0000372d  __TI_auto_init_nobinit_nopinit
000034cf  __TI_decompress_lzss          
00003a6f  __TI_decompress_none          
ffffffff  __TI_pprof_out_hndl           
00000e8d  __TI_printfi                  
ffffffff  __TI_prof_data_size           
ffffffff  __TI_prof_data_start          
00000000  __TI_static_base__            
00003949  __TI_zero_init_nomemset       
000031f1  __aeabi_cdcmpeq               
000031f1  __aeabi_cdcmple               
00003277  __aeabi_cdrcmple              
00003461  __aeabi_d2f                   
000036e5  __aeabi_d2iz                  
000026df  __aeabi_dadd                  
000029c9  __aeabi_ddiv                  
00002d35  __aeabi_dmul                  
000026d5  __aeabi_dsub                  
00003a95  __aeabi_errno_addr            
000037ef  __aeabi_f2d                   
000038f1  __aeabi_i2d                   
0000288b  __aeabi_idiv0                 
0000288b  __aeabi_ldiv0                 
00003379  __aeabi_memclr                
00003379  __aeabi_memclr4               
00003379  __aeabi_memclr8               
000030bf  __aeabi_memcpy                
000030bf  __aeabi_memcpy4               
000030bf  __aeabi_memcpy8               
0000337b  __aeabi_memset                
0000337b  __aeabi_memset4               
0000337b  __aeabi_memset8               
0000315b  __aeabi_uldivmod              
ffffffff  __binit__                     
ffffffff  __c_args__                    
UNDEFED   __mpu_init                    
20000270  __stack                       
0000385d  _c_int00_noargs               
00003aac  _ctypes_                      
20002300  _lock                         
000018db  _nop                          
20002314  _running                      
20001270  _sys_memory                   
UNDEFED   _system_post_cinit            
00003aa5  _system_pre_init              
200022dc  _timeout_ticks                
20002304  _unlock                       
00003aa9  abort                         
00002e31  aligned_alloc                 
00003699  atoi                          
ffffffff  binit                         
000038c1  calloc                        
0000399d  copysign                      
0000399d  copysignl                     
20002310  errno                         
00002f25  free                          
00003539  frexp                         
00003539  frexpl                        
20000000  g_pfnRAMVectors               
00000000  g_pfnVectors                  
0000097f  go_charge                     
00003a5f  lcd_clear                     
00001ab1  lcd_gotoLine                  
00001919  lcd_init                      
00001b17  lcd_printf                    
000019d9  lcd_putc                      
00001a11  lcd_puts                      
000018dd  lcd_reverseNibble             
00001a2f  lcd_sendCommand               
00001a6d  lcd_sendNibble                
00001ad9  lcd_setCursorPos              
00002c25  ldexp                         
00002c25  ldexpl                        
000035f3  ltoa                          
000020bd  main                          
00003a9d  malloc                        
00002e31  memalign                      
00003981  memccpy                       
000030bf  memcpy                        
00003381  memset                        
200022e0  motor_cal_factor_L            
200022e4  motor_cal_factor_R            
0000236f  move_backward                 
000022e9  move_forward                  
0000026d  oi_alloc                      
00000aa9  oi_checkFirmware              
000002c7  oi_close                      
00000279  oi_free                       
00000ded  oi_getMotorCalibrationLeft    
00000e01  oi_getMotorCalibrationRight   
000002b1  oi_init                       
00000289  oi_init_noupdate              
00000915  oi_loadSong                   
000039cf  oi_parseInt                   
0000032b  oi_parsePacket                
0000096b  oi_play_song                  
0000084b  oi_setLeds                    
00000db1  oi_setMotorCalibration        
0000088f  oi_setWheels                  
00000b51  oi_shutoff_init               
0000098d  oi_uartInit                   
00000a31  oi_uartReceive                
00000a77  oi_uartSendBuff               
00000a15  oi_uartSendChar               
00000a59  oi_uartSendStr                
000002d9  oi_update                     
00002c25  scalbn                        
00002c25  scalbnl                       
000039ff  strchr                        
000039e7  strcmp                        
00003a15  strcpy                        
00003a29  strlen                        
00001f93  timer_getMicros               
00001f3b  timer_getMillis               
00001e75  timer_init                    
00001f17  timer_pause                   
00001f29  timer_resume                  
00001eed  timer_stop                    
00001fed  timer_waitMicros              
00002021  timer_waitMillis              
00002479  turn_left                     
000023f9  turn_right                    
00003771  vsnprintf                     
00003a3d  wcslen                        


GLOBAL SYMBOLS: SORTED BY Symbol Address 

address   name                          
-------   ----                          
00000000  __TI_static_base__            
00000000  g_pfnVectors                  
0000026d  oi_alloc                      
00000279  oi_free                       
00000289  oi_init_noupdate              
000002b1  oi_init                       
000002c7  oi_close                      
000002d9  oi_update                     
0000032b  oi_parsePacket                
0000084b  oi_setLeds                    
0000088f  oi_setWheels                  
00000915  oi_loadSong                   
0000096b  oi_play_song                  
0000097f  go_charge                     
0000098d  oi_uartInit                   
00000a15  oi_uartSendChar               
00000a31  oi_uartReceive                
00000a59  oi_uartSendStr                
00000a77  oi_uartSendBuff               
00000aa9  oi_checkFirmware              
00000b51  oi_shutoff_init               
00000bc3  GPIOF_Handler                 
00000db1  oi_setMotorCalibration        
00000ded  oi_getMotorCalibrationLeft    
00000e01  oi_getMotorCalibrationRight   
00000e8d  __TI_printfi                  
00001000  __STACK_SIZE                  
00001000  __SYSMEM_SIZE                 
000018db  _nop                          
000018dd  lcd_reverseNibble             
00001919  lcd_init                      
000019d9  lcd_putc                      
00001a11  lcd_puts                      
00001a2f  lcd_sendCommand               
00001a6d  lcd_sendNibble                
00001ab1  lcd_gotoLine                  
00001ad9  lcd_setCursorPos              
00001b17  lcd_printf                    
00001e75  timer_init                    
00001eed  timer_stop                    
00001f17  timer_pause                   
00001f29  timer_resume                  
00001f3b  timer_getMillis               
00001f93  timer_getMicros               
00001fed  timer_waitMicros              
00002021  timer_waitMillis              
000020bd  main                          
000022e9  move_forward                  
0000236f  move_backward                 
000023f9  turn_right                    
00002479  turn_left                     
000026d5  __aeabi_dsub                  
000026df  __aeabi_dadd                  
0000288b  __aeabi_idiv0                 
0000288b  __aeabi_ldiv0                 
000029c9  __aeabi_ddiv                  
00002c25  ldexp                         
00002c25  ldexpl                        
00002c25  scalbn                        
00002c25  scalbnl                       
00002d35  __aeabi_dmul                  
00002e31  aligned_alloc                 
00002e31  memalign                      
00002f25  free                          
000030bf  __aeabi_memcpy                
000030bf  __aeabi_memcpy4               
000030bf  __aeabi_memcpy8               
000030bf  memcpy                        
0000315b  __aeabi_uldivmod              
000031f1  __aeabi_cdcmpeq               
000031f1  __aeabi_cdcmple               
00003277  __aeabi_cdrcmple              
00003379  __aeabi_memclr                
00003379  __aeabi_memclr4               
00003379  __aeabi_memclr8               
0000337b  __aeabi_memset                
0000337b  __aeabi_memset4               
0000337b  __aeabi_memset8               
00003381  memset                        
00003461  __aeabi_d2f                   
000034cf  __TI_decompress_lzss          
00003539  frexp                         
00003539  frexpl                        
000035f3  ltoa                          
00003699  atoi                          
000036e5  __aeabi_d2iz                  
0000372d  __TI_auto_init_nobinit_nopinit
00003771  vsnprintf                     
000037ef  __aeabi_f2d                   
00003829  IntRegister                   
0000385d  _c_int00_noargs               
000038c1  calloc                        
000038f1  __aeabi_i2d                   
00003949  __TI_zero_init_nomemset       
00003981  memccpy                       
0000399d  copysign                      
0000399d  copysignl                     
000039cf  oi_parseInt                   
000039e7  strcmp                        
000039ff  strchr                        
00003a15  strcpy                        
00003a29  strlen                        
00003a3d  wcslen                        
00003a4f  IntMasterEnable               
00003a5f  lcd_clear                     
00003a6f  __TI_decompress_none          
00003a7d  CPUcpsie                      
00003a89  ResetISR                      
00003a95  __aeabi_errno_addr            
00003a9d  malloc                        
00003aa5  _system_pre_init              
00003aa9  C$$EXIT                       
00003aa9  abort                         
00003aac  _ctypes_                      
00003be0  __TI_Handler_Table_Base       
00003bec  __TI_Handler_Table_Limit      
00003c00  __TI_CINIT_Base               
00003c18  __TI_CINIT_Limit              
20000000  g_pfnRAMVectors               
20000270  __stack                       
20000470  __STACK_TOP                   
20001270  __STACK_END                   
20001270  _sys_memory                   
200022dc  _timeout_ticks                
200022e0  motor_cal_factor_L            
200022e4  motor_cal_factor_R            
20002300  _lock                         
20002304  _unlock                       
20002310  errno                         
20002314  _running                      
ffffffff  __TI_pprof_out_hndl           
ffffffff  __TI_prof_data_size           
ffffffff  __TI_prof_data_start          
ffffffff  __binit__                     
ffffffff  __c_args__                    
ffffffff  binit                         
UNDEFED   __mpu_init                    
UNDEFED   _system_post_cinit            

[138 symbols]
