******************************************************************************
                  TI ARM Linker PC v18.12.2                    
******************************************************************************
>> Linked Fri Feb 14 15:08:49 2020

OUTPUT FILE NAME:   <Lab4.out>
ENTRY POINT SYMBOL: "_c_int00_noargs"  address: 00003b51


MEMORY CONFIGURATION

         name            origin    length      used     unused   attr    fill
----------------------  --------  ---------  --------  --------  ----  --------
  FLASH                 00000000   00040000  00003f55  0003c0ab  R  X
  SRAM                  20000000   00008000  00002323  00005cdd  RW X


SEGMENT ALLOCATION MAP

run origin  load origin   length   init length attrs members
----------  ----------- ---------- ----------- ----- -------
00000000    00000000    00003f60   00003f60    r-x
  00000000    00000000    0000026c   0000026c    r-- .intvecs
  0000026c    0000026c    00003b40   00003b40    r-x .text
  00003db0    00003db0    00000161   00000161    r-- .const
  00003f18    00003f18    00000048   00000048    r-- .cinit
20000000    20000000    0000232a   00000000    rw-
  20000000    20000000    0000026c   00000000    rw- .vtable
  20000270    20000270    00001000   00000000    rw- .stack
  20001270    20001270    00001000   00000000    rw- .sysmem
  20002270    20002270    0000009d   00000000    rw- .bss
  20002310    20002310    0000001a   00000000    rw- .data


SECTION ALLOCATION MAP

 output                                  attributes/
section   page    origin      length       input sections
--------  ----  ----------  ----------   ----------------
.intvecs   0    00000000    0000026c     
                  00000000    0000026c     tm4c123gh6pm_startup_ccs.obj (.intvecs)

.text      0    0000026c    00003b40     
                  0000026c    00000a4e     rtsv7M4_T_le_v4SPD16_eabi.lib : _printfi.c.obj (.text:__TI_printfi)
                  00000cba    00000002                                   : _lock.c.obj (.text:_nop)
                  00000cbc    000009c0                                   : e_pow.c.obj (.text:pow)
                  0000167c    00000328     lcd.obj (.text)
                  000019a4    000002a8     libcybotUART.lib : uart.obj (.text)
                  00001c4c    00000270     rtsv7M4_T_le_v4SPD16_eabi.lib : _printfi.c.obj (.text:_pconv_a)
                  00001ebc    00000248     Timer.obj (.text)
                  00002104    000001d0     rtsv7M4_T_le_v4SPD16_eabi.lib : _printfi.c.obj (.text:_pconv_g)
                  000022d4    000001bc     libcybotScan.lib : ping.obj (.text)
                  00002490    000001b6     rtsv7M4_T_le_v4SPD16_eabi.lib : fd_add_t2.asm.obj (.text)
                  00002646    00000002                                   : div0.asm.obj (.text)
                  00002648    000001a8     lab4_template.obj (.text)
                  000027f0    00000158     rtsv7M4_T_le_v4SPD16_eabi.lib : e_sqrt.c.obj (.text:sqrt)
                  00002948    0000013c                                   : _printfi.c.obj (.text:_pconv_e)
                  00002a84    00000136                                   : fd_div_t2.asm.obj (.text)
                  00002bba    00000002     --HOLE-- [fill = 0]
                  00002bbc    00000124                                   : _printfi.c.obj (.text:fcvt)
                  00002ce0    00000110                                   : s_scalbn.c.obj (.text:scalbn)
                  00002df0    000000fc                                   : fd_mul_t2.asm.obj (.text)
                  00002eec    000000f4                                   : memory.c.obj (.text:aligned_alloc)
                  00002fe0    000000e8                                   : memory.c.obj (.text:free)
                  000030c8    000000dc     libcybotScan.lib : ir.obj (.text)
                  000031a4    000000c4                      : servo.obj (.text)
                  00003268    000000b1     rtsv7M4_T_le_v4SPD16_eabi.lib : _printfi.c.obj (.text:_ltostr)
                  00003319    00000001     --HOLE-- [fill = 0]
                  0000331a    0000009c                                   : memcpy_t2.asm.obj (.text)
                  000033b6    00000096                                   : ull_div_t2.asm.obj (.text)
                  0000344c    00000086                                   : fd_cmp_t2.asm.obj (.text:__aeabi_cdcmple)
                  000034d2    00000086                                   : fd_cmp_t2.asm.obj (.text:__aeabi_cdrcmple)
                  00003558    00000080     button.obj (.text)
                  000035d8    0000007c     rtsv7M4_T_le_v4SPD16_eabi.lib : memory.c.obj (.text:split)
                  00003654    0000007a                                   : memset_t2.asm.obj (.text)
                  000036ce    0000006e                                   : _printfi.c.obj (.text:_mcpy)
                  0000373c    00000068                                   : copy_decompress_lzss.c.obj (.text:decompress:lzss:__TI_decompress_lzss)
                  000037a4    00000064                                   : s_frexp.c.obj (.text:frexp)
                  00003808    00000056                                   : _printfi.c.obj (.text:_pconv_f)
                  0000385e    00000054                                   : ltoa.c.obj (.text:ltoa)
                  000038b2    00000052                                   : _printfi.c.obj (.text:_ecpy)
                  00003904    0000004c                                   : atoi.c.obj (.text:atoi)
                  00003950    00000048     libcybotScan.lib : cyBot_Scan.obj (.text)
                  00003998    00000048     rtsv7M4_T_le_v4SPD16_eabi.lib : fd_toi_t2.asm.obj (.text)
                  000039e0    00000044                                   : autoinit.c.obj (.text:__TI_auto_init_nobinit_nopinit:__TI_auto_init_nobinit_nopinit)
                  00003a24    00000040                                   : sprintf.c.obj (.text:sprintf)
                  00003a64    00000040                                   : vsnprintf.c.obj (.text:vsnprintf)
                  00003aa4    0000003e                                   : _printfi.c.obj (.text:_fcpy)
                  00003ae2    00000038                                   : fs_tod_t2.asm.obj (.text)
                  00003b1a    00000002     --HOLE-- [fill = 0]
                  00003b1c    00000034     driverlib.lib : interrupt.obj (.text:IntRegister)
                  00003b50    00000034     rtsv7M4_T_le_v4SPD16_eabi.lib : boot_cortex_m.c.obj (.text:_c_int00_noargs:_c_int00_noargs)
                  00003b84    00000030                                   : vsnprintf.c.obj (.text:_outs)
                  00003bb4    00000030                                   : memory.c.obj (.text:calloc)
                  00003be4    0000002e                                   : i_tofd_t2.asm.obj (.text)
                  00003c12    00000002     --HOLE-- [fill = 0]
                  00003c14    00000028                                   : memory.c.obj (.text:free_list_insert)
                  00003c3c    0000001c                                   : copy_zero_init.c.obj (.text:decompress:ZI:__TI_zero_init_nomemset:__TI_zero_init_nomemset)
                  00003c58    0000001c                                   : memory.c.obj (.text:free_list_remove)
                  00003c74    0000001c                                   : memccpy.c.obj (.text:memccpy)
                  00003c90    0000001a                                   : s_copysign.c.obj (.text:copysign)
                  00003caa    00000018                                   : vsnprintf.c.obj (.text:_outc)
                  00003cc2    00000018                                   : sprintf.c.obj (.text:_outs)
                  00003cda    00000018                                   : strcmp.c.obj (.text:strcmp)
                  00003cf2    00000016                                   : strchr.c.obj (.text:strchr)
                  00003d08    00000014                                   : strcpy.c.obj (.text:strcpy)
                  00003d1c    00000014                                   : strlen.c.obj (.text:strlen)
                  00003d30    00000012                                   : wcslen.c.obj (.text:wcslen)
                  00003d42    00000010     driverlib.lib : interrupt.obj (.text:IntMasterEnable)
                  00003d52    00000010     lcd.obj (.text:lcd_clear)
                  00003d62    0000000e     rtsv7M4_T_le_v4SPD16_eabi.lib : copy_decompress_none.c.obj (.text:decompress:none:__TI_decompress_none)
                  00003d70    0000000c     driverlib.lib : cpu.obj (.text:CPUcpsie)
                  00003d7c    0000000c     tm4c123gh6pm_startup_ccs.obj (.text)
                  00003d88    0000000a     rtsv7M4_T_le_v4SPD16_eabi.lib : sprintf.c.obj (.text:_outc)
                  00003d92    00000002     --HOLE-- [fill = 0]
                  00003d94    00000008                                   : errno.c.obj (.text:__aeabi_errno_addr)
                  00003d9c    00000008                                   : memory.c.obj (.text:malloc)
                  00003da4    00000004                                   : pre_init.c.obj (.text:_system_pre_init)
                  00003da8    00000004                                   : exit.c.obj (.text:abort:abort)

.const     0    00003db0    00000161     
                  00003db0    00000101     rtsv7M4_T_le_v4SPD16_eabi.lib : ctype.c.obj (.const:.string:_ctypes_)
                  00003eb1    00000004     lcd.obj (.const:.string:lineAddress$1)
                  00003eb5    00000003     --HOLE-- [fill = 0]
                  00003eb8    00000030     rtsv7M4_T_le_v4SPD16_eabi.lib : e_pow.c.obj (.const:$O1$$)
                  00003ee8    00000025     lab4_template.obj (.const:.string:$P$T0$1)
                  00003f0d    00000004     lcd.obj (.const:.string:lineAddresses$2)

.cinit     0    00003f18    00000048     
                  00003f18    0000000d     (.cinit..data.load) [load image, compression = lzss]
                  00003f25    00000003     --HOLE-- [fill = 0]
                  00003f28    0000000c     (__TI_handler_table)
                  00003f34    00000004     --HOLE-- [fill = 0]
                  00003f38    00000008     (.cinit..bss.load) [load image, compression = zero_init]
                  00003f40    00000008     (.cinit..vtable.load) [load image, compression = zero_init]
                  00003f48    00000018     (__TI_cinit_table)

.init_array 
*          0    00000000    00000000     UNINITIALIZED

.vtable    0    20000000    0000026c     UNINITIALIZED
                  20000000    0000026c     driverlib.lib : interrupt.obj (.vtable)

.stack     0    20000270    00001000     UNINITIALIZED
                  20000270    00000004     rtsv7M4_T_le_v4SPD16_eabi.lib : boot_cortex_m.c.obj (.stack)
                  20000274    00000ffc     --HOLE--

.sysmem    0    20001270    00001000     UNINITIALIZED
                  20001270    00000010     rtsv7M4_T_le_v4SPD16_eabi.lib : memory.c.obj (.sysmem)
                  20001280    00000ff0     --HOLE--

.bss       0    20002270    0000009d     UNINITIALIZED
                  20002270    00000054     lcd.obj (.bss:lastbuffer$3)
                  200022c4    00000034     (.common:isr_char_buffer)
                  200022f8    00000004     (.common:_timeout_ticks)
                  200022fc    00000004     (.common:fallingEdge)
                  20002300    00000004     (.common:isr_int_value)
                  20002304    00000004     (.common:pulseLength)
                  20002308    00000004     (.common:risingEdge)
                  2000230c    00000001     (.common:isRisingEdge)

.data      0    20002310    0000001a     UNINITIALIZED
                  20002310    00000008     rtsv7M4_T_le_v4SPD16_eabi.lib : _lock.c.obj (.data:$O1$$)
                  20002318    00000008                                   : memory.c.obj (.data:$O1$$)
                  20002320    00000004     libcybotUART.lib : uart.obj (.data)
                  20002324    00000004     rtsv7M4_T_le_v4SPD16_eabi.lib : errno.c.obj (.data)
                  20002328    00000001     Timer.obj (.data)
                  20002329    00000001     button.obj (.data)

MODULE SUMMARY

       Module                         code    ro data   rw data
       ------                         ----    -------   -------
    .\
       lcd.obj                        824     8         84     
       tm4c123gh6pm_startup_ccs.obj   12      620       0      
       Timer.obj                      584     0         5      
       lab4_template.obj              424     37        0      
       button.obj                     128     0         1      
    +--+------------------------------+-------+---------+---------+
       Total:                         1972    665       90     
                                                               
    ../libcybotScan.lib
       ping.obj                       444     0         13     
       ir.obj                         220     0         4      
       servo.obj                      196     0         0      
       cyBot_Scan.obj                 72      0         0      
    +--+------------------------------+-------+---------+---------+
       Total:                         932     0         17     
                                                               
    ../libcybotUART.lib
       uart.obj                       680     0         56     
    +--+------------------------------+-------+---------+---------+
       Total:                         680     0         56     
                                                               
    C:/ti/TivaWare_C_Series-2.1.4.178/driverlib/ccs/Debug/driverlib.lib
       interrupt.obj                  68      0         620    
       cpu.obj                        12      0         0      
    +--+------------------------------+-------+---------+---------+
       Total:                         80      0         620    
                                                               
    C:\ti\ccs910\ccs\tools\compiler\ti-cgt-arm_18.12.2.LTS\lib\rtsv7M4_T_le_v4SPD16_eabi.lib
       _printfi.c.obj                 4851    0         0      
       e_pow.c.obj                    2496    48        0      
       memory.c.obj                   724     0         8      
       fd_add_t2.asm.obj              438     0         0      
       e_sqrt.c.obj                   344     0         0      
       fd_div_t2.asm.obj              310     0         0      
       s_scalbn.c.obj                 272     0         0      
       fd_cmp_t2.asm.obj              268     0         0      
       ctype.c.obj                    0       257       0      
       fd_mul_t2.asm.obj              252     0         0      
       memcpy_t2.asm.obj              156     0         0      
       ull_div_t2.asm.obj             150     0         0      
       vsnprintf.c.obj                136     0         0      
       memset_t2.asm.obj              122     0         0      
       copy_decompress_lzss.c.obj     104     0         0      
       s_frexp.c.obj                  100     0         0      
       sprintf.c.obj                  98      0         0      
       ltoa.c.obj                     84      0         0      
       atoi.c.obj                     76      0         0      
       fd_toi_t2.asm.obj              72      0         0      
       autoinit.c.obj                 68      0         0      
       fs_tod_t2.asm.obj              56      0         0      
       boot_cortex_m.c.obj            52      0         0      
       i_tofd_t2.asm.obj              46      0         0      
       copy_zero_init.c.obj           28      0         0      
       memccpy.c.obj                  28      0         0      
       s_copysign.c.obj               26      0         0      
       strcmp.c.obj                   24      0         0      
       strchr.c.obj                   22      0         0      
       strcpy.c.obj                   20      0         0      
       strlen.c.obj                   20      0         0      
       wcslen.c.obj                   18      0         0      
       copy_decompress_none.c.obj     14      0         0      
       errno.c.obj                    8       0         4      
       _lock.c.obj                    2       0         8      
       exit.c.obj                     4       0         0      
       pre_init.c.obj                 4       0         0      
       div0.asm.obj                   2       0         0      
    +--+------------------------------+-------+---------+---------+
       Total:                         11495   305       20     
                                                               
       Heap:                          0       0         4096   
       Stack:                         0       0         4096   
       Linker Generated:              0       65        0      
    +--+------------------------------+-------+---------+---------+
       Grand Total:                   15159   1035      8995   


LINKER GENERATED COPY TABLES

__TI_cinit_table @ 00003f48 records: 3, size/record: 8, table size: 24
	.data: load addr=00003f18, load size=0000000d bytes, run addr=20002310, run size=0000001a bytes, compression=lzss
	.bss: load addr=00003f38, load size=00000008 bytes, run addr=20002270, run size=0000009d bytes, compression=zero_init
	.vtable: load addr=00003f40, load size=00000008 bytes, run addr=20000000, run size=0000026c bytes, compression=zero_init


LINKER GENERATED HANDLER TABLE

__TI_handler_table @ 00003f28 records: 3, size/record: 4, table size: 12
	index: 0, handler: __TI_zero_init
	index: 1, handler: __TI_decompress_lzss
	index: 2, handler: __TI_decompress_none


GLOBAL SYMBOLS: SORTED ALPHABETICALLY BY Name 

address   name                          
-------   ----                          
00003175  ADC0SS0_Handler               
00003da9  C$$EXIT                       
00003d71  CPUcpsie                      
00003d43  IntMasterEnable               
00003b1d  IntRegister                   
00003d7d  ResetISR                      
00002411  TIMER3B_Handler               
20001270  __STACK_END                   
00001000  __STACK_SIZE                  
20000470  __STACK_TOP                   
00001000  __SYSMEM_SIZE                 
00003f48  __TI_CINIT_Base               
00003f60  __TI_CINIT_Limit              
00003f28  __TI_Handler_Table_Base       
00003f34  __TI_Handler_Table_Limit      
000039e1  __TI_auto_init_nobinit_nopinit
0000373d  __TI_decompress_lzss          
00003d63  __TI_decompress_none          
ffffffff  __TI_pprof_out_hndl           
0000026d  __TI_printfi                  
ffffffff  __TI_prof_data_size           
ffffffff  __TI_prof_data_start          
00000000  __TI_static_base__            
00003c3d  __TI_zero_init_nomemset       
0000344d  __aeabi_cdcmpeq               
0000344d  __aeabi_cdcmple               
000034d3  __aeabi_cdrcmple              
00003999  __aeabi_d2iz                  
0000249b  __aeabi_dadd                  
00002a85  __aeabi_ddiv                  
00002df1  __aeabi_dmul                  
00002491  __aeabi_dsub                  
00003d95  __aeabi_errno_addr            
00003ae3  __aeabi_f2d                   
00003be5  __aeabi_i2d                   
00002647  __aeabi_idiv0                 
00002647  __aeabi_ldiv0                 
00003655  __aeabi_memclr                
00003655  __aeabi_memclr4               
00003655  __aeabi_memclr8               
0000331b  __aeabi_memcpy                
0000331b  __aeabi_memcpy4               
0000331b  __aeabi_memcpy8               
00003657  __aeabi_memset                
00003657  __aeabi_memset4               
00003657  __aeabi_memset8               
000033b7  __aeabi_uldivmod              
ffffffff  __binit__                     
ffffffff  __c_args__                    
UNDEFED   __mpu_init                    
20000270  __stack                       
00003b51  _c_int00_noargs               
00003db0  _ctypes_                      
20002310  _lock                         
00000cbb  _nop                          
20002328  _running                      
20001270  _sys_memory                   
UNDEFED   _system_post_cinit            
00003da5  _system_pre_init              
200022f8  _timeout_ticks                
20002314  _unlock                       
00003da9  abort                         
00002eed  aligned_alloc                 
00003905  atoi                          
ffffffff  binit                         
00003597  button_getButton              
00003559  button_init                   
00003bb5  calloc                        
00003c91  copysign                      
00003c91  copysignl                     
00003961  cyBOT_Scan                    
00003951  cyBOT_init_Scan               
00001bf1  cyBot_UART1_Handler           
00001be3  cyBot_getByte_blocking        
00001bc3  cyBot_getByte_nonblocking     
000019a5  cyBot_sendByte                
00001ba9  cyBot_uart_flush              
00001b13  cyBot_uart_init               
00001ab3  cyBot_uart_init_PHJ_first_half
00001a5b  cyBot_uart_init_clean         
000019e3  cyBot_uart_init_last_half     
000019cb  cyBot_uart_sendBuffer         
000019b1  cyBot_uart_sendStr            
20002324  errno                         
200022fc  fallingEdge                   
00002fe1  free                          
000037a5  frexp                         
000037a5  frexpl                        
20000000  g_pfnRAMVectors               
00000000  g_pfnVectors                  
00003145  ir_enableInterrupt            
0000313d  ir_getDistance                
00003129  ir_getValue                   
000030c9  ir_init                       
2000230c  isRisingEdge                  
200022c4  isr_char_buffer               
20002320  isr_counter                   
20002300  isr_int_value                 
00003d53  lcd_clear                     
00001851  lcd_gotoLine                  
000016b9  lcd_init                      
000018b7  lcd_printf                    
00001779  lcd_putc                      
000017b1  lcd_puts                      
0000167d  lcd_reverseNibble             
000017cf  lcd_sendCommand               
0000180d  lcd_sendNibble                
00001879  lcd_setCursorPos              
00002ce1  ldexp                         
00002ce1  ldexpl                        
0000385f  ltoa                          
00002699  main                          
00003d9d  malloc                        
00002eed  memalign                      
00003c75  memccpy                       
0000331b  memcpy                        
0000365d  memset                        
000023db  ping_getDistance              
00002339  ping_init                     
000022d5  ping_trigger                  
00000cbd  pow                           
00000cbd  powl                          
20002304  pulseLength                   
20002308  risingEdge                    
00002ce1  scalbn                        
00002ce1  scalbnl                       
00002649  sendString                    
000031e3  servo_init                    
000031c3  servo_move                    
000031b1  servo_setPWM                  
000031a5  servo_stop                    
00003a25  sprintf                       
000027f1  sqrt                          
000027f1  sqrtl                         
00003cf3  strchr                        
00003cdb  strcmp                        
00003d09  strcpy                        
00003d1d  strlen                        
00001fdb  timer_getMicros               
00001f83  timer_getMillis               
00001ebd  timer_init                    
00001f5f  timer_pause                   
00001f71  timer_resume                  
00001f35  timer_stop                    
00002035  timer_waitMicros              
00002069  timer_waitMillis              
000035bf  turnLED                       
00003a65  vsnprintf                     
00003d31  wcslen                        


GLOBAL SYMBOLS: SORTED BY Symbol Address 

address   name                          
-------   ----                          
00000000  __TI_static_base__            
00000000  g_pfnVectors                  
0000026d  __TI_printfi                  
00000cbb  _nop                          
00000cbd  pow                           
00000cbd  powl                          
00001000  __STACK_SIZE                  
00001000  __SYSMEM_SIZE                 
0000167d  lcd_reverseNibble             
000016b9  lcd_init                      
00001779  lcd_putc                      
000017b1  lcd_puts                      
000017cf  lcd_sendCommand               
0000180d  lcd_sendNibble                
00001851  lcd_gotoLine                  
00001879  lcd_setCursorPos              
000018b7  lcd_printf                    
000019a5  cyBot_sendByte                
000019b1  cyBot_uart_sendStr            
000019cb  cyBot_uart_sendBuffer         
000019e3  cyBot_uart_init_last_half     
00001a5b  cyBot_uart_init_clean         
00001ab3  cyBot_uart_init_PHJ_first_half
00001b13  cyBot_uart_init               
00001ba9  cyBot_uart_flush              
00001bc3  cyBot_getByte_nonblocking     
00001be3  cyBot_getByte_blocking        
00001bf1  cyBot_UART1_Handler           
00001ebd  timer_init                    
00001f35  timer_stop                    
00001f5f  timer_pause                   
00001f71  timer_resume                  
00001f83  timer_getMillis               
00001fdb  timer_getMicros               
00002035  timer_waitMicros              
00002069  timer_waitMillis              
000022d5  ping_trigger                  
00002339  ping_init                     
000023db  ping_getDistance              
00002411  TIMER3B_Handler               
00002491  __aeabi_dsub                  
0000249b  __aeabi_dadd                  
00002647  __aeabi_idiv0                 
00002647  __aeabi_ldiv0                 
00002649  sendString                    
00002699  main                          
000027f1  sqrt                          
000027f1  sqrtl                         
00002a85  __aeabi_ddiv                  
00002ce1  ldexp                         
00002ce1  ldexpl                        
00002ce1  scalbn                        
00002ce1  scalbnl                       
00002df1  __aeabi_dmul                  
00002eed  aligned_alloc                 
00002eed  memalign                      
00002fe1  free                          
000030c9  ir_init                       
00003129  ir_getValue                   
0000313d  ir_getDistance                
00003145  ir_enableInterrupt            
00003175  ADC0SS0_Handler               
000031a5  servo_stop                    
000031b1  servo_setPWM                  
000031c3  servo_move                    
000031e3  servo_init                    
0000331b  __aeabi_memcpy                
0000331b  __aeabi_memcpy4               
0000331b  __aeabi_memcpy8               
0000331b  memcpy                        
000033b7  __aeabi_uldivmod              
0000344d  __aeabi_cdcmpeq               
0000344d  __aeabi_cdcmple               
000034d3  __aeabi_cdrcmple              
00003559  button_init                   
00003597  button_getButton              
000035bf  turnLED                       
00003655  __aeabi_memclr                
00003655  __aeabi_memclr4               
00003655  __aeabi_memclr8               
00003657  __aeabi_memset                
00003657  __aeabi_memset4               
00003657  __aeabi_memset8               
0000365d  memset                        
0000373d  __TI_decompress_lzss          
000037a5  frexp                         
000037a5  frexpl                        
0000385f  ltoa                          
00003905  atoi                          
00003951  cyBOT_init_Scan               
00003961  cyBOT_Scan                    
00003999  __aeabi_d2iz                  
000039e1  __TI_auto_init_nobinit_nopinit
00003a25  sprintf                       
00003a65  vsnprintf                     
00003ae3  __aeabi_f2d                   
00003b1d  IntRegister                   
00003b51  _c_int00_noargs               
00003bb5  calloc                        
00003be5  __aeabi_i2d                   
00003c3d  __TI_zero_init_nomemset       
00003c75  memccpy                       
00003c91  copysign                      
00003c91  copysignl                     
00003cdb  strcmp                        
00003cf3  strchr                        
00003d09  strcpy                        
00003d1d  strlen                        
00003d31  wcslen                        
00003d43  IntMasterEnable               
00003d53  lcd_clear                     
00003d63  __TI_decompress_none          
00003d71  CPUcpsie                      
00003d7d  ResetISR                      
00003d95  __aeabi_errno_addr            
00003d9d  malloc                        
00003da5  _system_pre_init              
00003da9  C$$EXIT                       
00003da9  abort                         
00003db0  _ctypes_                      
00003f28  __TI_Handler_Table_Base       
00003f34  __TI_Handler_Table_Limit      
00003f48  __TI_CINIT_Base               
00003f60  __TI_CINIT_Limit              
20000000  g_pfnRAMVectors               
20000270  __stack                       
20000470  __STACK_TOP                   
20001270  __STACK_END                   
20001270  _sys_memory                   
200022c4  isr_char_buffer               
200022f8  _timeout_ticks                
200022fc  fallingEdge                   
20002300  isr_int_value                 
20002304  pulseLength                   
20002308  risingEdge                    
2000230c  isRisingEdge                  
20002310  _lock                         
20002314  _unlock                       
20002320  isr_counter                   
20002324  errno                         
20002328  _running                      
ffffffff  __TI_pprof_out_hndl           
ffffffff  __TI_prof_data_size           
ffffffff  __TI_prof_data_start          
ffffffff  __binit__                     
ffffffff  __c_args__                    
ffffffff  binit                         
UNDEFED   __mpu_init                    
UNDEFED   _system_post_cinit            

[149 symbols]
