<?xml version="1.0" encoding="ISO-8859-1" ?>
<link_info>
   <banner>TI ARM Linker PC v18.12.2.LTS</banner>
   <copyright>Copyright (c) 1996-2018 Texas Instruments Incorporated</copyright>
   <link_time>0x5e470c61</link_time>
   <link_errors>0x0</link_errors>
   <output_file>Lab4.out</output_file>
   <entry_point>
      <name>_c_int00_noargs</name>
      <address>0x3b51</address>
   </entry_point>
   <input_file_list>
      <input_file id="fl-2">
         <path>.\</path>
         <kind>object</kind>
         <file>Timer.obj</file>
         <name>Timer.obj</name>
      </input_file>
      <input_file id="fl-3">
         <path>.\</path>
         <kind>object</kind>
         <file>button.obj</file>
         <name>button.obj</name>
      </input_file>
      <input_file id="fl-4">
         <path>.\</path>
         <kind>object</kind>
         <file>lab4_template.obj</file>
         <name>lab4_template.obj</name>
      </input_file>
      <input_file id="fl-5">
         <path>.\</path>
         <kind>object</kind>
         <file>lcd.obj</file>
         <name>lcd.obj</name>
      </input_file>
      <input_file id="fl-6">
         <path>.\</path>
         <kind>object</kind>
         <file>tm4c123gh6pm_startup_ccs.obj</file>
         <name>tm4c123gh6pm_startup_ccs.obj</name>
      </input_file>
      <input_file id="fl-d">
         <kind>object</kind>
         <file>&lt;internal&gt;</file>
         <name>&lt;internal&gt;</name>
      </input_file>
      <input_file id="fl-e">
         <path>..\</path>
         <kind>archive</kind>
         <file>libcybotScan.lib</file>
         <name>cyBot_Scan.obj</name>
      </input_file>
      <input_file id="fl-f">
         <path>..\</path>
         <kind>archive</kind>
         <file>libcybotScan.lib</file>
         <name>ir.obj</name>
      </input_file>
      <input_file id="fl-10">
         <path>..\</path>
         <kind>archive</kind>
         <file>libcybotScan.lib</file>
         <name>ping.obj</name>
      </input_file>
      <input_file id="fl-11">
         <path>..\</path>
         <kind>archive</kind>
         <file>libcybotScan.lib</file>
         <name>servo.obj</name>
      </input_file>
      <input_file id="fl-12">
         <path>..\</path>
         <kind>archive</kind>
         <file>libcybotUART.lib</file>
         <name>uart.obj</name>
      </input_file>
      <input_file id="fl-c8">
         <path>C:\ti\ccs910\ccs\tools\compiler\ti-cgt-arm_18.12.2.LTS\lib\</path>
         <kind>archive</kind>
         <file>rtsv7M4_T_le_v4SPD16_eabi.lib</file>
         <name>sprintf.c.obj</name>
      </input_file>
      <input_file id="fl-c9">
         <path>C:\ti\ccs910\ccs\tools\compiler\ti-cgt-arm_18.12.2.LTS\lib\</path>
         <kind>archive</kind>
         <file>rtsv7M4_T_le_v4SPD16_eabi.lib</file>
         <name>vsnprintf.c.obj</name>
      </input_file>
      <input_file id="fl-ca">
         <path>C:\ti\ccs910\ccs\tools\compiler\ti-cgt-arm_18.12.2.LTS\lib\</path>
         <kind>archive</kind>
         <file>rtsv7M4_T_le_v4SPD16_eabi.lib</file>
         <name>e_pow.c.obj</name>
      </input_file>
      <input_file id="fl-cb">
         <path>C:\ti\ccs910\ccs\tools\compiler\ti-cgt-arm_18.12.2.LTS\lib\</path>
         <kind>archive</kind>
         <file>rtsv7M4_T_le_v4SPD16_eabi.lib</file>
         <name>e_sqrt.c.obj</name>
      </input_file>
      <input_file id="fl-cc">
         <path>C:\ti\ccs910\ccs\tools\compiler\ti-cgt-arm_18.12.2.LTS\lib\</path>
         <kind>archive</kind>
         <file>rtsv7M4_T_le_v4SPD16_eabi.lib</file>
         <name>s_scalbn.c.obj</name>
      </input_file>
      <input_file id="fl-cd">
         <path>C:\ti\ccs910\ccs\tools\compiler\ti-cgt-arm_18.12.2.LTS\lib\</path>
         <kind>archive</kind>
         <file>rtsv7M4_T_le_v4SPD16_eabi.lib</file>
         <name>fd_add_t2.asm.obj</name>
      </input_file>
      <input_file id="fl-ce">
         <path>C:\ti\ccs910\ccs\tools\compiler\ti-cgt-arm_18.12.2.LTS\lib\</path>
         <kind>archive</kind>
         <file>rtsv7M4_T_le_v4SPD16_eabi.lib</file>
         <name>fd_cmp_t2.asm.obj</name>
      </input_file>
      <input_file id="fl-cf">
         <path>C:\ti\ccs910\ccs\tools\compiler\ti-cgt-arm_18.12.2.LTS\lib\</path>
         <kind>archive</kind>
         <file>rtsv7M4_T_le_v4SPD16_eabi.lib</file>
         <name>fd_div_t2.asm.obj</name>
      </input_file>
      <input_file id="fl-d0">
         <path>C:\ti\ccs910\ccs\tools\compiler\ti-cgt-arm_18.12.2.LTS\lib\</path>
         <kind>archive</kind>
         <file>rtsv7M4_T_le_v4SPD16_eabi.lib</file>
         <name>fd_mul_t2.asm.obj</name>
      </input_file>
      <input_file id="fl-d1">
         <path>C:\ti\ccs910\ccs\tools\compiler\ti-cgt-arm_18.12.2.LTS\lib\</path>
         <kind>archive</kind>
         <file>rtsv7M4_T_le_v4SPD16_eabi.lib</file>
         <name>fd_toi_t2.asm.obj</name>
      </input_file>
      <input_file id="fl-d2">
         <path>C:\ti\ccs910\ccs\tools\compiler\ti-cgt-arm_18.12.2.LTS\lib\</path>
         <kind>archive</kind>
         <file>rtsv7M4_T_le_v4SPD16_eabi.lib</file>
         <name>fs_tod_t2.asm.obj</name>
      </input_file>
      <input_file id="fl-d3">
         <path>C:\ti\ccs910\ccs\tools\compiler\ti-cgt-arm_18.12.2.LTS\lib\</path>
         <kind>archive</kind>
         <file>rtsv7M4_T_le_v4SPD16_eabi.lib</file>
         <name>i_tofd_t2.asm.obj</name>
      </input_file>
      <input_file id="fl-d4">
         <path>C:\ti\ccs910\ccs\tools\compiler\ti-cgt-arm_18.12.2.LTS\lib\</path>
         <kind>archive</kind>
         <file>rtsv7M4_T_le_v4SPD16_eabi.lib</file>
         <name>memcpy_t2.asm.obj</name>
      </input_file>
      <input_file id="fl-d5">
         <path>C:\ti\ccs910\ccs\tools\compiler\ti-cgt-arm_18.12.2.LTS\lib\</path>
         <kind>archive</kind>
         <file>rtsv7M4_T_le_v4SPD16_eabi.lib</file>
         <name>copy_zero_init.c.obj</name>
      </input_file>
      <input_file id="fl-d6">
         <path>C:\ti\ccs910\ccs\tools\compiler\ti-cgt-arm_18.12.2.LTS\lib\</path>
         <kind>archive</kind>
         <file>rtsv7M4_T_le_v4SPD16_eabi.lib</file>
         <name>copy_decompress_none.c.obj</name>
      </input_file>
      <input_file id="fl-d7">
         <path>C:\ti\ccs910\ccs\tools\compiler\ti-cgt-arm_18.12.2.LTS\lib\</path>
         <kind>archive</kind>
         <file>rtsv7M4_T_le_v4SPD16_eabi.lib</file>
         <name>copy_decompress_lzss.c.obj</name>
      </input_file>
      <input_file id="fl-d8">
         <path>C:\ti\ccs910\ccs\tools\compiler\ti-cgt-arm_18.12.2.LTS\lib\</path>
         <kind>archive</kind>
         <file>rtsv7M4_T_le_v4SPD16_eabi.lib</file>
         <name>memory.c.obj</name>
      </input_file>
      <input_file id="fl-d9">
         <path>C:\ti\ccs910\ccs\tools\compiler\ti-cgt-arm_18.12.2.LTS\lib\</path>
         <kind>archive</kind>
         <file>rtsv7M4_T_le_v4SPD16_eabi.lib</file>
         <name>strcmp.c.obj</name>
      </input_file>
      <input_file id="fl-da">
         <path>C:\ti\ccs910\ccs\tools\compiler\ti-cgt-arm_18.12.2.LTS\lib\</path>
         <kind>archive</kind>
         <file>rtsv7M4_T_le_v4SPD16_eabi.lib</file>
         <name>strcpy.c.obj</name>
      </input_file>
      <input_file id="fl-db">
         <path>C:\ti\ccs910\ccs\tools\compiler\ti-cgt-arm_18.12.2.LTS\lib\</path>
         <kind>archive</kind>
         <file>rtsv7M4_T_le_v4SPD16_eabi.lib</file>
         <name>strlen.c.obj</name>
      </input_file>
      <input_file id="fl-dc">
         <path>C:\ti\ccs910\ccs\tools\compiler\ti-cgt-arm_18.12.2.LTS\lib\</path>
         <kind>archive</kind>
         <file>rtsv7M4_T_le_v4SPD16_eabi.lib</file>
         <name>boot_cortex_m.c.obj</name>
      </input_file>
      <input_file id="fl-dd">
         <path>C:\ti\ccs910\ccs\tools\compiler\ti-cgt-arm_18.12.2.LTS\lib\</path>
         <kind>archive</kind>
         <file>rtsv7M4_T_le_v4SPD16_eabi.lib</file>
         <name>errno.c.obj</name>
      </input_file>
      <input_file id="fl-de">
         <path>C:\ti\ccs910\ccs\tools\compiler\ti-cgt-arm_18.12.2.LTS\lib\</path>
         <kind>archive</kind>
         <file>rtsv7M4_T_le_v4SPD16_eabi.lib</file>
         <name>s_copysign.c.obj</name>
      </input_file>
      <input_file id="fl-df">
         <path>C:\ti\ccs910\ccs\tools\compiler\ti-cgt-arm_18.12.2.LTS\lib\</path>
         <kind>archive</kind>
         <file>rtsv7M4_T_le_v4SPD16_eabi.lib</file>
         <name>_printfi.c.obj</name>
      </input_file>
      <input_file id="fl-e0">
         <path>C:\ti\ccs910\ccs\tools\compiler\ti-cgt-arm_18.12.2.LTS\lib\</path>
         <kind>archive</kind>
         <file>rtsv7M4_T_le_v4SPD16_eabi.lib</file>
         <name>s_frexp.c.obj</name>
      </input_file>
      <input_file id="fl-e1">
         <path>C:\ti\ccs910\ccs\tools\compiler\ti-cgt-arm_18.12.2.LTS\lib\</path>
         <kind>archive</kind>
         <file>rtsv7M4_T_le_v4SPD16_eabi.lib</file>
         <name>ull_div_t2.asm.obj</name>
      </input_file>
      <input_file id="fl-e2">
         <path>C:\ti\ccs910\ccs\tools\compiler\ti-cgt-arm_18.12.2.LTS\lib\</path>
         <kind>archive</kind>
         <file>rtsv7M4_T_le_v4SPD16_eabi.lib</file>
         <name>memset_t2.asm.obj</name>
      </input_file>
      <input_file id="fl-e3">
         <path>C:\ti\ccs910\ccs\tools\compiler\ti-cgt-arm_18.12.2.LTS\lib\</path>
         <kind>archive</kind>
         <file>rtsv7M4_T_le_v4SPD16_eabi.lib</file>
         <name>autoinit.c.obj</name>
      </input_file>
      <input_file id="fl-e4">
         <path>C:\ti\ccs910\ccs\tools\compiler\ti-cgt-arm_18.12.2.LTS\lib\</path>
         <kind>archive</kind>
         <file>rtsv7M4_T_le_v4SPD16_eabi.lib</file>
         <name>pre_init.c.obj</name>
      </input_file>
      <input_file id="fl-e5">
         <path>C:\ti\ccs910\ccs\tools\compiler\ti-cgt-arm_18.12.2.LTS\lib\</path>
         <kind>archive</kind>
         <file>rtsv7M4_T_le_v4SPD16_eabi.lib</file>
         <name>cpy_tbl.c.obj</name>
      </input_file>
      <input_file id="fl-e6">
         <path>C:\ti\ccs910\ccs\tools\compiler\ti-cgt-arm_18.12.2.LTS\lib\</path>
         <kind>archive</kind>
         <file>rtsv7M4_T_le_v4SPD16_eabi.lib</file>
         <name>exit.c.obj</name>
      </input_file>
      <input_file id="fl-e7">
         <path>C:\ti\ccs910\ccs\tools\compiler\ti-cgt-arm_18.12.2.LTS\lib\</path>
         <kind>archive</kind>
         <file>rtsv7M4_T_le_v4SPD16_eabi.lib</file>
         <name>_lock.c.obj</name>
      </input_file>
      <input_file id="fl-e8">
         <path>C:\ti\ccs910\ccs\tools\compiler\ti-cgt-arm_18.12.2.LTS\lib\</path>
         <kind>archive</kind>
         <file>rtsv7M4_T_le_v4SPD16_eabi.lib</file>
         <name>args_main.c.obj</name>
      </input_file>
      <input_file id="fl-e9">
         <path>C:\ti\ccs910\ccs\tools\compiler\ti-cgt-arm_18.12.2.LTS\lib\</path>
         <kind>archive</kind>
         <file>rtsv7M4_T_le_v4SPD16_eabi.lib</file>
         <name>atoi.c.obj</name>
      </input_file>
      <input_file id="fl-ea">
         <path>C:\ti\ccs910\ccs\tools\compiler\ti-cgt-arm_18.12.2.LTS\lib\</path>
         <kind>archive</kind>
         <file>rtsv7M4_T_le_v4SPD16_eabi.lib</file>
         <name>ctype.c.obj</name>
      </input_file>
      <input_file id="fl-eb">
         <path>C:\ti\ccs910\ccs\tools\compiler\ti-cgt-arm_18.12.2.LTS\lib\</path>
         <kind>archive</kind>
         <file>rtsv7M4_T_le_v4SPD16_eabi.lib</file>
         <name>ltoa.c.obj</name>
      </input_file>
      <input_file id="fl-ec">
         <path>C:\ti\ccs910\ccs\tools\compiler\ti-cgt-arm_18.12.2.LTS\lib\</path>
         <kind>archive</kind>
         <file>rtsv7M4_T_le_v4SPD16_eabi.lib</file>
         <name>memccpy.c.obj</name>
      </input_file>
      <input_file id="fl-ed">
         <path>C:\ti\ccs910\ccs\tools\compiler\ti-cgt-arm_18.12.2.LTS\lib\</path>
         <kind>archive</kind>
         <file>rtsv7M4_T_le_v4SPD16_eabi.lib</file>
         <name>strchr.c.obj</name>
      </input_file>
      <input_file id="fl-ee">
         <path>C:\ti\ccs910\ccs\tools\compiler\ti-cgt-arm_18.12.2.LTS\lib\</path>
         <kind>archive</kind>
         <file>rtsv7M4_T_le_v4SPD16_eabi.lib</file>
         <name>wcslen.c.obj</name>
      </input_file>
      <input_file id="fl-ef">
         <path>C:\ti\ccs910\ccs\tools\compiler\ti-cgt-arm_18.12.2.LTS\lib\</path>
         <kind>archive</kind>
         <file>rtsv7M4_T_le_v4SPD16_eabi.lib</file>
         <name>div0.asm.obj</name>
      </input_file>
      <input_file id="fl-f0">
         <path>C:\ti\TivaWare_C_Series-2.1.4.178\driverlib\ccs\Debug\</path>
         <kind>archive</kind>
         <file>driverlib.lib</file>
         <name>interrupt.obj</name>
      </input_file>
      <input_file id="fl-f1">
         <path>C:\ti\TivaWare_C_Series-2.1.4.178\driverlib\ccs\Debug\</path>
         <kind>archive</kind>
         <file>driverlib.lib</file>
         <name>cpu.obj</name>
      </input_file>
   </input_file_list>
   <object_component_list>
      <object_component id="oc-f">
         <name>.intvecs</name>
         <load_address>0x0</load_address>
         <run_address>0x0</run_address>
         <size>0x26c</size>
         <input_file_ref idref="fl-6"/>
      </object_component>
      <object_component id="oc-16a">
         <name>.text:__TI_printfi</name>
         <load_address>0x26c</load_address>
         <run_address>0x26c</run_address>
         <size>0xa4e</size>
         <input_file_ref idref="fl-df"/>
      </object_component>
      <object_component id="oc-307">
         <name>.text:_nop</name>
         <load_address>0xcba</load_address>
         <run_address>0xcba</run_address>
         <size>0x2</size>
         <input_file_ref idref="fl-e7"/>
      </object_component>
      <object_component id="oc-10e">
         <name>.text:pow</name>
         <load_address>0xcbc</load_address>
         <run_address>0xcbc</run_address>
         <size>0x9c0</size>
         <input_file_ref idref="fl-ca"/>
      </object_component>
      <object_component id="oc-f7">
         <name>.text</name>
         <load_address>0x167c</load_address>
         <run_address>0x167c</run_address>
         <size>0x328</size>
         <input_file_ref idref="fl-5"/>
      </object_component>
      <object_component id="oc-df">
         <name>.text</name>
         <load_address>0x19a4</load_address>
         <run_address>0x19a4</run_address>
         <size>0x2a8</size>
         <input_file_ref idref="fl-12"/>
      </object_component>
      <object_component id="oc-25f">
         <name>.text:_pconv_a</name>
         <load_address>0x1c4c</load_address>
         <run_address>0x1c4c</run_address>
         <size>0x270</size>
         <input_file_ref idref="fl-df"/>
      </object_component>
      <object_component id="oc-f1">
         <name>.text</name>
         <load_address>0x1ebc</load_address>
         <run_address>0x1ebc</run_address>
         <size>0x248</size>
         <input_file_ref idref="fl-2"/>
      </object_component>
      <object_component id="oc-24d">
         <name>.text:_pconv_g</name>
         <load_address>0x2104</load_address>
         <run_address>0x2104</run_address>
         <size>0x1d0</size>
         <input_file_ref idref="fl-df"/>
      </object_component>
      <object_component id="oc-1bd">
         <name>.text</name>
         <load_address>0x22d4</load_address>
         <run_address>0x22d4</run_address>
         <size>0x1bc</size>
         <input_file_ref idref="fl-10"/>
      </object_component>
      <object_component id="oc-1d3">
         <name>.text</name>
         <load_address>0x2490</load_address>
         <run_address>0x2490</run_address>
         <size>0x1b6</size>
         <input_file_ref idref="fl-cd"/>
      </object_component>
      <object_component id="oc-3bf">
         <name>.text</name>
         <load_address>0x2646</load_address>
         <run_address>0x2646</run_address>
         <size>0x2</size>
         <input_file_ref idref="fl-ef"/>
      </object_component>
      <object_component id="oc-9f">
         <name>.text</name>
         <load_address>0x2648</load_address>
         <run_address>0x2648</run_address>
         <size>0x1a8</size>
         <input_file_ref idref="fl-4"/>
      </object_component>
      <object_component id="oc-1dd">
         <name>.text:sqrt</name>
         <load_address>0x27f0</load_address>
         <run_address>0x27f0</run_address>
         <size>0x158</size>
         <input_file_ref idref="fl-cb"/>
      </object_component>
      <object_component id="oc-259">
         <name>.text:_pconv_e</name>
         <load_address>0x2948</load_address>
         <run_address>0x2948</run_address>
         <size>0x13c</size>
         <input_file_ref idref="fl-df"/>
      </object_component>
      <object_component id="oc-1d8">
         <name>.text</name>
         <load_address>0x2a84</load_address>
         <run_address>0x2a84</run_address>
         <size>0x136</size>
         <input_file_ref idref="fl-cf"/>
      </object_component>
      <object_component id="oc-346">
         <name>.text:fcvt</name>
         <load_address>0x2bbc</load_address>
         <run_address>0x2bbc</run_address>
         <size>0x124</size>
         <input_file_ref idref="fl-df"/>
      </object_component>
      <object_component id="oc-1f6">
         <name>.text:scalbn</name>
         <load_address>0x2ce0</load_address>
         <run_address>0x2ce0</run_address>
         <size>0x110</size>
         <input_file_ref idref="fl-cc"/>
      </object_component>
      <object_component id="oc-114">
         <name>.text</name>
         <load_address>0x2df0</load_address>
         <run_address>0x2df0</run_address>
         <size>0xfc</size>
         <input_file_ref idref="fl-d0"/>
      </object_component>
      <object_component id="oc-2da">
         <name>.text:aligned_alloc</name>
         <load_address>0x2eec</load_address>
         <run_address>0x2eec</run_address>
         <size>0xf4</size>
         <input_file_ref idref="fl-d8"/>
      </object_component>
      <object_component id="oc-11e">
         <name>.text:free</name>
         <load_address>0x2fe0</load_address>
         <run_address>0x2fe0</run_address>
         <size>0xe8</size>
         <input_file_ref idref="fl-d8"/>
      </object_component>
      <object_component id="oc-1b7">
         <name>.text</name>
         <load_address>0x30c8</load_address>
         <run_address>0x30c8</run_address>
         <size>0xdc</size>
         <input_file_ref idref="fl-f"/>
      </object_component>
      <object_component id="oc-1c3">
         <name>.text</name>
         <load_address>0x31a4</load_address>
         <run_address>0x31a4</run_address>
         <size>0xc4</size>
         <input_file_ref idref="fl-11"/>
      </object_component>
      <object_component id="oc-247">
         <name>.text:_ltostr</name>
         <load_address>0x3268</load_address>
         <run_address>0x3268</run_address>
         <size>0xb1</size>
         <input_file_ref idref="fl-df"/>
      </object_component>
      <object_component id="oc-3b">
         <name>.text</name>
         <load_address>0x331a</load_address>
         <run_address>0x331a</run_address>
         <size>0x9c</size>
         <input_file_ref idref="fl-d4"/>
      </object_component>
      <object_component id="oc-32d">
         <name>.text</name>
         <load_address>0x33b6</load_address>
         <run_address>0x33b6</run_address>
         <size>0x96</size>
         <input_file_ref idref="fl-e1"/>
      </object_component>
      <object_component id="oc-1ec">
         <name>.text:__aeabi_cdcmple</name>
         <load_address>0x344c</load_address>
         <run_address>0x344c</run_address>
         <size>0x86</size>
         <input_file_ref idref="fl-ce"/>
      </object_component>
      <object_component id="oc-1f1">
         <name>.text:__aeabi_cdrcmple</name>
         <load_address>0x34d2</load_address>
         <run_address>0x34d2</run_address>
         <size>0x86</size>
         <input_file_ref idref="fl-ce"/>
      </object_component>
      <object_component id="oc-eb">
         <name>.text</name>
         <load_address>0x3558</load_address>
         <run_address>0x3558</run_address>
         <size>0x80</size>
         <input_file_ref idref="fl-3"/>
      </object_component>
      <object_component id="oc-394">
         <name>.text:split</name>
         <load_address>0x35d8</load_address>
         <run_address>0x35d8</run_address>
         <size>0x7c</size>
         <input_file_ref idref="fl-d8"/>
      </object_component>
      <object_component id="oc-93">
         <name>.text</name>
         <load_address>0x3654</load_address>
         <run_address>0x3654</run_address>
         <size>0x7a</size>
         <input_file_ref idref="fl-e2"/>
      </object_component>
      <object_component id="oc-33f">
         <name>.text:_mcpy</name>
         <load_address>0x36ce</load_address>
         <run_address>0x36ce</run_address>
         <size>0x6e</size>
         <input_file_ref idref="fl-df"/>
      </object_component>
      <object_component id="oc-12">
         <name>.text:decompress:lzss:__TI_decompress_lzss</name>
         <load_address>0x373c</load_address>
         <run_address>0x373c</run_address>
         <size>0x68</size>
         <input_file_ref idref="fl-d7"/>
      </object_component>
      <object_component id="oc-354">
         <name>.text:frexp</name>
         <load_address>0x37a4</load_address>
         <run_address>0x37a4</run_address>
         <size>0x64</size>
         <input_file_ref idref="fl-e0"/>
      </object_component>
      <object_component id="oc-253">
         <name>.text:_pconv_f</name>
         <load_address>0x3808</load_address>
         <run_address>0x3808</run_address>
         <size>0x56</size>
         <input_file_ref idref="fl-df"/>
      </object_component>
      <object_component id="oc-333">
         <name>.text:ltoa</name>
         <load_address>0x385e</load_address>
         <run_address>0x385e</run_address>
         <size>0x54</size>
         <input_file_ref idref="fl-eb"/>
      </object_component>
      <object_component id="oc-339">
         <name>.text:_ecpy</name>
         <load_address>0x38b2</load_address>
         <run_address>0x38b2</run_address>
         <size>0x52</size>
         <input_file_ref idref="fl-df"/>
      </object_component>
      <object_component id="oc-241">
         <name>.text:atoi</name>
         <load_address>0x3904</load_address>
         <run_address>0x3904</run_address>
         <size>0x4c</size>
         <input_file_ref idref="fl-e9"/>
      </object_component>
      <object_component id="oc-fd">
         <name>.text</name>
         <load_address>0x3950</load_address>
         <run_address>0x3950</run_address>
         <size>0x48</size>
         <input_file_ref idref="fl-e"/>
      </object_component>
      <object_component id="oc-119">
         <name>.text</name>
         <load_address>0x3998</load_address>
         <run_address>0x3998</run_address>
         <size>0x48</size>
         <input_file_ref idref="fl-d1"/>
      </object_component>
      <object_component id="oc-135">
         <name>.text:__TI_auto_init_nobinit_nopinit:__TI_auto_init_nobinit_nopinit</name>
         <load_address>0x39e0</load_address>
         <run_address>0x39e0</run_address>
         <size>0x44</size>
         <input_file_ref idref="fl-e3"/>
      </object_component>
      <object_component id="oc-d9">
         <name>.text:sprintf</name>
         <load_address>0x3a24</load_address>
         <run_address>0x3a24</run_address>
         <size>0x40</size>
         <input_file_ref idref="fl-c8"/>
      </object_component>
      <object_component id="oc-1a0">
         <name>.text:vsnprintf</name>
         <load_address>0x3a64</load_address>
         <run_address>0x3a64</run_address>
         <size>0x40</size>
         <input_file_ref idref="fl-c9"/>
      </object_component>
      <object_component id="oc-34c">
         <name>.text:_fcpy</name>
         <load_address>0x3aa4</load_address>
         <run_address>0x3aa4</run_address>
         <size>0x3e</size>
         <input_file_ref idref="fl-df"/>
      </object_component>
      <object_component id="oc-d4">
         <name>.text</name>
         <load_address>0x3ae2</load_address>
         <run_address>0x3ae2</run_address>
         <size>0x38</size>
         <input_file_ref idref="fl-d2"/>
      </object_component>
      <object_component id="oc-18e">
         <name>.text:IntRegister</name>
         <load_address>0x3b1c</load_address>
         <run_address>0x3b1c</run_address>
         <size>0x34</size>
         <input_file_ref idref="fl-f0"/>
      </object_component>
      <object_component id="oc-59">
         <name>.text:_c_int00_noargs:_c_int00_noargs</name>
         <load_address>0x3b50</load_address>
         <run_address>0x3b50</run_address>
         <size>0x34</size>
         <input_file_ref idref="fl-dc"/>
      </object_component>
      <object_component id="oc-29d">
         <name>.text:_outs</name>
         <load_address>0x3b84</load_address>
         <run_address>0x3b84</run_address>
         <size>0x30</size>
         <input_file_ref idref="fl-c9"/>
      </object_component>
      <object_component id="oc-103">
         <name>.text:calloc</name>
         <load_address>0x3bb4</load_address>
         <run_address>0x3bb4</run_address>
         <size>0x30</size>
         <input_file_ref idref="fl-d8"/>
      </object_component>
      <object_component id="oc-109">
         <name>.text</name>
         <load_address>0x3be4</load_address>
         <run_address>0x3be4</run_address>
         <size>0x2e</size>
         <input_file_ref idref="fl-d3"/>
      </object_component>
      <object_component id="oc-20c">
         <name>.text:free_list_insert</name>
         <load_address>0x3c14</load_address>
         <run_address>0x3c14</run_address>
         <size>0x28</size>
         <input_file_ref idref="fl-d8"/>
      </object_component>
      <object_component id="oc-47">
         <name>.text:decompress:ZI:__TI_zero_init_nomemset:__TI_zero_init_nomemset</name>
         <load_address>0x3c3c</load_address>
         <run_address>0x3c3c</run_address>
         <size>0x1c</size>
         <input_file_ref idref="fl-d5"/>
      </object_component>
      <object_component id="oc-206">
         <name>.text:free_list_remove</name>
         <load_address>0x3c58</load_address>
         <run_address>0x3c58</run_address>
         <size>0x1c</size>
         <input_file_ref idref="fl-d8"/>
      </object_component>
      <object_component id="oc-265">
         <name>.text:memccpy</name>
         <load_address>0x3c74</load_address>
         <run_address>0x3c74</run_address>
         <size>0x1c</size>
         <input_file_ref idref="fl-ec"/>
      </object_component>
      <object_component id="oc-2ee">
         <name>.text:copysign</name>
         <load_address>0x3c90</load_address>
         <run_address>0x3c90</run_address>
         <size>0x1a</size>
         <input_file_ref idref="fl-de"/>
      </object_component>
      <object_component id="oc-2a3">
         <name>.text:_outc</name>
         <load_address>0x3caa</load_address>
         <run_address>0x3caa</run_address>
         <size>0x18</size>
         <input_file_ref idref="fl-c9"/>
      </object_component>
      <object_component id="oc-170">
         <name>.text:_outs</name>
         <load_address>0x3cc2</load_address>
         <run_address>0x3cc2</run_address>
         <size>0x18</size>
         <input_file_ref idref="fl-c8"/>
      </object_component>
      <object_component id="oc-1a6">
         <name>.text:strcmp</name>
         <load_address>0x3cda</load_address>
         <run_address>0x3cda</run_address>
         <size>0x18</size>
         <input_file_ref idref="fl-d9"/>
      </object_component>
      <object_component id="oc-35a">
         <name>.text:strchr</name>
         <load_address>0x3cf2</load_address>
         <run_address>0x3cf2</run_address>
         <size>0x16</size>
         <input_file_ref idref="fl-ed"/>
      </object_component>
      <object_component id="oc-1ac">
         <name>.text:strcpy</name>
         <load_address>0x3d08</load_address>
         <run_address>0x3d08</run_address>
         <size>0x14</size>
         <input_file_ref idref="fl-da"/>
      </object_component>
      <object_component id="oc-e5">
         <name>.text:strlen</name>
         <load_address>0x3d1c</load_address>
         <run_address>0x3d1c</run_address>
         <size>0x14</size>
         <input_file_ref idref="fl-db"/>
      </object_component>
      <object_component id="oc-26b">
         <name>.text:wcslen</name>
         <load_address>0x3d30</load_address>
         <run_address>0x3d30</run_address>
         <size>0x12</size>
         <input_file_ref idref="fl-ee"/>
      </object_component>
      <object_component id="oc-2bb">
         <name>.text:IntMasterEnable</name>
         <load_address>0x3d42</load_address>
         <run_address>0x3d42</run_address>
         <size>0x10</size>
         <input_file_ref idref="fl-f0"/>
      </object_component>
      <object_component id="oc-199">
         <name>.text:lcd_clear</name>
         <load_address>0x3d52</load_address>
         <run_address>0x3d52</run_address>
         <size>0x10</size>
         <input_file_ref idref="fl-5"/>
      </object_component>
      <object_component id="oc-18">
         <name>.text:decompress:none:__TI_decompress_none</name>
         <load_address>0x3d62</load_address>
         <run_address>0x3d62</run_address>
         <size>0xe</size>
         <input_file_ref idref="fl-d6"/>
      </object_component>
      <object_component id="oc-387">
         <name>.text:CPUcpsie</name>
         <load_address>0x3d70</load_address>
         <run_address>0x3d70</run_address>
         <size>0xc</size>
         <input_file_ref idref="fl-f1"/>
      </object_component>
      <object_component id="oc-27">
         <name>.text</name>
         <load_address>0x3d7c</load_address>
         <run_address>0x3d7c</run_address>
         <size>0xc</size>
         <input_file_ref idref="fl-6"/>
      </object_component>
      <object_component id="oc-176">
         <name>.text:_outc</name>
         <load_address>0x3d88</load_address>
         <run_address>0x3d88</run_address>
         <size>0xa</size>
         <input_file_ref idref="fl-c8"/>
      </object_component>
      <object_component id="oc-1e3">
         <name>.text:__aeabi_errno_addr</name>
         <load_address>0x3d94</load_address>
         <run_address>0x3d94</run_address>
         <size>0x8</size>
         <input_file_ref idref="fl-dd"/>
      </object_component>
      <object_component id="oc-1cb">
         <name>.text:malloc</name>
         <load_address>0x3d9c</load_address>
         <run_address>0x3d9c</run_address>
         <size>0x8</size>
         <input_file_ref idref="fl-d8"/>
      </object_component>
      <object_component id="oc-99">
         <name>.text:_system_pre_init</name>
         <load_address>0x3da4</load_address>
         <run_address>0x3da4</run_address>
         <size>0x4</size>
         <input_file_ref idref="fl-e4"/>
      </object_component>
      <object_component id="oc-129">
         <name>.text:abort:abort</name>
         <load_address>0x3da8</load_address>
         <run_address>0x3da8</run_address>
         <size>0x4</size>
         <input_file_ref idref="fl-e6"/>
      </object_component>
      <object_component id="oc-328">
         <name>.const:.string:_ctypes_</name>
         <load_address>0x3db0</load_address>
         <run_address>0x3db0</run_address>
         <size>0x101</size>
         <input_file_ref idref="fl-ea"/>
      </object_component>
      <object_component id="oc-1b2">
         <name>.const:.string:lineAddress$1</name>
         <load_address>0x3eb1</load_address>
         <run_address>0x3eb1</run_address>
         <size>0x4</size>
         <input_file_ref idref="fl-5"/>
      </object_component>
      <object_component id="oc-1e9">
         <name>.const:$O1$$</name>
         <load_address>0x3eb8</load_address>
         <run_address>0x3eb8</run_address>
         <size>0x30</size>
         <input_file_ref idref="fl-ca"/>
      </object_component>
      <object_component id="oc-124">
         <name>.const:.string:$P$T0$1</name>
         <load_address>0x3ee8</load_address>
         <run_address>0x3ee8</run_address>
         <size>0x25</size>
         <input_file_ref idref="fl-4"/>
      </object_component>
      <object_component id="oc-1b3">
         <name>.const:.string:lineAddresses$2</name>
         <load_address>0x3f0d</load_address>
         <run_address>0x3f0d</run_address>
         <size>0x4</size>
         <input_file_ref idref="fl-5"/>
      </object_component>
      <object_component id="oc-412">
         <name>.cinit..data.load</name>
         <load_address>0x3f18</load_address>
         <run_address>0x3f18</run_address>
         <size>0xd</size>
      </object_component>
      <object_component id="oc-40f">
         <name>__TI_handler_table</name>
         <load_address>0x3f28</load_address>
         <run_address>0x3f28</run_address>
         <size>0xc</size>
      </object_component>
      <object_component id="oc-413">
         <name>.cinit..bss.load</name>
         <load_address>0x3f38</load_address>
         <run_address>0x3f38</run_address>
         <size>0x8</size>
      </object_component>
      <object_component id="oc-411">
         <name>.cinit..vtable.load</name>
         <load_address>0x3f40</load_address>
         <run_address>0x3f40</run_address>
         <size>0x8</size>
      </object_component>
      <object_component id="oc-410">
         <name>__TI_cinit_table</name>
         <load_address>0x3f48</load_address>
         <run_address>0x3f48</run_address>
         <size>0x18</size>
      </object_component>
      <object_component id="oc-291">
         <name>.vtable</name>
         <uninitialized>true</uninitialized>
         <run_address>0x20000000</run_address>
         <size>0x26c</size>
         <input_file_ref idref="fl-f0"/>
      </object_component>
      <object_component id="oc-194">
         <name>.data</name>
         <load_address>0x20002328</load_address>
         <run_address>0x20002328</run_address>
         <size>0x1</size>
         <input_file_ref idref="fl-2"/>
      </object_component>
      <object_component id="oc-18c">
         <name>.data</name>
         <load_address>0x20002329</load_address>
         <run_address>0x20002329</run_address>
         <size>0x1</size>
         <input_file_ref idref="fl-3"/>
      </object_component>
      <object_component id="oc-186">
         <name>.data</name>
         <load_address>0x20002320</load_address>
         <run_address>0x20002320</run_address>
         <size>0x4</size>
         <input_file_ref idref="fl-12"/>
      </object_component>
      <object_component id="oc-302">
         <name>.data:$O1$$</name>
         <load_address>0x20002318</load_address>
         <run_address>0x20002318</run_address>
         <size>0x8</size>
         <input_file_ref idref="fl-d8"/>
      </object_component>
      <object_component id="oc-2e5">
         <name>.data</name>
         <load_address>0x20002324</load_address>
         <run_address>0x20002324</run_address>
         <size>0x4</size>
         <input_file_ref idref="fl-dd"/>
      </object_component>
      <object_component id="oc-212">
         <name>.data:$O1$$</name>
         <load_address>0x20002310</load_address>
         <run_address>0x20002310</run_address>
         <size>0x8</size>
         <input_file_ref idref="fl-e7"/>
      </object_component>
      <object_component id="oc-1b4">
         <name>.bss:lastbuffer$3</name>
         <uninitialized>true</uninitialized>
         <run_address>0x20002270</run_address>
         <size>0x54</size>
         <input_file_ref idref="fl-5"/>
      </object_component>
      <object_component id="oc-197">
         <name>.common:_timeout_ticks</name>
         <uninitialized>true</uninitialized>
         <run_address>0x200022f8</run_address>
         <size>0x4</size>
      </object_component>
      <object_component id="oc-2c1">
         <name>.common:isr_int_value</name>
         <uninitialized>true</uninitialized>
         <run_address>0x20002300</run_address>
         <size>0x4</size>
      </object_component>
      <object_component id="oc-2c9">
         <name>.common:risingEdge</name>
         <uninitialized>true</uninitialized>
         <run_address>0x20002308</run_address>
         <size>0x4</size>
      </object_component>
      <object_component id="oc-2c8">
         <name>.common:fallingEdge</name>
         <uninitialized>true</uninitialized>
         <run_address>0x200022fc</run_address>
         <size>0x4</size>
      </object_component>
      <object_component id="oc-2ca">
         <name>.common:pulseLength</name>
         <uninitialized>true</uninitialized>
         <run_address>0x20002304</run_address>
         <size>0x4</size>
      </object_component>
      <object_component id="oc-2c5">
         <name>.common:isRisingEdge</name>
         <uninitialized>true</uninitialized>
         <run_address>0x2000230c</run_address>
         <size>0x1</size>
      </object_component>
      <object_component id="oc-183">
         <name>.common:isr_char_buffer</name>
         <uninitialized>true</uninitialized>
         <run_address>0x200022c4</run_address>
         <size>0x34</size>
      </object_component>
      <object_component id="oc-21">
         <name>.sysmem</name>
         <uninitialized>true</uninitialized>
         <run_address>0x20001270</run_address>
         <size>0x10</size>
         <input_file_ref idref="fl-d8"/>
      </object_component>
      <object_component id="oc-415">
         <name>.sysmem</name>
         <uninitialized>true</uninitialized>
         <run_address>0x20001270</run_address>
         <size>0x0</size>
      </object_component>
      <object_component id="oc-24">
         <name>.stack</name>
         <uninitialized>true</uninitialized>
         <run_address>0x20000270</run_address>
         <size>0x4</size>
         <input_file_ref idref="fl-dc"/>
      </object_component>
      <object_component id="oc-414">
         <name>.stack</name>
         <uninitialized>true</uninitialized>
         <run_address>0x20000270</run_address>
         <size>0x0</size>
      </object_component>
      <object_component id="oc-c2">
         <name>.debug_info</name>
         <load_address>0x0</load_address>
         <run_address>0x0</run_address>
         <size>0x2ba</size>
         <input_file_ref idref="fl-2"/>
      </object_component>
      <object_component id="oc-195">
         <name>.debug_info</name>
         <load_address>0x2ba</load_address>
         <run_address>0x2ba</run_address>
         <size>0xc8</size>
         <input_file_ref idref="fl-2"/>
      </object_component>
      <object_component id="oc-f5">
         <name>.debug_info</name>
         <load_address>0x382</load_address>
         <run_address>0x382</run_address>
         <size>0x510</size>
         <input_file_ref idref="fl-2"/>
      </object_component>
      <object_component id="oc-74">
         <name>.debug_info</name>
         <load_address>0x892</load_address>
         <run_address>0x892</run_address>
         <size>0x26b</size>
         <input_file_ref idref="fl-2"/>
      </object_component>
      <object_component id="oc-36">
         <name>.debug_info</name>
         <load_address>0xafd</load_address>
         <run_address>0xafd</run_address>
         <size>0x84</size>
         <input_file_ref idref="fl-2"/>
      </object_component>
      <object_component id="oc-bd">
         <name>.debug_info</name>
         <load_address>0xb81</load_address>
         <run_address>0xb81</run_address>
         <size>0x297</size>
         <input_file_ref idref="fl-2"/>
      </object_component>
      <object_component id="oc-79">
         <name>.debug_info</name>
         <load_address>0xe18</load_address>
         <run_address>0xe18</run_address>
         <size>0xbb</size>
         <input_file_ref idref="fl-2"/>
      </object_component>
      <object_component id="oc-ef">
         <name>.debug_info</name>
         <load_address>0xed3</load_address>
         <run_address>0xed3</run_address>
         <size>0x1c2</size>
         <input_file_ref idref="fl-3"/>
      </object_component>
      <object_component id="oc-128">
         <name>.debug_info</name>
         <load_address>0x1095</load_address>
         <run_address>0x1095</run_address>
         <size>0x525</size>
         <input_file_ref idref="fl-4"/>
      </object_component>
      <object_component id="oc-125">
         <name>.debug_info</name>
         <load_address>0x15ba</load_address>
         <run_address>0x15ba</run_address>
         <size>0xcd</size>
         <input_file_ref idref="fl-4"/>
      </object_component>
      <object_component id="oc-a0">
         <name>.debug_info</name>
         <load_address>0x1687</load_address>
         <run_address>0x1687</run_address>
         <size>0x3d6</size>
         <input_file_ref idref="fl-4"/>
      </object_component>
      <object_component id="oc-21a">
         <name>.debug_info</name>
         <load_address>0x1a5d</load_address>
         <run_address>0x1a5d</run_address>
         <size>0x5e</size>
         <input_file_ref idref="fl-4"/>
      </object_component>
      <object_component id="oc-21f">
         <name>.debug_info</name>
         <load_address>0x1abb</load_address>
         <run_address>0x1abb</run_address>
         <size>0xcc</size>
         <input_file_ref idref="fl-4"/>
      </object_component>
      <object_component id="oc-17e">
         <name>.debug_info</name>
         <load_address>0x1b87</load_address>
         <run_address>0x1b87</run_address>
         <size>0x2c</size>
         <input_file_ref idref="fl-4"/>
      </object_component>
      <object_component id="oc-1b6">
         <name>.debug_info</name>
         <load_address>0x1bb3</load_address>
         <run_address>0x1bb3</run_address>
         <size>0x382</size>
         <input_file_ref idref="fl-5"/>
      </object_component>
      <object_component id="oc-19a">
         <name>.debug_info</name>
         <load_address>0x1f35</load_address>
         <run_address>0x1f35</run_address>
         <size>0x11d</size>
         <input_file_ref idref="fl-5"/>
      </object_component>
      <object_component id="oc-fa">
         <name>.debug_info</name>
         <load_address>0x2052</load_address>
         <run_address>0x2052</run_address>
         <size>0x8a9</size>
         <input_file_ref idref="fl-5"/>
      </object_component>
      <object_component id="oc-2f">
         <name>.debug_info</name>
         <load_address>0x28fb</load_address>
         <run_address>0x28fb</run_address>
         <size>0x2a4</size>
         <input_file_ref idref="fl-6"/>
      </object_component>
      <object_component id="oc-10">
         <name>.debug_info</name>
         <load_address>0x2b9f</load_address>
         <run_address>0x2b9f</run_address>
         <size>0xe3</size>
         <input_file_ref idref="fl-6"/>
      </object_component>
      <object_component id="oc-2a">
         <name>.debug_info</name>
         <load_address>0x2c82</load_address>
         <run_address>0x2c82</run_address>
         <size>0x25f</size>
         <input_file_ref idref="fl-6"/>
      </object_component>
      <object_component id="oc-1ca">
         <name>.debug_info</name>
         <load_address>0x2ee1</load_address>
         <run_address>0x2ee1</run_address>
         <size>0x39a</size>
         <input_file_ref idref="fl-e"/>
      </object_component>
      <object_component id="oc-101">
         <name>.debug_info</name>
         <load_address>0x327b</load_address>
         <run_address>0x327b</run_address>
         <size>0x281</size>
         <input_file_ref idref="fl-e"/>
      </object_component>
      <object_component id="oc-2d5">
         <name>.debug_info</name>
         <load_address>0x34fc</load_address>
         <run_address>0x34fc</run_address>
         <size>0x5e</size>
         <input_file_ref idref="fl-e"/>
      </object_component>
      <object_component id="oc-288">
         <name>.debug_info</name>
         <load_address>0x355a</load_address>
         <run_address>0x355a</run_address>
         <size>0x26b</size>
         <input_file_ref idref="fl-e"/>
      </object_component>
      <object_component id="oc-376">
         <name>.debug_info</name>
         <load_address>0x37c5</load_address>
         <run_address>0x37c5</run_address>
         <size>0x297</size>
         <input_file_ref idref="fl-e"/>
      </object_component>
      <object_component id="oc-283">
         <name>.debug_info</name>
         <load_address>0x3a5c</load_address>
         <run_address>0x3a5c</run_address>
         <size>0xbb</size>
         <input_file_ref idref="fl-e"/>
      </object_component>
      <object_component id="oc-2c2">
         <name>.debug_info</name>
         <load_address>0x3b17</load_address>
         <run_address>0x3b17</run_address>
         <size>0x2f1</size>
         <input_file_ref idref="fl-f"/>
      </object_component>
      <object_component id="oc-1b9">
         <name>.debug_info</name>
         <load_address>0x3e08</load_address>
         <run_address>0x3e08</run_address>
         <size>0x27b</size>
         <input_file_ref idref="fl-f"/>
      </object_component>
      <object_component id="oc-2c6">
         <name>.debug_info</name>
         <load_address>0x4083</load_address>
         <run_address>0x4083</run_address>
         <size>0x3a8</size>
         <input_file_ref idref="fl-10"/>
      </object_component>
      <object_component id="oc-1c0">
         <name>.debug_info</name>
         <load_address>0x442b</load_address>
         <run_address>0x442b</run_address>
         <size>0x263</size>
         <input_file_ref idref="fl-10"/>
      </object_component>
      <object_component id="oc-2cc">
         <name>.debug_info</name>
         <load_address>0x468e</load_address>
         <run_address>0x468e</run_address>
         <size>0x8b</size>
         <input_file_ref idref="fl-10"/>
      </object_component>
      <object_component id="oc-2d2">
         <name>.debug_info</name>
         <load_address>0x4719</load_address>
         <run_address>0x4719</run_address>
         <size>0x277</size>
         <input_file_ref idref="fl-11"/>
      </object_component>
      <object_component id="oc-1c5">
         <name>.debug_info</name>
         <load_address>0x4990</load_address>
         <run_address>0x4990</run_address>
         <size>0x269</size>
         <input_file_ref idref="fl-11"/>
      </object_component>
      <object_component id="oc-184">
         <name>.debug_info</name>
         <load_address>0x4bf9</load_address>
         <run_address>0x4bf9</run_address>
         <size>0x32b</size>
         <input_file_ref idref="fl-12"/>
      </object_component>
      <object_component id="oc-187">
         <name>.debug_info</name>
         <load_address>0x4f24</load_address>
         <run_address>0x4f24</run_address>
         <size>0xee</size>
         <input_file_ref idref="fl-12"/>
      </object_component>
      <object_component id="oc-e2">
         <name>.debug_info</name>
         <load_address>0x5012</load_address>
         <run_address>0x5012</run_address>
         <size>0x608</size>
         <input_file_ref idref="fl-12"/>
      </object_component>
      <object_component id="oc-17d">
         <name>.debug_info</name>
         <load_address>0x561a</load_address>
         <run_address>0x561a</run_address>
         <size>0x334</size>
         <input_file_ref idref="fl-c8"/>
      </object_component>
      <object_component id="oc-dd">
         <name>.debug_info</name>
         <load_address>0x594e</load_address>
         <run_address>0x594e</run_address>
         <size>0x1d2</size>
         <input_file_ref idref="fl-c8"/>
      </object_component>
      <object_component id="oc-172">
         <name>.debug_info</name>
         <load_address>0x5b20</load_address>
         <run_address>0x5b20</run_address>
         <size>0x18e</size>
         <input_file_ref idref="fl-c8"/>
      </object_component>
      <object_component id="oc-178">
         <name>.debug_info</name>
         <load_address>0x5cae</load_address>
         <run_address>0x5cae</run_address>
         <size>0x16e</size>
         <input_file_ref idref="fl-c8"/>
      </object_component>
      <object_component id="oc-2ab">
         <name>.debug_info</name>
         <load_address>0x5e1c</load_address>
         <run_address>0x5e1c</run_address>
         <size>0x2c</size>
         <input_file_ref idref="fl-c8"/>
      </object_component>
      <object_component id="oc-2aa">
         <name>.debug_info</name>
         <load_address>0x5e48</load_address>
         <run_address>0x5e48</run_address>
         <size>0x341</size>
         <input_file_ref idref="fl-c9"/>
      </object_component>
      <object_component id="oc-1a2">
         <name>.debug_info</name>
         <load_address>0x6189</load_address>
         <run_address>0x6189</run_address>
         <size>0x209</size>
         <input_file_ref idref="fl-c9"/>
      </object_component>
      <object_component id="oc-29f">
         <name>.debug_info</name>
         <load_address>0x6392</load_address>
         <run_address>0x6392</run_address>
         <size>0x1c7</size>
         <input_file_ref idref="fl-c9"/>
      </object_component>
      <object_component id="oc-2a4">
         <name>.debug_info</name>
         <load_address>0x6559</load_address>
         <run_address>0x6559</run_address>
         <size>0x17a</size>
         <input_file_ref idref="fl-c9"/>
      </object_component>
      <object_component id="oc-2b0">
         <name>.debug_info</name>
         <load_address>0x66d3</load_address>
         <run_address>0x66d3</run_address>
         <size>0x69</size>
         <input_file_ref idref="fl-c9"/>
      </object_component>
      <object_component id="oc-202">
         <name>.debug_info</name>
         <load_address>0x673c</load_address>
         <run_address>0x673c</run_address>
         <size>0x364</size>
         <input_file_ref idref="fl-ca"/>
      </object_component>
      <object_component id="oc-1ea">
         <name>.debug_info</name>
         <load_address>0x6aa0</load_address>
         <run_address>0x6aa0</run_address>
         <size>0x129</size>
         <input_file_ref idref="fl-ca"/>
      </object_component>
      <object_component id="oc-10f">
         <name>.debug_info</name>
         <load_address>0x6bc9</load_address>
         <run_address>0x6bc9</run_address>
         <size>0xbe0</size>
         <input_file_ref idref="fl-ca"/>
      </object_component>
      <object_component id="oc-2fb">
         <name>.debug_info</name>
         <load_address>0x77a9</load_address>
         <run_address>0x77a9</run_address>
         <size>0x46</size>
         <input_file_ref idref="fl-ca"/>
      </object_component>
      <object_component id="oc-1fd">
         <name>.debug_info</name>
         <load_address>0x77ef</load_address>
         <run_address>0x77ef</run_address>
         <size>0x39</size>
         <input_file_ref idref="fl-ca"/>
      </object_component>
      <object_component id="oc-2e4">
         <name>.debug_info</name>
         <load_address>0x7828</load_address>
         <run_address>0x7828</run_address>
         <size>0x2cb</size>
         <input_file_ref idref="fl-cb"/>
      </object_component>
      <object_component id="oc-1de">
         <name>.debug_info</name>
         <load_address>0x7af3</load_address>
         <run_address>0x7af3</run_address>
         <size>0x24e</size>
         <input_file_ref idref="fl-cb"/>
      </object_component>
      <object_component id="oc-2f5">
         <name>.debug_info</name>
         <load_address>0x7d41</load_address>
         <run_address>0x7d41</run_address>
         <size>0x2fe</size>
         <input_file_ref idref="fl-cc"/>
      </object_component>
      <object_component id="oc-1f8">
         <name>.debug_info</name>
         <load_address>0x803f</load_address>
         <run_address>0x803f</run_address>
         <size>0x226</size>
         <input_file_ref idref="fl-cc"/>
      </object_component>
      <object_component id="oc-3a4">
         <name>.debug_info</name>
         <load_address>0x8265</load_address>
         <run_address>0x8265</run_address>
         <size>0x39</size>
         <input_file_ref idref="fl-cc"/>
      </object_component>
      <object_component id="oc-2f6">
         <name>.debug_info</name>
         <load_address>0x829e</load_address>
         <run_address>0x829e</run_address>
         <size>0x2c</size>
         <input_file_ref idref="fl-cc"/>
      </object_component>
      <object_component id="oc-1d4">
         <name>.debug_info</name>
         <load_address>0x82ca</load_address>
         <run_address>0x82ca</run_address>
         <size>0x14d</size>
         <input_file_ref idref="fl-cd"/>
      </object_component>
      <object_component id="oc-1ed">
         <name>.debug_info</name>
         <load_address>0x8417</load_address>
         <run_address>0x8417</run_address>
         <size>0x129</size>
         <input_file_ref idref="fl-ce"/>
      </object_component>
      <object_component id="oc-1f4">
         <name>.debug_info</name>
         <load_address>0x8540</load_address>
         <run_address>0x8540</run_address>
         <size>0x12b</size>
         <input_file_ref idref="fl-ce"/>
      </object_component>
      <object_component id="oc-1d9">
         <name>.debug_info</name>
         <load_address>0x866b</load_address>
         <run_address>0x866b</run_address>
         <size>0x13b</size>
         <input_file_ref idref="fl-cf"/>
      </object_component>
      <object_component id="oc-117">
         <name>.debug_info</name>
         <load_address>0x87a6</load_address>
         <run_address>0x87a6</run_address>
         <size>0x13b</size>
         <input_file_ref idref="fl-d0"/>
      </object_component>
      <object_component id="oc-11b">
         <name>.debug_info</name>
         <load_address>0x88e1</load_address>
         <run_address>0x88e1</run_address>
         <size>0x12f</size>
         <input_file_ref idref="fl-d1"/>
      </object_component>
      <object_component id="oc-d7">
         <name>.debug_info</name>
         <load_address>0x8a10</load_address>
         <run_address>0x8a10</run_address>
         <size>0x12d</size>
         <input_file_ref idref="fl-d2"/>
      </object_component>
      <object_component id="oc-10c">
         <name>.debug_info</name>
         <load_address>0x8b3d</load_address>
         <run_address>0x8b3d</run_address>
         <size>0x12d</size>
         <input_file_ref idref="fl-d3"/>
      </object_component>
      <object_component id="oc-3e">
         <name>.debug_info</name>
         <load_address>0x8c6a</load_address>
         <run_address>0x8c6a</run_address>
         <size>0x11a</size>
         <input_file_ref idref="fl-d4"/>
      </object_component>
      <object_component id="oc-92">
         <name>.debug_info</name>
         <load_address>0x8d84</load_address>
         <run_address>0x8d84</run_address>
         <size>0x2d5</size>
         <input_file_ref idref="fl-d5"/>
      </object_component>
      <object_component id="oc-49">
         <name>.debug_info</name>
         <load_address>0x9059</load_address>
         <run_address>0x9059</run_address>
         <size>0x1d3</size>
         <input_file_ref idref="fl-d5"/>
      </object_component>
      <object_component id="oc-8d">
         <name>.debug_info</name>
         <load_address>0x922c</load_address>
         <run_address>0x922c</run_address>
         <size>0x46</size>
         <input_file_ref idref="fl-d5"/>
      </object_component>
      <object_component id="oc-cb">
         <name>.debug_info</name>
         <load_address>0x9272</load_address>
         <run_address>0x9272</run_address>
         <size>0x2c</size>
         <input_file_ref idref="fl-d5"/>
      </object_component>
      <object_component id="oc-46">
         <name>.debug_info</name>
         <load_address>0x929e</load_address>
         <run_address>0x929e</run_address>
         <size>0x2a9</size>
         <input_file_ref idref="fl-d6"/>
      </object_component>
      <object_component id="oc-1b">
         <name>.debug_info</name>
         <load_address>0x9547</load_address>
         <run_address>0x9547</run_address>
         <size>0x1eb</size>
         <input_file_ref idref="fl-d6"/>
      </object_component>
      <object_component id="oc-41">
         <name>.debug_info</name>
         <load_address>0x9732</load_address>
         <run_address>0x9732</run_address>
         <size>0x46</size>
         <input_file_ref idref="fl-d6"/>
      </object_component>
      <object_component id="oc-85">
         <name>.debug_info</name>
         <load_address>0x9778</load_address>
         <run_address>0x9778</run_address>
         <size>0x2c</size>
         <input_file_ref idref="fl-d6"/>
      </object_component>
      <object_component id="oc-83">
         <name>.debug_info</name>
         <load_address>0x97a4</load_address>
         <run_address>0x97a4</run_address>
         <size>0x29f</size>
         <input_file_ref idref="fl-d7"/>
      </object_component>
      <object_component id="oc-15">
         <name>.debug_info</name>
         <load_address>0x9a43</load_address>
         <run_address>0x9a43</run_address>
         <size>0x251</size>
         <input_file_ref idref="fl-d7"/>
      </object_component>
      <object_component id="oc-31">
         <name>.debug_info</name>
         <load_address>0x9c94</load_address>
         <run_address>0x9c94</run_address>
         <size>0x60</size>
         <input_file_ref idref="fl-d7"/>
      </object_component>
      <object_component id="oc-c4">
         <name>.debug_info</name>
         <load_address>0x9cf4</load_address>
         <run_address>0x9cf4</run_address>
         <size>0x46</size>
         <input_file_ref idref="fl-d7"/>
      </object_component>
      <object_component id="oc-7e">
         <name>.debug_info</name>
         <load_address>0x9d3a</load_address>
         <run_address>0x9d3a</run_address>
         <size>0x39</size>
         <input_file_ref idref="fl-d7"/>
      </object_component>
      <object_component id="oc-6d">
         <name>.debug_info</name>
         <load_address>0x9d73</load_address>
         <run_address>0x9d73</run_address>
         <size>0x3b3</size>
         <input_file_ref idref="fl-d8"/>
      </object_component>
      <object_component id="oc-22">
         <name>.debug_info</name>
         <load_address>0xa126</load_address>
         <run_address>0xa126</run_address>
         <size>0x10d</size>
         <input_file_ref idref="fl-d8"/>
      </object_component>
      <object_component id="oc-303">
         <name>.debug_info</name>
         <load_address>0xa233</load_address>
         <run_address>0xa233</run_address>
         <size>0x140</size>
         <input_file_ref idref="fl-d8"/>
      </object_component>
      <object_component id="oc-1cd">
         <name>.debug_info</name>
         <load_address>0xa373</load_address>
         <run_address>0xa373</run_address>
         <size>0x169</size>
         <input_file_ref idref="fl-d8"/>
      </object_component>
      <object_component id="oc-208">
         <name>.debug_info</name>
         <load_address>0xa4dc</load_address>
         <run_address>0xa4dc</run_address>
         <size>0x18f</size>
         <input_file_ref idref="fl-d8"/>
      </object_component>
      <object_component id="oc-20e">
         <name>.debug_info</name>
         <load_address>0xa66b</load_address>
         <run_address>0xa66b</run_address>
         <size>0x1a0</size>
         <input_file_ref idref="fl-d8"/>
      </object_component>
      <object_component id="oc-11f">
         <name>.debug_info</name>
         <load_address>0xa80b</load_address>
         <run_address>0xa80b</run_address>
         <size>0x204</size>
         <input_file_ref idref="fl-d8"/>
      </object_component>
      <object_component id="oc-395">
         <name>.debug_info</name>
         <load_address>0xaa0f</load_address>
         <run_address>0xaa0f</run_address>
         <size>0x1dc</size>
         <input_file_ref idref="fl-d8"/>
      </object_component>
      <object_component id="oc-104">
         <name>.debug_info</name>
         <load_address>0xabeb</load_address>
         <run_address>0xabeb</run_address>
         <size>0x1a6</size>
         <input_file_ref idref="fl-d8"/>
      </object_component>
      <object_component id="oc-2dc">
         <name>.debug_info</name>
         <load_address>0xad91</load_address>
         <run_address>0xad91</run_address>
         <size>0x29a</size>
         <input_file_ref idref="fl-d8"/>
      </object_component>
      <object_component id="oc-b8">
         <name>.debug_info</name>
         <load_address>0xb02b</load_address>
         <run_address>0xb02b</run_address>
         <size>0xb2</size>
         <input_file_ref idref="fl-d8"/>
      </object_component>
      <object_component id="oc-b3">
         <name>.debug_info</name>
         <load_address>0xb0dd</load_address>
         <run_address>0xb0dd</run_address>
         <size>0x2c</size>
         <input_file_ref idref="fl-d8"/>
      </object_component>
      <object_component id="oc-2b6">
         <name>.debug_info</name>
         <load_address>0xb109</load_address>
         <run_address>0xb109</run_address>
         <size>0x28b</size>
         <input_file_ref idref="fl-d9"/>
      </object_component>
      <object_component id="oc-1a8">
         <name>.debug_info</name>
         <load_address>0xb394</load_address>
         <run_address>0xb394</run_address>
         <size>0x274</size>
         <input_file_ref idref="fl-d9"/>
      </object_component>
      <object_component id="oc-2b8">
         <name>.debug_info</name>
         <load_address>0xb608</load_address>
         <run_address>0xb608</run_address>
         <size>0x2a5</size>
         <input_file_ref idref="fl-da"/>
      </object_component>
      <object_component id="oc-1ad">
         <name>.debug_info</name>
         <load_address>0xb8ad</load_address>
         <run_address>0xb8ad</run_address>
         <size>0x24d</size>
         <input_file_ref idref="fl-da"/>
      </object_component>
      <object_component id="oc-18b">
         <name>.debug_info</name>
         <load_address>0xbafa</load_address>
         <run_address>0xbafa</run_address>
         <size>0x290</size>
         <input_file_ref idref="fl-db"/>
      </object_component>
      <object_component id="oc-e9">
         <name>.debug_info</name>
         <load_address>0xbd8a</load_address>
         <run_address>0xbd8a</run_address>
         <size>0x246</size>
         <input_file_ref idref="fl-db"/>
      </object_component>
      <object_component id="oc-25">
         <name>.debug_info</name>
         <load_address>0xbfd0</load_address>
         <run_address>0xbfd0</run_address>
         <size>0x10c</size>
         <input_file_ref idref="fl-dc"/>
      </object_component>
      <object_component id="oc-5a">
         <name>.debug_info</name>
         <load_address>0xc0dc</load_address>
         <run_address>0xc0dc</run_address>
         <size>0x1aa</size>
         <input_file_ref idref="fl-dc"/>
      </object_component>
      <object_component id="oc-2e9">
         <name>.debug_info</name>
         <load_address>0xc286</load_address>
         <run_address>0xc286</run_address>
         <size>0x28a</size>
         <input_file_ref idref="fl-dd"/>
      </object_component>
      <object_component id="oc-2e6">
         <name>.debug_info</name>
         <load_address>0xc510</load_address>
         <run_address>0xc510</run_address>
         <size>0x10f</size>
         <input_file_ref idref="fl-dd"/>
      </object_component>
      <object_component id="oc-1e4">
         <name>.debug_info</name>
         <load_address>0xc61f</load_address>
         <run_address>0xc61f</run_address>
         <size>0x14f</size>
         <input_file_ref idref="fl-dd"/>
      </object_component>
      <object_component id="oc-2ef">
         <name>.debug_info</name>
         <load_address>0xc76e</load_address>
         <run_address>0xc76e</run_address>
         <size>0x162</size>
         <input_file_ref idref="fl-de"/>
      </object_component>
      <object_component id="oc-272">
         <name>.debug_info</name>
         <load_address>0xc8d0</load_address>
         <run_address>0xc8d0</run_address>
         <size>0x57c</size>
         <input_file_ref idref="fl-df"/>
      </object_component>
      <object_component id="oc-249">
         <name>.debug_info</name>
         <load_address>0xce4c</load_address>
         <run_address>0xce4c</run_address>
         <size>0x21f</size>
         <input_file_ref idref="fl-df"/>
      </object_component>
      <object_component id="oc-33b">
         <name>.debug_info</name>
         <load_address>0xd06b</load_address>
         <run_address>0xd06b</run_address>
         <size>0x1b4</size>
         <input_file_ref idref="fl-df"/>
      </object_component>
      <object_component id="oc-341">
         <name>.debug_info</name>
         <load_address>0xd21f</load_address>
         <run_address>0xd21f</run_address>
         <size>0x21c</size>
         <input_file_ref idref="fl-df"/>
      </object_component>
      <object_component id="oc-24e">
         <name>.debug_info</name>
         <load_address>0xd43b</load_address>
         <run_address>0xd43b</run_address>
         <size>0x3bc</size>
         <input_file_ref idref="fl-df"/>
      </object_component>
      <object_component id="oc-348">
         <name>.debug_info</name>
         <load_address>0xd7f7</load_address>
         <run_address>0xd7f7</run_address>
         <size>0x306</size>
         <input_file_ref idref="fl-df"/>
      </object_component>
      <object_component id="oc-34d">
         <name>.debug_info</name>
         <load_address>0xdafd</load_address>
         <run_address>0xdafd</run_address>
         <size>0x216</size>
         <input_file_ref idref="fl-df"/>
      </object_component>
      <object_component id="oc-255">
         <name>.debug_info</name>
         <load_address>0xdd13</load_address>
         <run_address>0xdd13</run_address>
         <size>0x216</size>
         <input_file_ref idref="fl-df"/>
      </object_component>
      <object_component id="oc-25b">
         <name>.debug_info</name>
         <load_address>0xdf29</load_address>
         <run_address>0xdf29</run_address>
         <size>0x305</size>
         <input_file_ref idref="fl-df"/>
      </object_component>
      <object_component id="oc-260">
         <name>.debug_info</name>
         <load_address>0xe22e</load_address>
         <run_address>0xe22e</run_address>
         <size>0x4b1</size>
         <input_file_ref idref="fl-df"/>
      </object_component>
      <object_component id="oc-16c">
         <name>.debug_info</name>
         <load_address>0xe6df</load_address>
         <run_address>0xe6df</run_address>
         <size>0x5f5</size>
         <input_file_ref idref="fl-df"/>
      </object_component>
      <object_component id="oc-273">
         <name>.debug_info</name>
         <load_address>0xecd4</load_address>
         <run_address>0xecd4</run_address>
         <size>0x86</size>
         <input_file_ref idref="fl-df"/>
      </object_component>
      <object_component id="oc-36c">
         <name>.debug_info</name>
         <load_address>0xed5a</load_address>
         <run_address>0xed5a</run_address>
         <size>0x39</size>
         <input_file_ref idref="fl-df"/>
      </object_component>
      <object_component id="oc-3d8">
         <name>.debug_info</name>
         <load_address>0xed93</load_address>
         <run_address>0xed93</run_address>
         <size>0xb6</size>
         <input_file_ref idref="fl-df"/>
      </object_component>
      <object_component id="oc-371">
         <name>.debug_info</name>
         <load_address>0xee49</load_address>
         <run_address>0xee49</run_address>
         <size>0x46</size>
         <input_file_ref idref="fl-df"/>
      </object_component>
      <object_component id="oc-278">
         <name>.debug_info</name>
         <load_address>0xee8f</load_address>
         <run_address>0xee8f</run_address>
         <size>0x46</size>
         <input_file_ref idref="fl-df"/>
      </object_component>
      <object_component id="oc-3cc">
         <name>.debug_info</name>
         <load_address>0xeed5</load_address>
         <run_address>0xeed5</run_address>
         <size>0x29b</size>
         <input_file_ref idref="fl-e0"/>
      </object_component>
      <object_component id="oc-355">
         <name>.debug_info</name>
         <load_address>0xf170</load_address>
         <run_address>0xf170</run_address>
         <size>0x196</size>
         <input_file_ref idref="fl-e0"/>
      </object_component>
      <object_component id="oc-330">
         <name>.debug_info</name>
         <load_address>0xf306</load_address>
         <run_address>0xf306</run_address>
         <size>0x135</size>
         <input_file_ref idref="fl-e1"/>
      </object_component>
      <object_component id="oc-94">
         <name>.debug_info</name>
         <load_address>0xf43b</load_address>
         <run_address>0xf43b</run_address>
         <size>0x148</size>
         <input_file_ref idref="fl-e2"/>
      </object_component>
      <object_component id="oc-22c">
         <name>.debug_info</name>
         <load_address>0xf583</load_address>
         <run_address>0xf583</run_address>
         <size>0x4b4</size>
         <input_file_ref idref="fl-e3"/>
      </object_component>
      <object_component id="oc-138">
         <name>.debug_info</name>
         <load_address>0xfa37</load_address>
         <run_address>0xfa37</run_address>
         <size>0x1a7</size>
         <input_file_ref idref="fl-e3"/>
      </object_component>
      <object_component id="oc-317">
         <name>.debug_info</name>
         <load_address>0xfbde</load_address>
         <run_address>0xfbde</run_address>
         <size>0x39</size>
         <input_file_ref idref="fl-e3"/>
      </object_component>
      <object_component id="oc-3ae">
         <name>.debug_info</name>
         <load_address>0xfc17</load_address>
         <run_address>0xfc17</run_address>
         <size>0x39</size>
         <input_file_ref idref="fl-e3"/>
      </object_component>
      <object_component id="oc-31c">
         <name>.debug_info</name>
         <load_address>0xfc50</load_address>
         <run_address>0xfc50</run_address>
         <size>0x39</size>
         <input_file_ref idref="fl-e3"/>
      </object_component>
      <object_component id="oc-321">
         <name>.debug_info</name>
         <load_address>0xfc89</load_address>
         <run_address>0xfc89</run_address>
         <size>0xcd</size>
         <input_file_ref idref="fl-e3"/>
      </object_component>
      <object_component id="oc-9a">
         <name>.debug_info</name>
         <load_address>0xfd56</load_address>
         <run_address>0xfd56</run_address>
         <size>0x154</size>
         <input_file_ref idref="fl-e4"/>
      </object_component>
      <object_component id="oc-12a">
         <name>.debug_info</name>
         <load_address>0xfeaa</load_address>
         <run_address>0xfeaa</run_address>
         <size>0x123</size>
         <input_file_ref idref="fl-e6"/>
      </object_component>
      <object_component id="oc-30f">
         <name>.debug_info</name>
         <load_address>0xffcd</load_address>
         <run_address>0xffcd</run_address>
         <size>0x2ca</size>
         <input_file_ref idref="fl-e7"/>
      </object_component>
      <object_component id="oc-213">
         <name>.debug_info</name>
         <load_address>0x10297</load_address>
         <run_address>0x10297</run_address>
         <size>0x11f</size>
         <input_file_ref idref="fl-e7"/>
      </object_component>
      <object_component id="oc-30b">
         <name>.debug_info</name>
         <load_address>0x103b6</load_address>
         <run_address>0x103b6</run_address>
         <size>0x12f</size>
         <input_file_ref idref="fl-e7"/>
      </object_component>
      <object_component id="oc-32c">
         <name>.debug_info</name>
         <load_address>0x104e5</load_address>
         <run_address>0x104e5</run_address>
         <size>0x2ba</size>
         <input_file_ref idref="fl-e9"/>
      </object_component>
      <object_component id="oc-245">
         <name>.debug_info</name>
         <load_address>0x1079f</load_address>
         <run_address>0x1079f</run_address>
         <size>0x17d</size>
         <input_file_ref idref="fl-e9"/>
      </object_component>
      <object_component id="oc-3bc">
         <name>.debug_info</name>
         <load_address>0x1091c</load_address>
         <run_address>0x1091c</run_address>
         <size>0xfa</size>
         <input_file_ref idref="fl-ea"/>
      </object_component>
      <object_component id="oc-329">
         <name>.debug_info</name>
         <load_address>0x10a16</load_address>
         <run_address>0x10a16</run_address>
         <size>0x106</size>
         <input_file_ref idref="fl-ea"/>
      </object_component>
      <object_component id="oc-3c6">
         <name>.debug_info</name>
         <load_address>0x10b1c</load_address>
         <run_address>0x10b1c</run_address>
         <size>0x29c</size>
         <input_file_ref idref="fl-eb"/>
      </object_component>
      <object_component id="oc-335">
         <name>.debug_info</name>
         <load_address>0x10db8</load_address>
         <run_address>0x10db8</run_address>
         <size>0x1ce</size>
         <input_file_ref idref="fl-eb"/>
      </object_component>
      <object_component id="oc-362">
         <name>.debug_info</name>
         <load_address>0x10f86</load_address>
         <run_address>0x10f86</run_address>
         <size>0x297</size>
         <input_file_ref idref="fl-ec"/>
      </object_component>
      <object_component id="oc-266">
         <name>.debug_info</name>
         <load_address>0x1121d</load_address>
         <run_address>0x1121d</run_address>
         <size>0x1b7</size>
         <input_file_ref idref="fl-ec"/>
      </object_component>
      <object_component id="oc-3ce">
         <name>.debug_info</name>
         <load_address>0x113d4</load_address>
         <run_address>0x113d4</run_address>
         <size>0x29b</size>
         <input_file_ref idref="fl-ed"/>
      </object_component>
      <object_component id="oc-35d">
         <name>.debug_info</name>
         <load_address>0x1166f</load_address>
         <run_address>0x1166f</run_address>
         <size>0x263</size>
         <input_file_ref idref="fl-ed"/>
      </object_component>
      <object_component id="oc-369">
         <name>.debug_info</name>
         <load_address>0x118d2</load_address>
         <run_address>0x118d2</run_address>
         <size>0x290</size>
         <input_file_ref idref="fl-ee"/>
      </object_component>
      <object_component id="oc-26c">
         <name>.debug_info</name>
         <load_address>0x11b62</load_address>
         <run_address>0x11b62</run_address>
         <size>0x15b</size>
         <input_file_ref idref="fl-ee"/>
      </object_component>
      <object_component id="oc-3d1">
         <name>.debug_info</name>
         <load_address>0x11cbd</load_address>
         <run_address>0x11cbd</run_address>
         <size>0x46</size>
         <input_file_ref idref="fl-ee"/>
      </object_component>
      <object_component id="oc-364">
         <name>.debug_info</name>
         <load_address>0x11d03</load_address>
         <run_address>0x11d03</run_address>
         <size>0x39</size>
         <input_file_ref idref="fl-ee"/>
      </object_component>
      <object_component id="oc-3c2">
         <name>.debug_info</name>
         <load_address>0x11d3c</load_address>
         <run_address>0x11d3c</run_address>
         <size>0x116</size>
         <input_file_ref idref="fl-ef"/>
      </object_component>
      <object_component id="oc-29a">
         <name>.debug_info</name>
         <load_address>0x11e52</load_address>
         <run_address>0x11e52</run_address>
         <size>0x20e</size>
         <input_file_ref idref="fl-f0"/>
      </object_component>
      <object_component id="oc-292">
         <name>.debug_info</name>
         <load_address>0x12060</load_address>
         <run_address>0x12060</run_address>
         <size>0x157</size>
         <input_file_ref idref="fl-f0"/>
      </object_component>
      <object_component id="oc-190">
         <name>.debug_info</name>
         <load_address>0x121b7</load_address>
         <run_address>0x121b7</run_address>
         <size>0x2c1</size>
         <input_file_ref idref="fl-f0"/>
      </object_component>
      <object_component id="oc-2bc">
         <name>.debug_info</name>
         <load_address>0x12478</load_address>
         <run_address>0x12478</run_address>
         <size>0x23e</size>
         <input_file_ref idref="fl-f0"/>
      </object_component>
      <object_component id="oc-295">
         <name>.debug_info</name>
         <load_address>0x126b6</load_address>
         <run_address>0x126b6</run_address>
         <size>0x18b</size>
         <input_file_ref idref="fl-f0"/>
      </object_component>
      <object_component id="oc-388">
         <name>.debug_info</name>
         <load_address>0x12841</load_address>
         <run_address>0x12841</run_address>
         <size>0x212</size>
         <input_file_ref idref="fl-f1"/>
      </object_component>
      <object_component id="oc-416">
         <name>.debug_info</name>
         <load_address>0x12a53</load_address>
         <run_address>0x12a53</run_address>
         <size>0x96</size>
      </object_component>
      <object_component id="oc-168">
         <name>.debug_line</name>
         <load_address>0x0</load_address>
         <run_address>0x0</run_address>
         <size>0x69</size>
         <input_file_ref idref="fl-2"/>
      </object_component>
      <object_component id="oc-29c">
         <name>.debug_line</name>
         <load_address>0x69</load_address>
         <run_address>0x69</run_address>
         <size>0x2e</size>
         <input_file_ref idref="fl-2"/>
      </object_component>
      <object_component id="oc-f3">
         <name>.debug_line</name>
         <load_address>0x97</load_address>
         <run_address>0x97</run_address>
         <size>0x183</size>
         <input_file_ref idref="fl-2"/>
      </object_component>
      <object_component id="oc-77">
         <name>.debug_line</name>
         <load_address>0x21a</load_address>
         <run_address>0x21a</run_address>
         <size>0x6f</size>
         <input_file_ref idref="fl-2"/>
      </object_component>
      <object_component id="oc-39">
         <name>.debug_line</name>
         <load_address>0x289</load_address>
         <run_address>0x289</run_address>
         <size>0x20</size>
         <input_file_ref idref="fl-2"/>
      </object_component>
      <object_component id="oc-c0">
         <name>.debug_line</name>
         <load_address>0x2a9</load_address>
         <run_address>0x2a9</run_address>
         <size>0x73</size>
         <input_file_ref idref="fl-2"/>
      </object_component>
      <object_component id="oc-7c">
         <name>.debug_line</name>
         <load_address>0x31c</load_address>
         <run_address>0x31c</run_address>
         <size>0x70</size>
         <input_file_ref idref="fl-2"/>
      </object_component>
      <object_component id="oc-ed">
         <name>.debug_line</name>
         <load_address>0x38c</load_address>
         <run_address>0x38c</run_address>
         <size>0x99</size>
         <input_file_ref idref="fl-3"/>
      </object_component>
      <object_component id="oc-219">
         <name>.debug_line</name>
         <load_address>0x425</load_address>
         <run_address>0x425</run_address>
         <size>0x198</size>
         <input_file_ref idref="fl-4"/>
[...]
      <symbol id="sm-78">
         <name>timer_init</name>
         <value>0x1ebd</value>
         <object_component_ref idref="oc-f1"/>
      </symbol>
      <symbol id="sm-79">
         <name>timer_stop</name>
         <value>0x1f35</value>
         <object_component_ref idref="oc-f1"/>
      </symbol>
      <symbol id="sm-7a">
         <name>timer_getMicros</name>
         <value>0x1fdb</value>
         <object_component_ref idref="oc-f1"/>
      </symbol>
      <symbol id="sm-7b">
         <name>timer_waitMillis</name>
         <value>0x2069</value>
         <object_component_ref idref="oc-f1"/>
      </symbol>
      <symbol id="sm-7c">
         <name>timer_waitMicros</name>
         <value>0x2035</value>
         <object_component_ref idref="oc-f1"/>
      </symbol>
      <symbol id="sm-98">
         <name>button_getButton</name>
         <value>0x3597</value>
         <object_component_ref idref="oc-eb"/>
      </symbol>
      <symbol id="sm-99">
         <name>button_init</name>
         <value>0x3559</value>
         <object_component_ref idref="oc-eb"/>
      </symbol>
      <symbol id="sm-9a">
         <name>turnLED</name>
         <value>0x35bf</value>
         <object_component_ref idref="oc-eb"/>
      </symbol>
      <symbol id="sm-d6">
         <name>sendString</name>
         <value>0x2649</value>
         <object_component_ref idref="oc-9f"/>
      </symbol>
      <symbol id="sm-d7">
         <name>main</name>
         <value>0x2699</value>
         <object_component_ref idref="oc-9f"/>
      </symbol>
      <symbol id="sm-114">
         <name>lcd_sendCommand</name>
         <value>0x17cf</value>
         <object_component_ref idref="oc-f7"/>
      </symbol>
      <symbol id="sm-115">
         <name>lcd_sendNibble</name>
         <value>0x180d</value>
         <object_component_ref idref="oc-f7"/>
      </symbol>
      <symbol id="sm-116">
         <name>lcd_clear</name>
         <value>0x3d53</value>
         <object_component_ref idref="oc-199"/>
      </symbol>
      <symbol id="sm-117">
         <name>lcd_printf</name>
         <value>0x18b7</value>
         <object_component_ref idref="oc-f7"/>
      </symbol>
      <symbol id="sm-118">
         <name>lcd_setCursorPos</name>
         <value>0x1879</value>
         <object_component_ref idref="oc-f7"/>
      </symbol>
      <symbol id="sm-119">
         <name>lcd_init</name>
         <value>0x16b9</value>
         <object_component_ref idref="oc-f7"/>
      </symbol>
      <symbol id="sm-11a">
         <name>lcd_puts</name>
         <value>0x17b1</value>
         <object_component_ref idref="oc-f7"/>
      </symbol>
      <symbol id="sm-11b">
         <name>lcd_putc</name>
         <value>0x1779</value>
         <object_component_ref idref="oc-f7"/>
      </symbol>
      <symbol id="sm-11c">
         <name>lcd_reverseNibble</name>
         <value>0x167d</value>
         <object_component_ref idref="oc-f7"/>
      </symbol>
      <symbol id="sm-11d">
         <name>lcd_gotoLine</name>
         <value>0x1851</value>
         <object_component_ref idref="oc-f7"/>
      </symbol>
      <symbol id="sm-139">
         <name>ResetISR</name>
         <value>0x3d7d</value>
         <object_component_ref idref="oc-27"/>
      </symbol>
      <symbol id="sm-13a">
         <name>g_pfnVectors</name>
         <value>0x0</value>
         <object_component_ref idref="oc-f"/>
      </symbol>
      <symbol id="sm-15e">
         <name>cyBOT_Scan</name>
         <value>0x3961</value>
         <object_component_ref idref="oc-fd"/>
      </symbol>
      <symbol id="sm-15f">
         <name>cyBOT_init_Scan</name>
         <value>0x3951</value>
         <object_component_ref idref="oc-fd"/>
      </symbol>
      <symbol id="sm-17b">
         <name>isr_int_value</name>
         <value>0x20002300</value>
      </symbol>
      <symbol id="sm-17c">
         <name>ir_enableInterrupt</name>
         <value>0x3145</value>
         <object_component_ref idref="oc-1b7"/>
      </symbol>
      <symbol id="sm-17d">
         <name>ir_getDistance</name>
         <value>0x313d</value>
         <object_component_ref idref="oc-1b7"/>
      </symbol>
      <symbol id="sm-17e">
         <name>ir_init</name>
         <value>0x30c9</value>
         <object_component_ref idref="oc-1b7"/>
      </symbol>
      <symbol id="sm-17f">
         <name>ADC0SS0_Handler</name>
         <value>0x3175</value>
         <object_component_ref idref="oc-1b7"/>
      </symbol>
      <symbol id="sm-180">
         <name>ir_getValue</name>
         <value>0x3129</value>
         <object_component_ref idref="oc-1b7"/>
      </symbol>
      <symbol id="sm-1a7">
         <name>risingEdge</name>
         <value>0x20002308</value>
      </symbol>
      <symbol id="sm-1a8">
         <name>fallingEdge</name>
         <value>0x200022fc</value>
      </symbol>
      <symbol id="sm-1a9">
         <name>pulseLength</name>
         <value>0x20002304</value>
      </symbol>
      <symbol id="sm-1aa">
         <name>isRisingEdge</name>
         <value>0x2000230c</value>
      </symbol>
      <symbol id="sm-1ab">
         <name>TIMER3B_Handler</name>
         <value>0x2411</value>
         <object_component_ref idref="oc-1bd"/>
      </symbol>
      <symbol id="sm-1ac">
         <name>ping_init</name>
         <value>0x2339</value>
         <object_component_ref idref="oc-1bd"/>
      </symbol>
      <symbol id="sm-1ad">
         <name>ping_getDistance</name>
         <value>0x23db</value>
         <object_component_ref idref="oc-1bd"/>
      </symbol>
      <symbol id="sm-1ae">
         <name>ping_trigger</name>
         <value>0x22d5</value>
         <object_component_ref idref="oc-1bd"/>
      </symbol>
      <symbol id="sm-1c6">
         <name>servo_move</name>
         <value>0x31c3</value>
         <object_component_ref idref="oc-1c3"/>
      </symbol>
      <symbol id="sm-1c7">
         <name>servo_init</name>
         <value>0x31e3</value>
         <object_component_ref idref="oc-1c3"/>
      </symbol>
      <symbol id="sm-1c8">
         <name>servo_stop</name>
         <value>0x31a5</value>
         <object_component_ref idref="oc-1c3"/>
      </symbol>
      <symbol id="sm-1c9">
         <name>servo_setPWM</name>
         <value>0x31b1</value>
         <object_component_ref idref="oc-1c3"/>
      </symbol>
      <symbol id="sm-1fe">
         <name>isr_char_buffer</name>
         <value>0x200022c4</value>
      </symbol>
      <symbol id="sm-1ff">
         <name>cyBot_uart_init_clean</name>
         <value>0x1a5b</value>
         <object_component_ref idref="oc-df"/>
      </symbol>
      <symbol id="sm-200">
         <name>cyBot_sendByte</name>
         <value>0x19a5</value>
         <object_component_ref idref="oc-df"/>
      </symbol>
      <symbol id="sm-201">
         <name>cyBot_uart_sendStr</name>
         <value>0x19b1</value>
         <object_component_ref idref="oc-df"/>
      </symbol>
      <symbol id="sm-202">
         <name>cyBot_getByte_blocking</name>
         <value>0x1be3</value>
         <object_component_ref idref="oc-df"/>
      </symbol>
      <symbol id="sm-203">
         <name>cyBot_getByte_nonblocking</name>
         <value>0x1bc3</value>
         <object_component_ref idref="oc-df"/>
      </symbol>
      <symbol id="sm-204">
         <name>isr_counter</name>
         <value>0x20002320</value>
         <object_component_ref idref="oc-186"/>
      </symbol>
      <symbol id="sm-205">
         <name>cyBot_uart_sendBuffer</name>
         <value>0x19cb</value>
         <object_component_ref idref="oc-df"/>
      </symbol>
      <symbol id="sm-206">
         <name>cyBot_uart_init_PHJ_first_half</name>
         <value>0x1ab3</value>
         <object_component_ref idref="oc-df"/>
      </symbol>
      <symbol id="sm-207">
         <name>cyBot_uart_init_last_half</name>
         <value>0x19e3</value>
         <object_component_ref idref="oc-df"/>
      </symbol>
      <symbol id="sm-208">
         <name>cyBot_uart_flush</name>
         <value>0x1ba9</value>
         <object_component_ref idref="oc-df"/>
      </symbol>
      <symbol id="sm-209">
         <name>cyBot_UART1_Handler</name>
         <value>0x1bf1</value>
         <object_component_ref idref="oc-df"/>
      </symbol>
      <symbol id="sm-20a">
         <name>cyBot_uart_init</name>
         <value>0x1b13</value>
         <object_component_ref idref="oc-df"/>
      </symbol>
      <symbol id="sm-231">
         <name>sprintf</name>
         <value>0x3a25</value>
         <object_component_ref idref="oc-d9"/>
      </symbol>
      <symbol id="sm-25b">
         <name>vsnprintf</name>
         <value>0x3a65</value>
         <object_component_ref idref="oc-1a0"/>
      </symbol>
      <symbol id="sm-2f2">
         <name>pow</name>
         <value>0xcbd</value>
         <object_component_ref idref="oc-10e"/>
      </symbol>
      <symbol id="sm-2f3">
         <name>powl</name>
         <value>0xcbd</value>
         <object_component_ref idref="oc-10e"/>
      </symbol>
      <symbol id="sm-315">
         <name>sqrtl</name>
         <value>0x27f1</value>
         <object_component_ref idref="oc-1dd"/>
      </symbol>
      <symbol id="sm-316">
         <name>sqrt</name>
         <value>0x27f1</value>
         <object_component_ref idref="oc-1dd"/>
      </symbol>
      <symbol id="sm-33d">
         <name>scalbn</name>
         <value>0x2ce1</value>
         <object_component_ref idref="oc-1f6"/>
      </symbol>
      <symbol id="sm-33e">
         <name>scalbnl</name>
         <value>0x2ce1</value>
         <object_component_ref idref="oc-1f6"/>
      </symbol>
      <symbol id="sm-33f">
         <name>ldexpl</name>
         <value>0x2ce1</value>
         <object_component_ref idref="oc-1f6"/>
      </symbol>
      <symbol id="sm-340">
         <name>ldexp</name>
         <value>0x2ce1</value>
         <object_component_ref idref="oc-1f6"/>
      </symbol>
      <symbol id="sm-357">
         <name>__aeabi_dsub</name>
         <value>0x2491</value>
         <object_component_ref idref="oc-1d3"/>
      </symbol>
      <symbol id="sm-358">
         <name>__aeabi_dadd</name>
         <value>0x249b</value>
         <object_component_ref idref="oc-1d3"/>
      </symbol>
      <symbol id="sm-37a">
         <name>__aeabi_cdcmpeq</name>
         <value>0x344d</value>
         <object_component_ref idref="oc-1ec"/>
      </symbol>
      <symbol id="sm-37b">
         <name>__aeabi_cdcmple</name>
         <value>0x344d</value>
         <object_component_ref idref="oc-1ec"/>
      </symbol>
      <symbol id="sm-37c">
         <name>__aeabi_cdrcmple</name>
         <value>0x34d3</value>
         <object_component_ref idref="oc-1f1"/>
      </symbol>
      <symbol id="sm-390">
         <name>__aeabi_ddiv</name>
         <value>0x2a85</value>
         <object_component_ref idref="oc-1d8"/>
      </symbol>
      <symbol id="sm-39b">
         <name>__aeabi_dmul</name>
         <value>0x2df1</value>
         <object_component_ref idref="oc-114"/>
      </symbol>
      <symbol id="sm-3a5">
         <name>__aeabi_d2iz</name>
         <value>0x3999</value>
         <object_component_ref idref="oc-119"/>
      </symbol>
      <symbol id="sm-3b0">
         <name>__aeabi_f2d</name>
         <value>0x3ae3</value>
         <object_component_ref idref="oc-d4"/>
      </symbol>
      <symbol id="sm-3ba">
         <name>__aeabi_i2d</name>
         <value>0x3be5</value>
         <object_component_ref idref="oc-109"/>
      </symbol>
      <symbol id="sm-3d5">
         <name>memcpy</name>
         <value>0x331b</value>
         <object_component_ref idref="oc-3b"/>
      </symbol>
      <symbol id="sm-3d6">
         <name>__aeabi_memcpy</name>
         <value>0x331b</value>
         <object_component_ref idref="oc-3b"/>
      </symbol>
      <symbol id="sm-3d7">
         <name>__aeabi_memcpy8</name>
         <value>0x331b</value>
         <object_component_ref idref="oc-3b"/>
      </symbol>
      <symbol id="sm-3d8">
         <name>__aeabi_memcpy4</name>
         <value>0x331b</value>
         <object_component_ref idref="oc-3b"/>
      </symbol>
      <symbol id="sm-3f1">
         <name>__TI_zero_init_nomemset</name>
         <value>0x3c3d</value>
         <object_component_ref idref="oc-47"/>
      </symbol>
      <symbol id="sm-408">
         <name>__TI_decompress_none</name>
         <value>0x3d63</value>
         <object_component_ref idref="oc-18"/>
      </symbol>
      <symbol id="sm-42b">
         <name>__TI_decompress_lzss</name>
         <value>0x373d</value>
         <object_component_ref idref="oc-12"/>
      </symbol>
      <symbol id="sm-4be">
         <name>_sys_memory</name>
         <value>0x20001270</value>
         <object_component_ref idref="oc-21"/>
      </symbol>
      <symbol id="sm-4bf">
         <name>free</name>
         <value>0x2fe1</value>
         <object_component_ref idref="oc-11e"/>
      </symbol>
      <symbol id="sm-4c0">
         <name>memalign</name>
         <value>0x2eed</value>
         <object_component_ref idref="oc-2da"/>
      </symbol>
      <symbol id="sm-4c1">
         <name>calloc</name>
         <value>0x3bb5</value>
         <object_component_ref idref="oc-103"/>
      </symbol>
      <symbol id="sm-4c2">
         <name>malloc</name>
         <value>0x3d9d</value>
         <object_component_ref idref="oc-1cb"/>
      </symbol>
      <symbol id="sm-4c3">
         <name>aligned_alloc</name>
         <value>0x2eed</value>
         <object_component_ref idref="oc-2da"/>
      </symbol>
      <symbol id="sm-4d2">
         <name>strcmp</name>
         <value>0x3cdb</value>
         <object_component_ref idref="oc-1a6"/>
      </symbol>
      <symbol id="sm-4e0">
         <name>strcpy</name>
         <value>0x3d09</value>
         <object_component_ref idref="oc-1ac"/>
      </symbol>
      <symbol id="sm-4ee">
         <name>strlen</name>
         <value>0x3d1d</value>
         <object_component_ref idref="oc-e5"/>
      </symbol>
      <symbol id="sm-501">
         <name>__stack</name>
         <value>0x20000270</value>
         <object_component_ref idref="oc-24"/>
      </symbol>
      <symbol id="sm-502">
         <name>_c_int00_noargs</name>
         <value>0x3b51</value>
         <object_component_ref idref="oc-59"/>
      </symbol>
      <symbol id="sm-518">
         <name>__aeabi_errno_addr</name>
         <value>0x3d95</value>
         <object_component_ref idref="oc-1e3"/>
      </symbol>
      <symbol id="sm-519">
         <name>errno</name>
         <value>0x20002324</value>
         <object_component_ref idref="oc-2e5"/>
      </symbol>
      <symbol id="sm-523">
         <name>copysign</name>
         <value>0x3c91</value>
         <object_component_ref idref="oc-2ee"/>
      </symbol>
      <symbol id="sm-524">
         <name>copysignl</name>
         <value>0x3c91</value>
         <object_component_ref idref="oc-2ee"/>
      </symbol>
      <symbol id="sm-689">
         <name>__TI_printfi</name>
         <value>0x26d</value>
         <object_component_ref idref="oc-16a"/>
      </symbol>
      <symbol id="sm-69f">
         <name>frexpl</name>
         <value>0x37a5</value>
         <object_component_ref idref="oc-354"/>
      </symbol>
      <symbol id="sm-6a0">
         <name>frexp</name>
         <value>0x37a5</value>
         <object_component_ref idref="oc-354"/>
      </symbol>
      <symbol id="sm-6ad">
         <name>__aeabi_uldivmod</name>
         <value>0x33b7</value>
         <object_component_ref idref="oc-32d"/>
      </symbol>
      <symbol id="sm-6bc">
         <name>__aeabi_memset</name>
         <value>0x3657</value>
         <object_component_ref idref="oc-93"/>
      </symbol>
      <symbol id="sm-6bd">
         <name>memset</name>
         <value>0x365d</value>
         <object_component_ref idref="oc-93"/>
      </symbol>
      <symbol id="sm-6be">
         <name>__aeabi_memset8</name>
         <value>0x3657</value>
         <object_component_ref idref="oc-93"/>
      </symbol>
      <symbol id="sm-6bf">
         <name>__aeabi_memset4</name>
         <value>0x3657</value>
         <object_component_ref idref="oc-93"/>
      </symbol>
      <symbol id="sm-6c0">
         <name>__aeabi_memclr8</name>
         <value>0x3655</value>
         <object_component_ref idref="oc-93"/>
      </symbol>
      <symbol id="sm-6c1">
         <name>__aeabi_memclr4</name>
         <value>0x3655</value>
         <object_component_ref idref="oc-93"/>
      </symbol>
      <symbol id="sm-6c2">
         <name>__aeabi_memclr</name>
         <value>0x3655</value>
         <object_component_ref idref="oc-93"/>
      </symbol>
      <symbol id="sm-6ea">
         <name>__TI_auto_init_nobinit_nopinit</name>
         <value>0x39e1</value>
         <object_component_ref idref="oc-135"/>
      </symbol>
      <symbol id="sm-6f4">
         <name>_system_pre_init</name>
         <value>0x3da5</value>
         <object_component_ref idref="oc-99"/>
      </symbol>
      <symbol id="sm-700">
         <name>C$$EXIT</name>
         <value>0x3da9</value>
         <object_component_ref idref="oc-129"/>
      </symbol>
      <symbol id="sm-701">
         <name>abort</name>
         <value>0x3da9</value>
         <object_component_ref idref="oc-129"/>
      </symbol>
      <symbol id="sm-716">
         <name>_nop</name>
         <value>0xcbb</value>
         <object_component_ref idref="oc-307"/>
      </symbol>
      <symbol id="sm-717">
         <name>_lock</name>
         <value>0x20002310</value>
         <object_component_ref idref="oc-212"/>
      </symbol>
      <symbol id="sm-718">
         <name>_unlock</name>
         <value>0x20002314</value>
         <object_component_ref idref="oc-212"/>
      </symbol>
      <symbol id="sm-72f">
         <name>atoi</name>
         <value>0x3905</value>
         <object_component_ref idref="oc-241"/>
      </symbol>
      <symbol id="sm-73a">
         <name>_ctypes_</name>
         <value>0x3db0</value>
         <object_component_ref idref="oc-328"/>
      </symbol>
      <symbol id="sm-749">
         <name>ltoa</name>
         <value>0x385f</value>
         <object_component_ref idref="oc-333"/>
      </symbol>
      <symbol id="sm-759">
         <name>memccpy</name>
         <value>0x3c75</value>
         <object_component_ref idref="oc-265"/>
      </symbol>
      <symbol id="sm-769">
         <name>strchr</name>
         <value>0x3cf3</value>
         <object_component_ref idref="oc-35a"/>
      </symbol>
      <symbol id="sm-782">
         <name>wcslen</name>
         <value>0x3d31</value>
         <object_component_ref idref="oc-26b"/>
      </symbol>
      <symbol id="sm-78c">
         <name>__aeabi_idiv0</name>
         <value>0x2647</value>
         <object_component_ref idref="oc-3bf"/>
      </symbol>
      <symbol id="sm-78d">
         <name>__aeabi_ldiv0</name>
         <value>0x2647</value>
         <object_component_ref idref="oc-3bf"/>
      </symbol>
      <symbol id="sm-7b2">
         <name>IntRegister</name>
         <value>0x3b1d</value>
         <object_component_ref idref="oc-18e"/>
      </symbol>
      <symbol id="sm-7b3">
         <name>g_pfnRAMVectors</name>
         <value>0x20000000</value>
         <object_component_ref idref="oc-291"/>
      </symbol>
      <symbol id="sm-7b4">
         <name>IntMasterEnable</name>
         <value>0x3d43</value>
         <object_component_ref idref="oc-2bb"/>
      </symbol>
      <symbol id="sm-7be">
         <name>CPUcpsie</name>
         <value>0x3d71</value>
         <object_component_ref idref="oc-387"/>
      </symbol>
      <symbol id="sm-7bf">
         <name>__TI_static_base__</name>
         <value>0x0</value>
      </symbol>
      <symbol id="sm-7c2">
         <name>__mpu_init</name>
         <value>0x0</value>
      </symbol>
      <symbol id="sm-7c3">
         <name>_system_post_cinit</name>
         <value>0x0</value>
      </symbol>
   </symbol_table>
   <title>Link successful</title>
</link_info>
