******************************************************************************
                  TI ARM Linker PC v18.12.2                    
******************************************************************************
>> Linked Fri Feb 21 14:25:17 2020

OUTPUT FILE NAME:   <Lab5.out>
ENTRY POINT SYMBOL: "_c_int00_noargs"  address: 00002751


MEMORY CONFIGURATION

         name            origin    length      used     unused   attr    fill
----------------------  --------  ---------  --------  --------  ----  --------
  FLASH                 00000000   00040000  00002a8d  0003d573  R  X
  SRAM                  20000000   00008000  000012c9  00006d37  RW X


SEGMENT ALLOCATION MAP

run origin  load origin   length   init length attrs members
----------  ----------- ---------- ----------- ----- -------
00000000    00000000    00002a90   00002a90    r-x
  00000000    00000000    0000026c   0000026c    r-- .intvecs
  0000026c    0000026c    000026a4   000026a4    r-x .text
  00002910    00002910    0000013d   0000013d    r-- .const
  00002a50    00002a50    00000040   00000040    r-- .cinit
20000000    20000000    000012cd   00000000    rw-
  20000000    20000000    0000026c   00000000    rw- .vtable
  20000270    20000270    00001000   00000000    rw- .stack
  20001270    20001270    00000058   00000000    rw- .bss
  200012c8    200012c8    00000005   00000000    rw- .data


SECTION ALLOCATION MAP

 output                                  attributes/
section   page    origin      length       input sections
--------  ----  ----------  ----------   ----------------
.intvecs   0    00000000    0000026c     
                  00000000    0000026c     tm4c123gh6pm_startup_ccs.obj (.intvecs)

.text      0    0000026c    000026a4     
                  0000026c    00000a4e     rtsv7M4_T_le_v4SPD16_eabi.lib : _printfi.c.obj (.text:__TI_printfi)
                  00000cba    00000002                                   : div0.asm.obj (.text)
                  00000cbc    00000328     lcd.obj (.text)
                  00000fe4    00000270     rtsv7M4_T_le_v4SPD16_eabi.lib : _printfi.c.obj (.text:_pconv_a)
                  00001254    00000248     Timer.obj (.text)
                  0000149c    000001d0     rtsv7M4_T_le_v4SPD16_eabi.lib : _printfi.c.obj (.text:_pconv_g)
                  0000166c    000001b6                                   : fd_add_t2.asm.obj (.text)
                  00001822    00000002     --HOLE-- [fill = 0]
                  00001824    0000013c                                   : _printfi.c.obj (.text:_pconv_e)
                  00001960    00000136                                   : fd_div_t2.asm.obj (.text)
                  00001a96    00000002     --HOLE-- [fill = 0]
                  00001a98    00000128     uart.obj (.text)
                  00001bc0    00000124     rtsv7M4_T_le_v4SPD16_eabi.lib : _printfi.c.obj (.text:fcvt)
                  00001ce4    00000110                                   : s_scalbn.c.obj (.text:scalbn)
                  00001df4    000000fc                                   : fd_mul_t2.asm.obj (.text)
                  00001ef0    000000f4     lab5_template.obj (.text)
                  00001fe4    000000b1     rtsv7M4_T_le_v4SPD16_eabi.lib : _printfi.c.obj (.text:_ltostr)
                  00002095    00000001     --HOLE-- [fill = 0]
                  00002096    0000009c                                   : memcpy_t2.asm.obj (.text)
                  00002132    00000096                                   : ull_div_t2.asm.obj (.text)
                  000021c8    00000086                                   : fd_cmp_t2.asm.obj (.text:__aeabi_cdcmple)
                  0000224e    00000086                                   : fd_cmp_t2.asm.obj (.text:__aeabi_cdrcmple)
                  000022d4    0000007a                                   : memset_t2.asm.obj (.text)
                  0000234e    0000006e                                   : _printfi.c.obj (.text:_mcpy)
                  000023bc    00000068                                   : copy_decompress_lzss.c.obj (.text:decompress:lzss:__TI_decompress_lzss)
                  00002424    00000064                                   : s_frexp.c.obj (.text:frexp)
                  00002488    00000056                                   : _printfi.c.obj (.text:_pconv_f)
                  000024de    00000054                                   : ltoa.c.obj (.text:ltoa)
                  00002532    00000052                                   : _printfi.c.obj (.text:_ecpy)
                  00002584    0000004c                                   : atoi.c.obj (.text:atoi)
                  000025d0    00000048                                   : fd_toi_t2.asm.obj (.text)
                  00002618    00000044                                   : autoinit.c.obj (.text:__TI_auto_init_nobinit_nopinit:__TI_auto_init_nobinit_nopinit)
                  0000265c    00000040                                   : sprintf.c.obj (.text:sprintf)
                  0000269c    00000040                                   : vsnprintf.c.obj (.text:vsnprintf)
                  000026dc    0000003e                                   : _printfi.c.obj (.text:_fcpy)
                  0000271a    00000002     --HOLE-- [fill = 0]
                  0000271c    00000034     driverlib.lib : interrupt.obj (.text:IntRegister)
                  00002750    00000034     rtsv7M4_T_le_v4SPD16_eabi.lib : boot_cortex_m.c.obj (.text:_c_int00_noargs:_c_int00_noargs)
                  00002784    00000030                                   : vsnprintf.c.obj (.text:_outs)
                  000027b4    0000002e                                   : i_tofd_t2.asm.obj (.text)
                  000027e2    0000001c                                   : copy_zero_init.c.obj (.text:decompress:ZI:__TI_zero_init_nomemset:__TI_zero_init_nomemset)
                  000027fe    0000001c                                   : memccpy.c.obj (.text:memccpy)
                  0000281a    0000001a                                   : s_copysign.c.obj (.text:copysign)
                  00002834    00000018                                   : vsnprintf.c.obj (.text:_outc)
                  0000284c    00000018                                   : sprintf.c.obj (.text:_outs)
                  00002864    00000018                                   : strcmp.c.obj (.text:strcmp)
                  0000287c    00000016                                   : strchr.c.obj (.text:strchr)
                  00002892    00000014                                   : strcpy.c.obj (.text:strcpy)
                  000028a6    00000014                                   : strlen.c.obj (.text:strlen)
                  000028ba    00000012                                   : wcslen.c.obj (.text:wcslen)
                  000028cc    00000010     lcd.obj (.text:lcd_clear)
                  000028dc    0000000e     rtsv7M4_T_le_v4SPD16_eabi.lib : copy_decompress_none.c.obj (.text:decompress:none:__TI_decompress_none)
                  000028ea    0000000c     tm4c123gh6pm_startup_ccs.obj (.text)
                  000028f6    0000000a     rtsv7M4_T_le_v4SPD16_eabi.lib : sprintf.c.obj (.text:_outc)
                  00002900    00000008                                   : errno.c.obj (.text:__aeabi_errno_addr)
                  00002908    00000004                                   : pre_init.c.obj (.text:_system_pre_init)
                  0000290c    00000004                                   : exit.c.obj (.text:abort:abort)

.const     0    00002910    0000013d     
                  00002910    00000101     rtsv7M4_T_le_v4SPD16_eabi.lib : ctype.c.obj (.const:.string:_ctypes_)
                  00002a11    0000001f     lab5_template.obj (.const:.string:$P$T1$2)
                  00002a30    00000015     lab5_template.obj (.const:.string:$P$T0$1)
                  00002a45    00000004     lcd.obj (.const:.string:lineAddress$1)
                  00002a49    00000004     lcd.obj (.const:.string:lineAddresses$2)

.cinit     0    00002a50    00000040     
                  00002a50    0000000c     (__TI_handler_table)
                  00002a5c    00000004     --HOLE-- [fill = 0]
                  00002a60    00000008     (.cinit..bss.load) [load image, compression = zero_init]
                  00002a68    00000008     (.cinit..vtable.load) [load image, compression = zero_init]
                  00002a70    00000007     (.cinit..data.load) [load image, compression = lzss]
                  00002a77    00000001     --HOLE-- [fill = 0]
                  00002a78    00000018     (__TI_cinit_table)

.init_array 
*          0    00000000    00000000     UNINITIALIZED

.vtable    0    20000000    0000026c     UNINITIALIZED
                  20000000    0000026c     driverlib.lib : interrupt.obj (.vtable)

.bss       0    20001270    00000058     UNINITIALIZED
                  20001270    00000054     lcd.obj (.bss:lastbuffer$3)
                  200012c4    00000004     (.common:_timeout_ticks)

.data      0    200012c8    00000005     UNINITIALIZED
                  200012c8    00000004     rtsv7M4_T_le_v4SPD16_eabi.lib : errno.c.obj (.data)
                  200012cc    00000001     Timer.obj (.data)

.stack     0    20000270    00001000     UNINITIALIZED
                  20000270    00000004     rtsv7M4_T_le_v4SPD16_eabi.lib : boot_cortex_m.c.obj (.stack)
                  20000274    00000ffc     --HOLE--

MODULE SUMMARY

       Module                         code   ro data   rw data
       ------                         ----   -------   -------
    .\
       lcd.obj                        824    8         84     
       tm4c123gh6pm_startup_ccs.obj   12     620       0      
       Timer.obj                      584    0         5      
       lab5_template.obj              244    52        0      
       uart.obj                       296    0         0      
    +--+------------------------------+------+---------+---------+
       Total:                         1960   680       89     
                                                              
    C:/ti/TivaWare_C_Series-2.1.4.178/driverlib/ccs/Debug/driverlib.lib
       interrupt.obj                  52     0         620    
    +--+------------------------------+------+---------+---------+
       Total:                         52     0         620    
                                                              
    C:\ti\ccs910\ccs\tools\compiler\ti-cgt-arm_18.12.2.LTS\lib\rtsv7M4_T_le_v4SPD16_eabi.lib
       _printfi.c.obj                 4851   0         0      
       fd_add_t2.asm.obj              438    0         0      
       fd_div_t2.asm.obj              310    0         0      
       s_scalbn.c.obj                 272    0         0      
       fd_cmp_t2.asm.obj              268    0         0      
       ctype.c.obj                    0      257       0      
       fd_mul_t2.asm.obj              252    0         0      
       memcpy_t2.asm.obj              156    0         0      
       ull_div_t2.asm.obj             150    0         0      
       vsnprintf.c.obj                136    0         0      
       memset_t2.asm.obj              122    0         0      
       copy_decompress_lzss.c.obj     104    0         0      
       s_frexp.c.obj                  100    0         0      
       sprintf.c.obj                  98     0         0      
       ltoa.c.obj                     84     0         0      
       atoi.c.obj                     76     0         0      
       fd_toi_t2.asm.obj              72     0         0      
       autoinit.c.obj                 68     0         0      
       boot_cortex_m.c.obj            52     0         0      
       i_tofd_t2.asm.obj              46     0         0      
       copy_zero_init.c.obj           28     0         0      
       memccpy.c.obj                  28     0         0      
       s_copysign.c.obj               26     0         0      
       strcmp.c.obj                   24     0         0      
       strchr.c.obj                   22     0         0      
       strcpy.c.obj                   20     0         0      
       strlen.c.obj                   20     0         0      
       wcslen.c.obj                   18     0         0      
       copy_decompress_none.c.obj     14     0         0      
       errno.c.obj                    8      0         4      
       exit.c.obj                     4      0         0      
       pre_init.c.obj                 4      0         0      
       div0.asm.obj                   2      0         0      
    +--+------------------------------+------+---------+---------+
       Total:                         7873   257       4      
                                                              
       Stack:                         0      0         4096   
       Linker Generated:              0      59        0      
    +--+------------------------------+------+---------+---------+
       Grand Total:                   9885   996       4809   


LINKER GENERATED COPY TABLES

__TI_cinit_table @ 00002a78 records: 3, size/record: 8, table size: 24
	.bss: load addr=00002a60, load size=00000008 bytes, run addr=20001270, run size=00000058 bytes, compression=zero_init
	.vtable: load addr=00002a68, load size=00000008 bytes, run addr=20000000, run size=0000026c bytes, compression=zero_init
	.data: load addr=00002a70, load size=00000007 bytes, run addr=200012c8, run size=00000005 bytes, compression=lzss


LINKER GENERATED HANDLER TABLE

__TI_handler_table @ 00002a50 records: 3, size/record: 4, table size: 12
	index: 0, handler: __TI_zero_init
	index: 1, handler: __TI_decompress_lzss
	index: 2, handler: __TI_decompress_none


GLOBAL SYMBOLS: SORTED ALPHABETICALLY BY Name 

address   name                          
-------   ----                          
0000290d  C$$EXIT                       
0000271d  IntRegister                   
000028eb  ResetISR                      
20001270  __STACK_END                   
00001000  __STACK_SIZE                  
20000470  __STACK_TOP                   
00002a78  __TI_CINIT_Base               
00002a90  __TI_CINIT_Limit              
00002a50  __TI_Handler_Table_Base       
00002a5c  __TI_Handler_Table_Limit      
00002619  __TI_auto_init_nobinit_nopinit
000023bd  __TI_decompress_lzss          
000028dd  __TI_decompress_none          
ffffffff  __TI_pprof_out_hndl           
0000026d  __TI_printfi                  
ffffffff  __TI_prof_data_size           
ffffffff  __TI_prof_data_start          
00000000  __TI_static_base__            
000027e3  __TI_zero_init_nomemset       
000021c9  __aeabi_cdcmpeq               
000021c9  __aeabi_cdcmple               
0000224f  __aeabi_cdrcmple              
000025d1  __aeabi_d2iz                  
00001677  __aeabi_dadd                  
00001961  __aeabi_ddiv                  
00001df5  __aeabi_dmul                  
0000166d  __aeabi_dsub                  
00002901  __aeabi_errno_addr            
000027b5  __aeabi_i2d                   
00000cbb  __aeabi_idiv0                 
00000cbb  __aeabi_ldiv0                 
000022d5  __aeabi_memclr                
000022d5  __aeabi_memclr4               
000022d5  __aeabi_memclr8               
00002097  __aeabi_memcpy                
00002097  __aeabi_memcpy4               
00002097  __aeabi_memcpy8               
000022d7  __aeabi_memset                
000022d7  __aeabi_memset4               
000022d7  __aeabi_memset8               
00002133  __aeabi_uldivmod              
ffffffff  __binit__                     
ffffffff  __c_args__                    
UNDEFED   __mpu_init                    
20000270  __stack                       
00002751  _c_int00_noargs               
00002910  _ctypes_                      
200012cc  _running                      
UNDEFED   _system_post_cinit            
00002909  _system_pre_init              
200012c4  _timeout_ticks                
0000290d  abort                         
00002585  atoi                          
ffffffff  binit                         
0000281b  copysign                      
0000281b  copysignl                     
200012c8  errno                         
00002425  frexp                         
00002425  frexpl                        
20000000  g_pfnRAMVectors               
00000000  g_pfnVectors                  
000028cd  lcd_clear                     
00000e91  lcd_gotoLine                  
00000cf9  lcd_init                      
00000ef7  lcd_printf                    
00000db9  lcd_putc                      
00000df1  lcd_puts                      
00000cbd  lcd_reverseNibble             
00000e0f  lcd_sendCommand               
00000e4d  lcd_sendNibble                
00000eb9  lcd_setCursorPos              
00001ce5  ldexp                         
00001ce5  ldexpl                        
000024df  ltoa                          
00001ef1  main                          
000027ff  memccpy                       
00002097  memcpy                        
000022dd  memset                        
00001ce5  scalbn                        
00001ce5  scalbnl                       
0000265d  sprintf                       
0000287d  strchr                        
00002865  strcmp                        
00002893  strcpy                        
000028a7  strlen                        
00001373  timer_getMicros               
0000131b  timer_getMillis               
00001255  timer_init                    
000012f7  timer_pause                   
00001309  timer_resume                  
000012cd  timer_stop                    
000013cd  timer_waitMicros              
00001401  timer_waitMillis              
00001a99  uart_init                     
00001b45  uart_receive                  
00001b29  uart_sendChar                 
00001b65  uart_sendStr                  
0000269d  vsnprintf                     
000028bb  wcslen                        


GLOBAL SYMBOLS: SORTED BY Symbol Address 

address   name                          
-------   ----                          
00000000  __TI_static_base__            
00000000  g_pfnVectors                  
0000026d  __TI_printfi                  
00000cbb  __aeabi_idiv0                 
00000cbb  __aeabi_ldiv0                 
00000cbd  lcd_reverseNibble             
00000cf9  lcd_init                      
00000db9  lcd_putc                      
00000df1  lcd_puts                      
00000e0f  lcd_sendCommand               
00000e4d  lcd_sendNibble                
00000e91  lcd_gotoLine                  
00000eb9  lcd_setCursorPos              
00000ef7  lcd_printf                    
00001000  __STACK_SIZE                  
00001255  timer_init                    
000012cd  timer_stop                    
000012f7  timer_pause                   
00001309  timer_resume                  
0000131b  timer_getMillis               
00001373  timer_getMicros               
000013cd  timer_waitMicros              
00001401  timer_waitMillis              
0000166d  __aeabi_dsub                  
00001677  __aeabi_dadd                  
00001961  __aeabi_ddiv                  
00001a99  uart_init                     
00001b29  uart_sendChar                 
00001b45  uart_receive                  
00001b65  uart_sendStr                  
00001ce5  ldexp                         
00001ce5  ldexpl                        
00001ce5  scalbn                        
00001ce5  scalbnl                       
00001df5  __aeabi_dmul                  
00001ef1  main                          
00002097  __aeabi_memcpy                
00002097  __aeabi_memcpy4               
00002097  __aeabi_memcpy8               
00002097  memcpy                        
00002133  __aeabi_uldivmod              
000021c9  __aeabi_cdcmpeq               
000021c9  __aeabi_cdcmple               
0000224f  __aeabi_cdrcmple              
000022d5  __aeabi_memclr                
000022d5  __aeabi_memclr4               
000022d5  __aeabi_memclr8               
000022d7  __aeabi_memset                
000022d7  __aeabi_memset4               
000022d7  __aeabi_memset8               
000022dd  memset                        
000023bd  __TI_decompress_lzss          
00002425  frexp                         
00002425  frexpl                        
000024df  ltoa                          
00002585  atoi                          
000025d1  __aeabi_d2iz                  
00002619  __TI_auto_init_nobinit_nopinit
0000265d  sprintf                       
0000269d  vsnprintf                     
0000271d  IntRegister                   
00002751  _c_int00_noargs               
000027b5  __aeabi_i2d                   
000027e3  __TI_zero_init_nomemset       
000027ff  memccpy                       
0000281b  copysign                      
0000281b  copysignl                     
00002865  strcmp                        
0000287d  strchr                        
00002893  strcpy                        
000028a7  strlen                        
000028bb  wcslen                        
000028cd  lcd_clear                     
000028dd  __TI_decompress_none          
000028eb  ResetISR                      
00002901  __aeabi_errno_addr            
00002909  _system_pre_init              
0000290d  C$$EXIT                       
0000290d  abort                         
00002910  _ctypes_                      
00002a50  __TI_Handler_Table_Base       
00002a5c  __TI_Handler_Table_Limit      
00002a78  __TI_CINIT_Base               
00002a90  __TI_CINIT_Limit              
20000000  g_pfnRAMVectors               
20000270  __stack                       
20000470  __STACK_TOP                   
20001270  __STACK_END                   
200012c4  _timeout_ticks                
200012c8  errno                         
200012cc  _running                      
ffffffff  __TI_pprof_out_hndl           
ffffffff  __TI_prof_data_size           
ffffffff  __TI_prof_data_start          
ffffffff  __binit__                     
ffffffff  __c_args__                    
ffffffff  binit                         
UNDEFED   __mpu_init                    
UNDEFED   _system_post_cinit            

[99 symbols]
