******************************************************************************
                  TI ARM Linker PC v18.12.2                    
******************************************************************************
>> Linked Fri Mar  6 15:23:39 2020

OUTPUT FILE NAME:   <Lab6.out>
ENTRY POINT SYMBOL: "_c_int00_noargs"  address: 0000398d


MEMORY CONFIGURATION

         name            origin    length      used     unused   attr    fill
----------------------  --------  ---------  --------  --------  ----  --------
  FLASH                 00000000   00040000  00003d68  0003c298  R  X
  SRAM                  20000000   00008000  00002311  00005cef  RW X


SEGMENT ALLOCATION MAP

run origin  load origin   length   init length attrs members
----------  ----------- ---------- ----------- ----- -------
00000000    00000000    00003d68   00003d68    r-x
  00000000    00000000    0000026c   0000026c    r-- .intvecs
  0000026c    0000026c    00003994   00003994    r-x .text
  00003c00    00003c00    00000118   00000118    r-- .const
  00003d18    00003d18    00000050   00000050    r-- .cinit
20000000    20000000    00002315   00000000    rw-
  20000000    20000000    0000026c   00000000    rw- .vtable
  20000270    20000270    00001000   00000000    rw- .stack
  20001270    20001270    00001000   00000000    rw- .sysmem
  20002270    20002270    00000070   00000000    rw- .bss
  200022e0    200022e0    00000035   00000000    rw- .data


SECTION ALLOCATION MAP

 output                                  attributes/
section   page    origin      length       input sections
--------  ----  ----------  ----------   ----------------
.intvecs   0    00000000    0000026c     
                  00000000    0000026c     tm4c123gh6pm_startup_ccs.obj (.intvecs)

.text      0    0000026c    00003994     
                  0000026c    00000c20     open_interface.obj (.text)
                  00000e8c    00000a4e     rtsv7M4_T_le_v4SPD16_eabi.lib : _printfi.c.obj (.text:__TI_printfi)
                  000018da    00000002                                   : _lock.c.obj (.text:_nop)
                  000018dc    00000328     lcd.obj (.text)
                  00001c04    00000270     rtsv7M4_T_le_v4SPD16_eabi.lib : _printfi.c.obj (.text:_pconv_a)
                  00001e74    00000248     Timer.obj (.text)
                  000020bc    000001e8     movement.obj (.text)
                  000022a4    000001d0     rtsv7M4_T_le_v4SPD16_eabi.lib : _printfi.c.obj (.text:_pconv_g)
                  00002474    000001b6                                   : fd_add_t2.asm.obj (.text)
                  0000262a    00000002                                   : div0.asm.obj (.text)
                  0000262c    0000013c                                   : _printfi.c.obj (.text:_pconv_e)
                  00002768    00000136                                   : fd_div_t2.asm.obj (.text)
                  0000289e    00000002     --HOLE-- [fill = 0]
                  000028a0    00000128     uart.obj (.text)
                  000029c8    00000124     adc.obj (.text)
                  00002aec    00000124     rtsv7M4_T_le_v4SPD16_eabi.lib : _printfi.c.obj (.text:fcvt)
                  00002c10    00000110                                   : s_scalbn.c.obj (.text:scalbn)
                  00002d20    000000fc                                   : fd_mul_t2.asm.obj (.text)
                  00002e1c    000000f4                                   : memory.c.obj (.text:aligned_alloc)
                  00002f10    000000e8                                   : memory.c.obj (.text:free)
                  00002ff8    000000b6     IR_sensor.obj (.text)
                  000030ae    00000002     --HOLE-- [fill = 0]
                  000030b0    000000b1     rtsv7M4_T_le_v4SPD16_eabi.lib : _printfi.c.obj (.text:_ltostr)
                  00003161    00000001     --HOLE-- [fill = 0]
                  00003162    0000009c                                   : memcpy_t2.asm.obj (.text)
                  000031fe    00000096                                   : ull_div_t2.asm.obj (.text)
                  00003294    00000086                                   : fd_cmp_t2.asm.obj (.text:__aeabi_cdcmple)
                  0000331a    00000086                                   : fd_cmp_t2.asm.obj (.text:__aeabi_cdrcmple)
                  000033a0    0000007c                                   : memory.c.obj (.text:split)
                  0000341c    0000007a                                   : memset_t2.asm.obj (.text)
                  00003496    0000006e                                   : _printfi.c.obj (.text:_mcpy)
                  00003504    0000006e                                   : fd_tos_t2.asm.obj (.text)
                  00003572    00000068                                   : copy_decompress_lzss.c.obj (.text:decompress:lzss:__TI_decompress_lzss)
                  000035da    00000002     --HOLE-- [fill = 0]
                  000035dc    00000064                                   : s_frexp.c.obj (.text:frexp)
                  00003640    00000056                                   : _printfi.c.obj (.text:_pconv_f)
                  00003696    00000054                                   : ltoa.c.obj (.text:ltoa)
                  000036ea    00000052                                   : _printfi.c.obj (.text:_ecpy)
                  0000373c    0000004c                                   : atoi.c.obj (.text:atoi)
                  00003788    0000004c     lab6_template.obj (.text)
                  000037d4    00000048     rtsv7M4_T_le_v4SPD16_eabi.lib : fd_toi_t2.asm.obj (.text)
                  0000381c    00000044                                   : autoinit.c.obj (.text:__TI_auto_init_nobinit_nopinit:__TI_auto_init_nobinit_nopinit)
                  00003860    00000040                                   : sprintf.c.obj (.text:sprintf)
                  000038a0    00000040                                   : vsnprintf.c.obj (.text:vsnprintf)
                  000038e0    0000003e                                   : _printfi.c.obj (.text:_fcpy)
                  0000391e    00000038                                   : fs_tod_t2.asm.obj (.text)
                  00003956    00000002     --HOLE-- [fill = 0]
                  00003958    00000034     driverlib.lib : interrupt.obj (.text:IntRegister)
                  0000398c    00000034     rtsv7M4_T_le_v4SPD16_eabi.lib : boot_cortex_m.c.obj (.text:_c_int00_noargs:_c_int00_noargs)
                  000039c0    00000030                                   : vsnprintf.c.obj (.text:_outs)
                  000039f0    00000030                                   : memory.c.obj (.text:calloc)
                  00003a20    0000002e                                   : i_tofd_t2.asm.obj (.text)
                  00003a4e    00000002     --HOLE-- [fill = 0]
                  00003a50    00000028                                   : memory.c.obj (.text:free_list_insert)
                  00003a78    0000001c                                   : copy_zero_init.c.obj (.text:decompress:ZI:__TI_zero_init_nomemset:__TI_zero_init_nomemset)
                  00003a94    0000001c                                   : memory.c.obj (.text:free_list_remove)
                  00003ab0    0000001c                                   : memccpy.c.obj (.text:memccpy)
                  00003acc    0000001a                                   : s_copysign.c.obj (.text:copysign)
                  00003ae6    00000018                                   : vsnprintf.c.obj (.text:_outc)
                  00003afe    00000018                                   : sprintf.c.obj (.text:_outs)
                  00003b16    00000018     open_interface.obj (.text:oi_parseInt)
                  00003b2e    00000018     rtsv7M4_T_le_v4SPD16_eabi.lib : strcmp.c.obj (.text:strcmp)
                  00003b46    00000016                                   : strchr.c.obj (.text:strchr)
                  00003b5c    00000014                                   : strcpy.c.obj (.text:strcpy)
                  00003b70    00000014                                   : strlen.c.obj (.text:strlen)
                  00003b84    00000012                                   : wcslen.c.obj (.text:wcslen)
                  00003b96    00000010     driverlib.lib : interrupt.obj (.text:IntMasterEnable)
                  00003ba6    00000010     lcd.obj (.text:lcd_clear)
                  00003bb6    0000000e     rtsv7M4_T_le_v4SPD16_eabi.lib : copy_decompress_none.c.obj (.text:decompress:none:__TI_decompress_none)
                  00003bc4    0000000c     driverlib.lib : cpu.obj (.text:CPUcpsie)
                  00003bd0    0000000c     tm4c123gh6pm_startup_ccs.obj (.text)
                  00003bdc    0000000a     rtsv7M4_T_le_v4SPD16_eabi.lib : sprintf.c.obj (.text:_outc)
                  00003be6    00000002     --HOLE-- [fill = 0]
                  00003be8    00000008                                   : errno.c.obj (.text:__aeabi_errno_addr)
                  00003bf0    00000008                                   : memory.c.obj (.text:malloc)
                  00003bf8    00000004                                   : pre_init.c.obj (.text:_system_pre_init)
                  00003bfc    00000004                                   : exit.c.obj (.text:abort:abort)

.const     0    00003c00    00000118     
                  00003c00    00000101     rtsv7M4_T_le_v4SPD16_eabi.lib : ctype.c.obj (.const:.string:_ctypes_)
                  00003d01    0000000f     open_interface.obj (.const:.string:$P$T0$3)
                  00003d10    00000004     lcd.obj (.const:.string:lineAddress$1)
                  00003d14    00000004     lcd.obj (.const:.string:lineAddresses$2)

.cinit     0    00003d18    00000050     
                  00003d18    00000018     (.cinit..data.load) [load image, compression = lzss]
                  00003d30    0000000c     (__TI_handler_table)
                  00003d3c    00000004     --HOLE-- [fill = 0]
                  00003d40    00000008     (.cinit..bss.load) [load image, compression = zero_init]
                  00003d48    00000008     (.cinit..vtable.load) [load image, compression = zero_init]
                  00003d50    00000018     (__TI_cinit_table)

.init_array 
*          0    00000000    00000000     UNINITIALIZED

.vtable    0    20000000    0000026c     UNINITIALIZED
                  20000000    0000026c     driverlib.lib : interrupt.obj (.vtable)

.stack     0    20000270    00001000     UNINITIALIZED
                  20000270    00000004     rtsv7M4_T_le_v4SPD16_eabi.lib : boot_cortex_m.c.obj (.stack)
                  20000274    00000ffc     --HOLE--

.sysmem    0    20001270    00001000     UNINITIALIZED
                  20001270    00000010     rtsv7M4_T_le_v4SPD16_eabi.lib : memory.c.obj (.sysmem)
                  20001280    00000ff0     --HOLE--

.bss       0    20002270    00000070     UNINITIALIZED
                  20002270    00000054     lcd.obj (.bss:lastbuffer$3)
                  200022c4    00000018     open_interface.obj (.bss:firmware$2)
                  200022dc    00000004     (.common:_timeout_ticks)

.data      0    200022e0    00000035     UNINITIALIZED
                  200022e0    00000020     open_interface.obj (.data)
                  20002300    00000008     rtsv7M4_T_le_v4SPD16_eabi.lib : _lock.c.obj (.data:$O1$$)
                  20002308    00000008                                   : memory.c.obj (.data:$O1$$)
                  20002310    00000004                                   : errno.c.obj (.data)
                  20002314    00000001     Timer.obj (.data)

MODULE SUMMARY

       Module                         code    ro data   rw data
       ------                         ----    -------   -------
    .\
       open_interface.obj             3128    15        56     
       lcd.obj                        824     8         84     
       tm4c123gh6pm_startup_ccs.obj   12      620       0      
       Timer.obj                      584     0         5      
       movement.obj                   488     0         0      
       uart.obj                       296     0         0      
       adc.obj                        292     0         0      
       IR_sensor.obj                  182     0         0      
       lab6_template.obj              76      0         0      
    +--+------------------------------+-------+---------+---------+
       Total:                         5882    643       145    
                                                               
    C:/ti/TivaWare_C_Series-2.1.4.178/driverlib/ccs/Debug/driverlib.lib
       interrupt.obj                  68      0         620    
       cpu.obj                        12      0         0      
    +--+------------------------------+-------+---------+---------+
       Total:                         80      0         620    
                                                               
    C:\ti\ccs910\ccs\tools\compiler\ti-cgt-arm_18.12.2.LTS\lib\rtsv7M4_T_le_v4SPD16_eabi.lib
       _printfi.c.obj                 4851    0         0      
       memory.c.obj                   724     0         8      
       fd_add_t2.asm.obj              438     0         0      
       fd_div_t2.asm.obj              310     0         0      
       s_scalbn.c.obj                 272     0         0      
       fd_cmp_t2.asm.obj              268     0         0      
       ctype.c.obj                    0       257       0      
       fd_mul_t2.asm.obj              252     0         0      
       memcpy_t2.asm.obj              156     0         0      
       ull_div_t2.asm.obj             150     0         0      
       vsnprintf.c.obj                136     0         0      
       memset_t2.asm.obj              122     0         0      
       fd_tos_t2.asm.obj              110     0         0      
       copy_decompress_lzss.c.obj     104     0         0      
       s_frexp.c.obj                  100     0         0      
       sprintf.c.obj                  98      0         0      
       ltoa.c.obj                     84      0         0      
       atoi.c.obj                     76      0         0      
       fd_toi_t2.asm.obj              72      0         0      
       autoinit.c.obj                 68      0         0      
       fs_tod_t2.asm.obj              56      0         0      
       boot_cortex_m.c.obj            52      0         0      
       i_tofd_t2.asm.obj              46      0         0      
       copy_zero_init.c.obj           28      0         0      
       memccpy.c.obj                  28      0         0      
       s_copysign.c.obj               26      0         0      
       strcmp.c.obj                   24      0         0      
       strchr.c.obj                   22      0         0      
       strcpy.c.obj                   20      0         0      
       strlen.c.obj                   20      0         0      
       wcslen.c.obj                   18      0         0      
       copy_decompress_none.c.obj     14      0         0      
       errno.c.obj                    8       0         4      
       _lock.c.obj                    2       0         8      
       exit.c.obj                     4       0         0      
       pre_init.c.obj                 4       0         0      
       div0.asm.obj                   2       0         0      
    +--+------------------------------+-------+---------+---------+
       Total:                         8765    257       20     
                                                               
       Heap:                          0       0         4096   
       Stack:                         0       0         4096   
       Linker Generated:              0       76        0      
    +--+------------------------------+-------+---------+---------+
       Grand Total:                   14727   976       8977   


LINKER GENERATED COPY TABLES

__TI_cinit_table @ 00003d50 records: 3, size/record: 8, table size: 24
	.data: load addr=00003d18, load size=00000018 bytes, run addr=200022e0, run size=00000035 bytes, compression=lzss
	.bss: load addr=00003d40, load size=00000008 bytes, run addr=20002270, run size=00000070 bytes, compression=zero_init
	.vtable: load addr=00003d48, load size=00000008 bytes, run addr=20000000, run size=0000026c bytes, compression=zero_init


LINKER GENERATED HANDLER TABLE

__TI_handler_table @ 00003d30 records: 3, size/record: 4, table size: 12
	index: 0, handler: __TI_zero_init
	index: 1, handler: __TI_decompress_lzss
	index: 2, handler: __TI_decompress_none


GLOBAL SYMBOLS: SORTED ALPHABETICALLY BY Name 

address   name                          
-------   ----                          
00003bfd  C$$EXIT                       
00003bc5  CPUcpsie                      
00000bc3  GPIOF_Handler                 
0000305b  IR_read                       
00003b97  IntMasterEnable               
00003959  IntRegister                   
00003bd1  ResetISR                      
20001270  __STACK_END                   
00001000  __STACK_SIZE                  
20000470  __STACK_TOP                   
00001000  __SYSMEM_SIZE                 
00003d50  __TI_CINIT_Base               
00003d68  __TI_CINIT_Limit              
00003d30  __TI_Handler_Table_Base       
00003d3c  __TI_Handler_Table_Limit      
0000381d  __TI_auto_init_nobinit_nopinit
00003573  __TI_decompress_lzss          
00003bb7  __TI_decompress_none          
ffffffff  __TI_pprof_out_hndl           
00000e8d  __TI_printfi                  
ffffffff  __TI_prof_data_size           
ffffffff  __TI_prof_data_start          
00000000  __TI_static_base__            
00003a79  __TI_zero_init_nomemset       
00003295  __aeabi_cdcmpeq               
00003295  __aeabi_cdcmple               
0000331b  __aeabi_cdrcmple              
00003505  __aeabi_d2f                   
000037d5  __aeabi_d2iz                  
0000247f  __aeabi_dadd                  
00002769  __aeabi_ddiv                  
00002d21  __aeabi_dmul                  
00002475  __aeabi_dsub                  
00003be9  __aeabi_errno_addr            
0000391f  __aeabi_f2d                   
00003a21  __aeabi_i2d                   
0000262b  __aeabi_idiv0                 
0000262b  __aeabi_ldiv0                 
0000341d  __aeabi_memclr                
0000341d  __aeabi_memclr4               
0000341d  __aeabi_memclr8               
00003163  __aeabi_memcpy                
00003163  __aeabi_memcpy4               
00003163  __aeabi_memcpy8               
0000341f  __aeabi_memset                
0000341f  __aeabi_memset4               
0000341f  __aeabi_memset8               
000031ff  __aeabi_uldivmod              
ffffffff  __binit__                     
ffffffff  __c_args__                    
UNDEFED   __mpu_init                    
20000270  __stack                       
0000398d  _c_int00_noargs               
00003c00  _ctypes_                      
20002300  _lock                         
000018db  _nop                          
20002314  _running                      
20001270  _sys_memory                   
UNDEFED   _system_post_cinit            
00003bf9  _system_pre_init              
200022dc  _timeout_ticks                
20002304  _unlock                       
00003bfd  abort                         
000029c9  adc_init                      
00002a79  adc_print                     
00002a51  adc_read                      
00002e1d  aligned_alloc                 
0000373d  atoi                          
ffffffff  binit                         
000039f1  calloc                        
00003acd  copysign                      
00003acd  copysignl                     
20002310  errno                         
00002f11  free                          
000035dd  frexp                         
000035dd  frexpl                        
20000000  g_pfnRAMVectors               
00000000  g_pfnVectors                  
0000097f  go_charge                     
00002ff9  inital_IR_distances           
00003ba7  lcd_clear                     
00001ab1  lcd_gotoLine                  
00001919  lcd_init                      
00001b17  lcd_printf                    
000019d9  lcd_putc                      
00001a11  lcd_puts                      
000018dd  lcd_reverseNibble             
00001a2f  lcd_sendCommand               
00001a6d  lcd_sendNibble                
00001ad9  lcd_setCursorPos              
00002c11  ldexp                         
00002c11  ldexpl                        
00003697  ltoa                          
00003789  main                          
00003bf1  malloc                        
00002e1d  memalign                      
00003ab1  memccpy                       
00003163  memcpy                        
00003425  memset                        
200022e0  motor_cal_factor_L            
200022e4  motor_cal_factor_R            
00002137  move_backward                 
000020bd  move_forward                  
0000026d  oi_alloc                      
00000aa9  oi_checkFirmware              
000002c7  oi_close                      
00000279  oi_free                       
00000ded  oi_getMotorCalibrationLeft    
00000e01  oi_getMotorCalibrationRight   
000002b1  oi_init                       
00000289  oi_init_noupdate              
00000915  oi_loadSong                   
00003b17  oi_parseInt                   
0000032b  oi_parsePacket                
0000096b  oi_play_song                  
0000084b  oi_setLeds                    
00000db1  oi_setMotorCalibration        
0000088f  oi_setWheels                  
00000b51  oi_shutoff_init               
0000098d  oi_uartInit                   
00000a31  oi_uartReceive                
00000a77  oi_uartSendBuff               
00000a15  oi_uartSendChar               
00000a59  oi_uartSendStr                
000002d9  oi_update                     
00002c11  scalbn                        
00002c11  scalbnl                       
00003861  sprintf                       
00003b47  strchr                        
00003b2f  strcmp                        
00003b5d  strcpy                        
00003b71  strlen                        
00001f93  timer_getMicros               
00001f3b  timer_getMillis               
00001e75  timer_init                    
00001f17  timer_pause                   
00001f29  timer_resume                  
00001eed  timer_stop                    
00001fed  timer_waitMicros              
00002021  timer_waitMillis              
00002229  turn_left                     
000021b5  turn_right                    
000028a1  uart_init                     
0000294d  uart_receive                  
00002931  uart_sendChar                 
0000296d  uart_sendStr                  
000038a1  vsnprintf                     
00003b85  wcslen                        


GLOBAL SYMBOLS: SORTED BY Symbol Address 

address   name                          
-------   ----                          
00000000  __TI_static_base__            
00000000  g_pfnVectors                  
0000026d  oi_alloc                      
00000279  oi_free                       
00000289  oi_init_noupdate              
000002b1  oi_init                       
000002c7  oi_close                      
000002d9  oi_update                     
0000032b  oi_parsePacket                
0000084b  oi_setLeds                    
0000088f  oi_setWheels                  
00000915  oi_loadSong                   
0000096b  oi_play_song                  
0000097f  go_charge                     
0000098d  oi_uartInit                   
00000a15  oi_uartSendChar               
00000a31  oi_uartReceive                
00000a59  oi_uartSendStr                
00000a77  oi_uartSendBuff               
00000aa9  oi_checkFirmware              
00000b51  oi_shutoff_init               
00000bc3  GPIOF_Handler                 
00000db1  oi_setMotorCalibration        
00000ded  oi_getMotorCalibrationLeft    
00000e01  oi_getMotorCalibrationRight   
00000e8d  __TI_printfi                  
00001000  __STACK_SIZE                  
00001000  __SYSMEM_SIZE                 
000018db  _nop                          
000018dd  lcd_reverseNibble             
00001919  lcd_init                      
000019d9  lcd_putc                      
00001a11  lcd_puts                      
00001a2f  lcd_sendCommand               
00001a6d  lcd_sendNibble                
00001ab1  lcd_gotoLine                  
00001ad9  lcd_setCursorPos              
00001b17  lcd_printf                    
00001e75  timer_init                    
00001eed  timer_stop                    
00001f17  timer_pause                   
00001f29  timer_resume                  
00001f3b  timer_getMillis               
00001f93  timer_getMicros               
00001fed  timer_waitMicros              
00002021  timer_waitMillis              
000020bd  move_forward                  
00002137  move_backward                 
000021b5  turn_right                    
00002229  turn_left                     
00002475  __aeabi_dsub                  
0000247f  __aeabi_dadd                  
0000262b  __aeabi_idiv0                 
0000262b  __aeabi_ldiv0                 
00002769  __aeabi_ddiv                  
000028a1  uart_init                     
00002931  uart_sendChar                 
0000294d  uart_receive                  
0000296d  uart_sendStr                  
000029c9  adc_init                      
00002a51  adc_read                      
00002a79  adc_print                     
00002c11  ldexp                         
00002c11  ldexpl                        
00002c11  scalbn                        
00002c11  scalbnl                       
00002d21  __aeabi_dmul                  
00002e1d  aligned_alloc                 
00002e1d  memalign                      
00002f11  free                          
00002ff9  inital_IR_distances           
0000305b  IR_read                       
00003163  __aeabi_memcpy                
00003163  __aeabi_memcpy4               
00003163  __aeabi_memcpy8               
00003163  memcpy                        
000031ff  __aeabi_uldivmod              
00003295  __aeabi_cdcmpeq               
00003295  __aeabi_cdcmple               
0000331b  __aeabi_cdrcmple              
0000341d  __aeabi_memclr                
0000341d  __aeabi_memclr4               
0000341d  __aeabi_memclr8               
0000341f  __aeabi_memset                
0000341f  __aeabi_memset4               
0000341f  __aeabi_memset8               
00003425  memset                        
00003505  __aeabi_d2f                   
00003573  __TI_decompress_lzss          
000035dd  frexp                         
000035dd  frexpl                        
00003697  ltoa                          
0000373d  atoi                          
00003789  main                          
000037d5  __aeabi_d2iz                  
0000381d  __TI_auto_init_nobinit_nopinit
00003861  sprintf                       
000038a1  vsnprintf                     
0000391f  __aeabi_f2d                   
00003959  IntRegister                   
0000398d  _c_int00_noargs               
000039f1  calloc                        
00003a21  __aeabi_i2d                   
00003a79  __TI_zero_init_nomemset       
00003ab1  memccpy                       
00003acd  copysign                      
00003acd  copysignl                     
00003b17  oi_parseInt                   
00003b2f  strcmp                        
00003b47  strchr                        
00003b5d  strcpy                        
00003b71  strlen                        
00003b85  wcslen                        
00003b97  IntMasterEnable               
00003ba7  lcd_clear                     
00003bb7  __TI_decompress_none          
00003bc5  CPUcpsie                      
00003bd1  ResetISR                      
00003be9  __aeabi_errno_addr            
00003bf1  malloc                        
00003bf9  _system_pre_init              
00003bfd  C$$EXIT                       
00003bfd  abort                         
00003c00  _ctypes_                      
00003d30  __TI_Handler_Table_Base       
00003d3c  __TI_Handler_Table_Limit      
00003d50  __TI_CINIT_Base               
00003d68  __TI_CINIT_Limit              
20000000  g_pfnRAMVectors               
20000270  __stack                       
20000470  __STACK_TOP                   
20001270  __STACK_END                   
20001270  _sys_memory                   
200022dc  _timeout_ticks                
200022e0  motor_cal_factor_L            
200022e4  motor_cal_factor_R            
20002300  _lock                         
20002304  _unlock                       
20002310  errno                         
20002314  _running                      
ffffffff  __TI_pprof_out_hndl           
ffffffff  __TI_prof_data_size           
ffffffff  __TI_prof_data_start          
ffffffff  __binit__                     
ffffffff  __c_args__                    
ffffffff  binit                         
UNDEFED   __mpu_init                    
UNDEFED   _system_post_cinit            

[148 symbols]
