******************************************************************************
                  TI ARM Linker PC v18.12.2                    
******************************************************************************
>> Linked Fri Mar 13 15:00:27 2020

OUTPUT FILE NAME:   <Lab7.out>
ENTRY POINT SYMBOL: "_c_int00_noargs"  address: 00002855


MEMORY CONFIGURATION

         name            origin    length      used     unused   attr    fill
----------------------  --------  ---------  --------  --------  ----  --------
  FLASH                 00000000   00040000  00002b59  0003d4a7  R  X
  SRAM                  20000000   00008000  000022d9  00005d27  RW X


SEGMENT ALLOCATION MAP

run origin  load origin   length   init length attrs members
----------  ----------- ---------- ----------- ----- -------
00000000    00000000    00002b60   00002b60    r-x
  00000000    00000000    0000026c   0000026c    r-- .intvecs
  0000026c    0000026c    000027a4   000027a4    r-x .text
  00002a10    00002a10    00000109   00000109    r-- .const
  00002b20    00002b20    00000040   00000040    r-- .cinit
20000000    20000000    000022dd   00000000    rw-
  20000000    20000000    0000026c   00000000    rw- .vtable
  20000270    20000270    00001000   00000000    rw- .stack
  20001270    20001270    00001000   00000000    rw- .sysmem
  20002270    20002270    00000058   00000000    rw- .bss
  200022c8    200022c8    00000015   00000000    rw- .data


SECTION ALLOCATION MAP

 output                                  attributes/
section   page    origin      length       input sections
--------  ----  ----------  ----------   ----------------
.intvecs   0    00000000    0000026c     
                  00000000    0000026c     tm4c123gh6pm_startup_ccs.obj (.intvecs)

.text      0    0000026c    000027a4     
                  0000026c    00000a4e     rtsv7M4_T_le_v4SPD16_eabi.lib : _printfi.c.obj (.text:__TI_printfi)
                  00000cba    00000002                                   : div0.asm.obj (.text)
                  00000cbc    00000328     lcd.obj (.text)
                  00000fe4    00000270     rtsv7M4_T_le_v4SPD16_eabi.lib : _printfi.c.obj (.text:_pconv_a)
                  00001254    00000248     Timer.obj (.text)
                  0000149c    0000023c     ping.obj (.text)
                  000016d8    000001d0     rtsv7M4_T_le_v4SPD16_eabi.lib : _printfi.c.obj (.text:_pconv_g)
                  000018a8    000001b6                                   : fd_add_t2.asm.obj (.text)
                  00001a5e    00000002     --HOLE-- [fill = 0]
                  00001a60    0000013c                                   : _printfi.c.obj (.text:_pconv_e)
                  00001b9c    00000136                                   : fd_div_t2.asm.obj (.text)
                  00001cd2    00000002     --HOLE-- [fill = 0]
                  00001cd4    00000124                                   : _printfi.c.obj (.text:fcvt)
                  00001df8    00000110                                   : s_scalbn.c.obj (.text:scalbn)
                  00001f08    000000fc                                   : fd_mul_t2.asm.obj (.text)
                  00002004    000000b1                                   : _printfi.c.obj (.text:_ltostr)
                  000020b5    00000001     --HOLE-- [fill = 0]
                  000020b6    0000009c                                   : memcpy_t2.asm.obj (.text)
                  00002152    00000096                                   : ull_div_t2.asm.obj (.text)
                  000021e8    00000086                                   : fd_cmp_t2.asm.obj (.text:__aeabi_cdcmple)
                  0000226e    00000086                                   : fd_cmp_t2.asm.obj (.text:__aeabi_cdrcmple)
                  000022f4    0000007c     main.obj (.text)
                  00002370    0000007a     rtsv7M4_T_le_v4SPD16_eabi.lib : memset_t2.asm.obj (.text)
                  000023ea    0000006e                                   : _printfi.c.obj (.text:_mcpy)
                  00002458    0000006e                                   : fd_tos_t2.asm.obj (.text)
                  000024c6    00000068                                   : copy_decompress_lzss.c.obj (.text:decompress:lzss:__TI_decompress_lzss)
                  0000252e    00000002     --HOLE-- [fill = 0]
                  00002530    00000064                                   : s_frexp.c.obj (.text:frexp)
                  00002594    00000056                                   : _printfi.c.obj (.text:_pconv_f)
                  000025ea    00000054                                   : ltoa.c.obj (.text:ltoa)
                  0000263e    00000052                                   : _printfi.c.obj (.text:_ecpy)
                  00002690    0000004c                                   : atoi.c.obj (.text:atoi)
                  000026dc    00000048                                   : fd_toi_t2.asm.obj (.text)
                  00002724    00000044                                   : autoinit.c.obj (.text:__TI_auto_init_nobinit_nopinit:__TI_auto_init_nobinit_nopinit)
                  00002768    00000040                                   : vsnprintf.c.obj (.text:vsnprintf)
                  000027a8    0000003e                                   : _printfi.c.obj (.text:_fcpy)
                  000027e6    00000038                                   : fs_tod_t2.asm.obj (.text)
                  0000281e    00000002     --HOLE-- [fill = 0]
                  00002820    00000034     driverlib.lib : interrupt.obj (.text:IntRegister)
                  00002854    00000034     rtsv7M4_T_le_v4SPD16_eabi.lib : boot_cortex_m.c.obj (.text:_c_int00_noargs:_c_int00_noargs)
                  00002888    00000030                                   : vsnprintf.c.obj (.text:_outs)
                  000028b8    0000002e                                   : i_tofd_t2.asm.obj (.text)
                  000028e6    0000001c                                   : copy_zero_init.c.obj (.text:decompress:ZI:__TI_zero_init_nomemset:__TI_zero_init_nomemset)
                  00002902    0000001c                                   : memccpy.c.obj (.text:memccpy)
                  0000291e    0000001a                                   : s_copysign.c.obj (.text:copysign)
                  00002938    00000018                                   : vsnprintf.c.obj (.text:_outc)
                  00002950    00000018                                   : strcmp.c.obj (.text:strcmp)
                  00002968    00000016                                   : strchr.c.obj (.text:strchr)
                  0000297e    00000014                                   : strcpy.c.obj (.text:strcpy)
                  00002992    00000014                                   : strlen.c.obj (.text:strlen)
                  000029a6    00000012                                   : wcslen.c.obj (.text:wcslen)
                  000029b8    00000010     driverlib.lib : interrupt.obj (.text:IntMasterEnable)
                  000029c8    00000010     lcd.obj (.text:lcd_clear)
                  000029d8    0000000e     rtsv7M4_T_le_v4SPD16_eabi.lib : copy_decompress_none.c.obj (.text:decompress:none:__TI_decompress_none)
                  000029e6    0000000c     driverlib.lib : cpu.obj (.text:CPUcpsie)
                  000029f2    0000000c     tm4c123gh6pm_startup_ccs.obj (.text)
                  000029fe    00000002     --HOLE-- [fill = 0]
                  00002a00    00000008     rtsv7M4_T_le_v4SPD16_eabi.lib : errno.c.obj (.text:__aeabi_errno_addr)
                  00002a08    00000004                                   : pre_init.c.obj (.text:_system_pre_init)
                  00002a0c    00000004                                   : exit.c.obj (.text:abort:abort)

.const     0    00002a10    00000109     
                  00002a10    00000101     rtsv7M4_T_le_v4SPD16_eabi.lib : ctype.c.obj (.const:.string:_ctypes_)
                  00002b11    00000004     lcd.obj (.const:.string:lineAddress$1)
                  00002b15    00000004     lcd.obj (.const:.string:lineAddresses$2)

.cinit     0    00002b20    00000040     
                  00002b20    0000000c     (__TI_handler_table)
                  00002b2c    00000004     --HOLE-- [fill = 0]
                  00002b30    00000008     (.cinit..bss.load) [load image, compression = zero_init]
                  00002b38    00000008     (.cinit..data.load) [load image, compression = lzss]
                  00002b40    00000008     (.cinit..vtable.load) [load image, compression = zero_init]
                  00002b48    00000018     (__TI_cinit_table)

.init_array 
*          0    00000000    00000000     UNINITIALIZED

.vtable    0    20000000    0000026c     UNINITIALIZED
                  20000000    0000026c     driverlib.lib : interrupt.obj (.vtable)

.stack     0    20000270    00001000     UNINITIALIZED
                  20000270    00000004     rtsv7M4_T_le_v4SPD16_eabi.lib : boot_cortex_m.c.obj (.stack)
                  20000274    00000ffc     --HOLE--

.sysmem    0    20001270    00001000     UNINITIALIZED
                  20001270    00000010     rtsv7M4_T_le_v4SPD16_eabi.lib : memory.c.obj (.sysmem)
                  20001280    00000ff0     --HOLE--

.bss       0    20002270    00000058     UNINITIALIZED
                  20002270    00000054     lcd.obj (.bss:lastbuffer$3)
                  200022c4    00000004     (.common:_timeout_ticks)

.data      0    200022c8    00000015     UNINITIALIZED
                  200022c8    00000010     ping.obj (.data)
                  200022d8    00000004     rtsv7M4_T_le_v4SPD16_eabi.lib : errno.c.obj (.data)
                  200022dc    00000001     Timer.obj (.data)

MODULE SUMMARY

       Module                         code    ro data   rw data
       ------                         ----    -------   -------
    .\
       lcd.obj                        824     8         84     
       tm4c123gh6pm_startup_ccs.obj   12      620       0      
       Timer.obj                      584     0         5      
       ping.obj                       572     0         16     
       main.obj                       124     0         0      
    +--+------------------------------+-------+---------+---------+
       Total:                         2116    628       105    
                                                               
    C:/ti/TivaWare_C_Series-2.1.4.178/driverlib/ccs/Debug/driverlib.lib
       interrupt.obj                  68      0         620    
       cpu.obj                        12      0         0      
    +--+------------------------------+-------+---------+---------+
       Total:                         80      0         620    
                                                               
    C:\ti\ccs910\ccs\tools\compiler\ti-cgt-arm_18.12.2.LTS\lib\rtsv7M4_T_le_v4SPD16_eabi.lib
       _printfi.c.obj                 4851    0         0      
       fd_add_t2.asm.obj              438     0         0      
       fd_div_t2.asm.obj              310     0         0      
       s_scalbn.c.obj                 272     0         0      
       fd_cmp_t2.asm.obj              268     0         0      
       ctype.c.obj                    0       257       0      
       fd_mul_t2.asm.obj              252     0         0      
       memcpy_t2.asm.obj              156     0         0      
       ull_div_t2.asm.obj             150     0         0      
       vsnprintf.c.obj                136     0         0      
       memset_t2.asm.obj              122     0         0      
       fd_tos_t2.asm.obj              110     0         0      
       copy_decompress_lzss.c.obj     104     0         0      
       s_frexp.c.obj                  100     0         0      
       ltoa.c.obj                     84      0         0      
       atoi.c.obj                     76      0         0      
       fd_toi_t2.asm.obj              72      0         0      
       autoinit.c.obj                 68      0         0      
       fs_tod_t2.asm.obj              56      0         0      
       boot_cortex_m.c.obj            52      0         0      
       i_tofd_t2.asm.obj              46      0         0      
       copy_zero_init.c.obj           28      0         0      
       memccpy.c.obj                  28      0         0      
       s_copysign.c.obj               26      0         0      
       strcmp.c.obj                   24      0         0      
       strchr.c.obj                   22      0         0      
       strcpy.c.obj                   20      0         0      
       strlen.c.obj                   20      0         0      
       wcslen.c.obj                   18      0         0      
       copy_decompress_none.c.obj     14      0         0      
       errno.c.obj                    8       0         4      
       exit.c.obj                     4       0         0      
       pre_init.c.obj                 4       0         0      
       div0.asm.obj                   2       0         0      
    +--+------------------------------+-------+---------+---------+
       Total:                         7941    257       4      
                                                               
       Heap:                          0       0         4096   
       Stack:                         0       0         4096   
       Linker Generated:              0       60        0      
    +--+------------------------------+-------+---------+---------+
       Grand Total:                   10137   945       8921   


LINKER GENERATED COPY TABLES

__TI_cinit_table @ 00002b48 records: 3, size/record: 8, table size: 24
	.bss: load addr=00002b30, load size=00000008 bytes, run addr=20002270, run size=00000058 bytes, compression=zero_init
	.data: load addr=00002b38, load size=00000008 bytes, run addr=200022c8, run size=00000015 bytes, compression=lzss
	.vtable: load addr=00002b40, load size=00000008 bytes, run addr=20000000, run size=0000026c bytes, compression=zero_init


LINKER GENERATED HANDLER TABLE

__TI_handler_table @ 00002b20 records: 3, size/record: 4, table size: 12
	index: 0, handler: __TI_zero_init
	index: 1, handler: __TI_decompress_lzss
	index: 2, handler: __TI_decompress_none


GLOBAL SYMBOLS: SORTED ALPHABETICALLY BY Name 

address   name                          
-------   ----                          
00002a0d  C$$EXIT                       
000029e7  CPUcpsie                      
000029b9  IntMasterEnable               
00002821  IntRegister                   
000029f3  ResetISR                      
0000149d  TIMER3B_Handler               
20001270  __STACK_END                   
00001000  __STACK_SIZE                  
20000470  __STACK_TOP                   
00001000  __SYSMEM_SIZE                 
00002b48  __TI_CINIT_Base               
00002b60  __TI_CINIT_Limit              
00002b20  __TI_Handler_Table_Base       
00002b2c  __TI_Handler_Table_Limit      
00002725  __TI_auto_init_nobinit_nopinit
000024c7  __TI_decompress_lzss          
000029d9  __TI_decompress_none          
ffffffff  __TI_pprof_out_hndl           
0000026d  __TI_printfi                  
ffffffff  __TI_prof_data_size           
ffffffff  __TI_prof_data_start          
00000000  __TI_static_base__            
000028e7  __TI_zero_init_nomemset       
000021e9  __aeabi_cdcmpeq               
000021e9  __aeabi_cdcmple               
0000226f  __aeabi_cdrcmple              
00002459  __aeabi_d2f                   
000026dd  __aeabi_d2iz                  
000018b3  __aeabi_dadd                  
00001b9d  __aeabi_ddiv                  
00001f09  __aeabi_dmul                  
000018a9  __aeabi_dsub                  
00002a01  __aeabi_errno_addr            
000027e7  __aeabi_f2d                   
000028b9  __aeabi_i2d                   
00000cbb  __aeabi_idiv0                 
00000cbb  __aeabi_ldiv0                 
00002371  __aeabi_memclr                
00002371  __aeabi_memclr4               
00002371  __aeabi_memclr8               
000020b7  __aeabi_memcpy                
000020b7  __aeabi_memcpy4               
000020b7  __aeabi_memcpy8               
00002373  __aeabi_memset                
00002373  __aeabi_memset4               
00002373  __aeabi_memset8               
00002153  __aeabi_uldivmod              
ffffffff  __binit__                     
ffffffff  __c_args__                    
UNDEFED   __mpu_init                    
20000270  __stack                       
00002855  _c_int00_noargs               
00002a10  _ctypes_                      
200022dc  _running                      
20001270  _sys_memory                   
UNDEFED   _system_post_cinit            
00002a09  _system_pre_init              
200022c4  _timeout_ticks                
00002a0d  abort                         
00002691  atoi                          
ffffffff  binit                         
0000291f  copysign                      
0000291f  copysignl                     
200022cc  current_time                  
200022d8  errno                         
00002531  frexp                         
00002531  frexpl                        
20000000  g_pfnRAMVectors               
00000000  g_pfnVectors                  
200022c8  last_time                     
000029c9  lcd_clear                     
00000e91  lcd_gotoLine                  
00000cf9  lcd_init                      
00000ef7  lcd_printf                    
00000db9  lcd_putc                      
00000df1  lcd_puts                      
00000cbd  lcd_reverseNibble             
00000e0f  lcd_sendCommand               
00000e4d  lcd_sendNibble                
00000eb9  lcd_setCursorPos              
00001df9  ldexp                         
00001df9  ldexpl                        
000025eb  ltoa                          
000022f5  main                          
00002903  memccpy                       
000020b7  memcpy                        
00002379  memset                        
000015f9  ping_getClockCycles           
00001637  ping_getDistance              
000014cb  ping_init                     
00001595  ping_trigger                  
00001df9  scalbn                        
00001df9  scalbnl                       
00002969  strchr                        
00002951  strcmp                        
0000297f  strcpy                        
00002993  strlen                        
200022d0  time_diff                     
00001373  timer_getMicros               
0000131b  timer_getMillis               
00001255  timer_init                    
000012f7  timer_pause                   
00001309  timer_resume                  
000012cd  timer_stop                    
000013cd  timer_waitMicros              
00001401  timer_waitMillis              
200022d4  update_flag                   
00002769  vsnprintf                     
000029a7  wcslen                        


GLOBAL SYMBOLS: SORTED BY Symbol Address 

address   name                          
-------   ----                          
00000000  __TI_static_base__            
00000000  g_pfnVectors                  
0000026d  __TI_printfi                  
00000cbb  __aeabi_idiv0                 
00000cbb  __aeabi_ldiv0                 
00000cbd  lcd_reverseNibble             
00000cf9  lcd_init                      
00000db9  lcd_putc                      
00000df1  lcd_puts                      
00000e0f  lcd_sendCommand               
00000e4d  lcd_sendNibble                
00000e91  lcd_gotoLine                  
00000eb9  lcd_setCursorPos              
00000ef7  lcd_printf                    
00001000  __STACK_SIZE                  
00001000  __SYSMEM_SIZE                 
00001255  timer_init                    
000012cd  timer_stop                    
000012f7  timer_pause                   
00001309  timer_resume                  
0000131b  timer_getMillis               
00001373  timer_getMicros               
000013cd  timer_waitMicros              
00001401  timer_waitMillis              
0000149d  TIMER3B_Handler               
000014cb  ping_init                     
00001595  ping_trigger                  
000015f9  ping_getClockCycles           
00001637  ping_getDistance              
000018a9  __aeabi_dsub                  
000018b3  __aeabi_dadd                  
00001b9d  __aeabi_ddiv                  
00001df9  ldexp                         
00001df9  ldexpl                        
00001df9  scalbn                        
00001df9  scalbnl                       
00001f09  __aeabi_dmul                  
000020b7  __aeabi_memcpy                
000020b7  __aeabi_memcpy4               
000020b7  __aeabi_memcpy8               
000020b7  memcpy                        
00002153  __aeabi_uldivmod              
000021e9  __aeabi_cdcmpeq               
000021e9  __aeabi_cdcmple               
0000226f  __aeabi_cdrcmple              
000022f5  main                          
00002371  __aeabi_memclr                
00002371  __aeabi_memclr4               
00002371  __aeabi_memclr8               
00002373  __aeabi_memset                
00002373  __aeabi_memset4               
00002373  __aeabi_memset8               
00002379  memset                        
00002459  __aeabi_d2f                   
000024c7  __TI_decompress_lzss          
00002531  frexp                         
00002531  frexpl                        
000025eb  ltoa                          
00002691  atoi                          
000026dd  __aeabi_d2iz                  
00002725  __TI_auto_init_nobinit_nopinit
00002769  vsnprintf                     
000027e7  __aeabi_f2d                   
00002821  IntRegister                   
00002855  _c_int00_noargs               
000028b9  __aeabi_i2d                   
000028e7  __TI_zero_init_nomemset       
00002903  memccpy                       
0000291f  copysign                      
0000291f  copysignl                     
00002951  strcmp                        
00002969  strchr                        
0000297f  strcpy                        
00002993  strlen                        
000029a7  wcslen                        
000029b9  IntMasterEnable               
000029c9  lcd_clear                     
000029d9  __TI_decompress_none          
000029e7  CPUcpsie                      
000029f3  ResetISR                      
00002a01  __aeabi_errno_addr            
00002a09  _system_pre_init              
00002a0d  C$$EXIT                       
00002a0d  abort                         
00002a10  _ctypes_                      
00002b20  __TI_Handler_Table_Base       
00002b2c  __TI_Handler_Table_Limit      
00002b48  __TI_CINIT_Base               
00002b60  __TI_CINIT_Limit              
20000000  g_pfnRAMVectors               
20000270  __stack                       
20000470  __STACK_TOP                   
20001270  __STACK_END                   
20001270  _sys_memory                   
200022c4  _timeout_ticks                
200022c8  last_time                     
200022cc  current_time                  
200022d0  time_diff                     
200022d4  update_flag                   
200022d8  errno                         
200022dc  _running                      
ffffffff  __TI_pprof_out_hndl           
ffffffff  __TI_prof_data_size           
ffffffff  __TI_prof_data_start          
ffffffff  __binit__                     
ffffffff  __c_args__                    
ffffffff  binit                         
UNDEFED   __mpu_init                    
UNDEFED   _system_post_cinit            

[109 symbols]
